Component: ARM Compiler 5.06 update 7 (build 960) Tool: armlink [4d3601]

==============================================================================

Section Cross References

    main.o(.text) refers to _printf_pad.o(.text) for _printf_pre_padding
    main.o(.text) refers to _printf_percent.o(.ARM.Collect$$_printf_percent$$00000000) for _printf_percent
    main.o(.text) refers to _printf_x.o(.ARM.Collect$$_printf_percent$$0000000C) for _printf_x
    main.o(.text) refers to _printf_hex_int.o(.text) for _printf_longlong_hex
    main.o(.text) refers to misc.o(.text) for NVIC_PriorityGroupConfig
    main.o(.text) refers to delay.o(.text) for delay_init
    main.o(.text) refers to led.o(.text) for LED_Init
    main.o(.text) refers to can1.o(.text) for CAN1_Init
    main.o(.text) refers to timer2.o(.text) for TIM2_Init
    main.o(.text) refers to usart.o(.text) for USART1_Init
    main.o(.text) refers to rs485.o(.text) for RS485_Init
    main.o(.text) refers to states.o(.text) for setNodeId
    main.o(.text) refers to noretval__2printf.o(.text) for __2printf
    main.o(.text) refers to nmtmaster.o(.text) for masterSendNMTstateChange
    main.o(.text) refers to wheel.o(.text) for wheel_init
    main.o(.text) refers to motions.o(.text) for motion_stop_all
    main.o(.text) refers to master.o(.data) for Master_Data
    main.o(.text) refers to main.o(.conststring) for .conststring
    main.o(.text) refers to motions.o(.data) for current_motion
    main.o(.text) refers to usart.o(.data) for emergency_stop_flag
    system_stm32f4xx.o(.text) refers to system_stm32f4xx.o(.data) for SystemCoreClock
    motion_drinking.o(.text) refers to _printf_percent.o(.ARM.Collect$$_printf_percent$$00000000) for _printf_percent
    motion_drinking.o(.text) refers to _printf_u.o(.ARM.Collect$$_printf_percent$$0000000A) for _printf_u
    motion_drinking.o(.text) refers to _printf_dec.o(.text) for _printf_int_dec
    motion_drinking.o(.text) refers to epos_api.o(.text) for epos_disable
    motion_drinking.o(.text) refers to noretval__2printf.o(.text) for __2printf
    motion_drinking.o(.text) refers to timer2.o(.text) for get_tim2_tick
    motion_drinking.o(.text) refers to delay.o(.text) for delay_ms
    motion_drinking.o(.text) refers to motion_drinking.o(.bss) for ctx
    motion_elbow.o(.text) refers to _printf_percent.o(.ARM.Collect$$_printf_percent$$00000000) for _printf_percent
    motion_elbow.o(.text) refers to _printf_u.o(.ARM.Collect$$_printf_percent$$0000000A) for _printf_u
    motion_elbow.o(.text) refers to _printf_dec.o(.text) for _printf_int_dec
    motion_elbow.o(.text) refers to epos_api.o(.text) for epos_disable
    motion_elbow.o(.text) refers to noretval__2printf.o(.text) for __2printf
    motion_elbow.o(.text) refers to timer2.o(.text) for get_tim2_tick
    motion_elbow.o(.text) refers to delay.o(.text) for delay_ms
    motion_elbow.o(.text) refers to motion_elbow.o(.bss) for ctx
    motions.o(.text) refers to motion_drinking.o(.text) for motion_drinking_step
    motions.o(.text) refers to motion_elbow.o(.text) for motion_elbow_step
    motions.o(.text) refers to epos_api.o(.text) for epos_disable
    motions.o(.text) refers to wheel.o(.text) for wheel_emergency_stop
    motions.o(.text) refers to noretval__2printf.o(.text) for __2printf
    motions.o(.text) refers to motions.o(.data) for current_motion
    epos_api.o(.text) refers to _printf_pad.o(.text) for _printf_pre_padding
    epos_api.o(.text) refers to _printf_percent.o(.ARM.Collect$$_printf_percent$$00000000) for _printf_percent
    epos_api.o(.text) refers to _printf_d.o(.ARM.Collect$$_printf_percent$$00000009) for _printf_d
    epos_api.o(.text) refers to _printf_u.o(.ARM.Collect$$_printf_percent$$0000000A) for _printf_u
    epos_api.o(.text) refers to _printf_x.o(.ARM.Collect$$_printf_percent$$0000000C) for _printf_x
    epos_api.o(.text) refers to _printf_dec.o(.text) for _printf_int_dec
    epos_api.o(.text) refers to _printf_hex_int.o(.text) for _printf_longlong_hex
    epos_api.o(.text) refers to can1.o(.text) for canSend
    epos_api.o(.text) refers to noretval__2printf.o(.text) for __2printf
    epos_api.o(.text) refers to delay.o(.text) for delay_ms
    epos_api.o(.text) refers to epos_api.o(.bss) for g_vel
    led.o(.text) refers to stm32f4xx_rcc.o(.text) for RCC_AHB1PeriphClockCmd
    led.o(.text) refers to stm32f4xx_gpio.o(.text) for GPIO_Init
    led.o(.text) refers to delay.o(.text) for delay_ms
    wheel.o(.text) refers to _printf_percent.o(.ARM.Collect$$_printf_percent$$00000000) for _printf_percent
    wheel.o(.text) refers to _printf_d.o(.ARM.Collect$$_printf_percent$$00000009) for _printf_d
    wheel.o(.text) refers to _printf_s.o(.ARM.Collect$$_printf_percent$$00000014) for _printf_s
    wheel.o(.text) refers to _printf_dec.o(.text) for _printf_int_dec
    wheel.o(.text) refers to _printf_str.o(.text) for _printf_str
    wheel.o(.text) refers to rs485.o(.text) for MODBUS_WriteRegister
[...]
    i._is_digit                              0x0800e6b8   Section        0  __printf_wp.o(i._is_digit)
    x$fpl$fpinit                             0x0800e6c6   Section       10  fpinit.o(x$fpl$fpinit)
    $v0                                      0x0800e6c6   Number         0  fpinit.o(x$fpl$fpinit)
    .constdata                               0x0800e6d0   Section       64  states.o(.constdata)
    .constdata                               0x0800e710   Section       70  master.o(.constdata)
    .constdata                               0x0800e756   Section       40  _printf_hex_int.o(.constdata)
    uc_hextab                                0x0800e756   Data          20  _printf_hex_int.o(.constdata)
    lc_hextab                                0x0800e76a   Data          20  _printf_hex_int.o(.constdata)
    .constdata                               0x0800e77e   Section       17  __printf_flags_ss_wp.o(.constdata)
    maptable                                 0x0800e77e   Data          17  __printf_flags_ss_wp.o(.constdata)
    .conststring                             0x0800e790   Section       69  main.o(.conststring)
    .conststring                             0x0800e7d8   Section       68  pdo.o(.conststring)
    .conststring                             0x0800e81c   Section     1902  sdo.o(.conststring)
    .data                                    0x20000000   Section       20  system_stm32f4xx.o(.data)
    .data                                    0x20000014   Section        1  motions.o(.data)
    .data                                    0x20000018   Section        8  wheel.o(.data)
    wheel_state                              0x20000018   Data           1  wheel.o(.data)
    wheel_tick_ms                            0x2000001c   Data           4  wheel.o(.data)
    .data                                    0x20000020   Section        4  delay.o(.data)
    fac_us                                   0x20000020   Data           1  delay.o(.data)
    fac_ms                                   0x20000022   Data           2  delay.o(.data)
    .data                                    0x20000024   Section        8  usart.o(.data)
    .data                                    0x2000002c   Section        2  rs485.o(.data)
    rs485_rx_len                             0x2000002c   Data           1  rs485.o(.data)
    rs4852_rx_len                            0x2000002d   Data           1  rs485.o(.data)
    .data                                    0x2000002e   Section       16  stm32f4xx_rcc.o(.data)
    APBAHBPrescTable                         0x2000002e   Data          16  stm32f4xx_rcc.o(.data)
    .data                                    0x20000040   Section       12  timer.o(.data)
    .data                                    0x2000004c   Section      904  master.o(.data)
    .data                                    0x200003d4   Section        4  can1.o(.data)
    co_data                                  0x200003d4   Data           4  can1.o(.data)
    .data                                    0x200003d8   Section       12  timer2.o(.data)
    tim2_tick                                0x200003d8   Data           4  timer2.o(.data)
    .bss                                     0x200003e4   Section       12  motion_drinking.o(.bss)
    ctx                                      0x200003e4   Data          12  motion_drinking.o(.bss)
    .bss                                     0x200003f0   Section       12  motion_elbow.o(.bss)
    ctx                                      0x200003f0   Data          12  motion_elbow.o(.bss)
    .bss                                     0x200003fc   Section       72  epos_api.o(.bss)
    g_vel                                    0x20000408   Data          20  epos_api.o(.bss)
    g_acc                                    0x2000041c   Data          20  epos_api.o(.bss)
    g_dec                                    0x20000430   Data          20  epos_api.o(.bss)
    .bss                                     0x20000444   Section       64  rs485.o(.bss)
    rs485_rx_buf                             0x20000444   Data          32  rs485.o(.bss)
    rs4852_rx_buf                            0x20000464   Data          32  rs485.o(.bss)
    .bss                                     0x20000484   Section      192  timer.o(.bss)
    .bss                                     0x20000544   Section       96  libspace.o(.bss)
    HEAP                                     0x200005a8   Section      512  startup_stm32f40_41xxx.o(HEAP)
    Heap_Mem                                 0x200005a8   Data         512  startup_stm32f40_41xxx.o(HEAP)
    STACK                                    0x200007a8   Section     1024  startup_stm32f40_41xxx.o(STACK)
    Stack_Mem                                0x200007a8   Data        1024  startup_stm32f40_41xxx.o(STACK)
    __initial_sp                             0x20000ba8   Data           0  startup_stm32f40_41xxx.o(STACK)

    Global Symbols

    Symbol Name                              Value     Ov Type        Size  Object(Section)

    BuildAttributes$$THM_ISAv4$E$P$D$K$B$S$7EM$VFPi3$EXTD16$VFPS$VFMA$PE$A:L22UL41UL21$X:L11$S22US41US21$IEEE1$IW$USESV6$~STKCKD$USESV7$~SHL$OSPACE$ROPI$EBA8$UX$STANDARDLIB$REQ8$PRES8$EABIv2 0x00000000   Number         0  anon$$obj.o ABSOLUTE
    __ARM_use_no_argv                        0x00000000   Number         0  main.o ABSOLUTE
    _printf_flags                            0x00000000   Number         0  printf_stubs.o ABSOLUTE
    _printf_return_value                     0x00000000   Number         0  printf_stubs.o ABSOLUTE
    _printf_sizespec                         0x00000000   Number         0  printf_stubs.o ABSOLUTE
    _printf_widthprec                        0x00000000   Number         0  printf_stubs.o ABSOLUTE
    __ARM_exceptions_init                     - Undefined Weak Reference
    __alloca_initialize                       - Undefined Weak Reference
    __arm_fini_                               - Undefined Weak Reference
    __arm_preinit_                            - Undefined Weak Reference
    __cpp_initialize__aeabi_                  - Undefined Weak Reference
    __cxa_finalize                            - Undefined Weak Reference
    __rt_locale                               - Undefined Weak Reference
    __sigvec_lookup                           - Undefined Weak Reference
    _atexit_init                              - Undefined Weak Reference
    _call_atexit_fns                          - Undefined Weak Reference
    _clock_init                               - Undefined Weak Reference
    _fp_trap_init                             - Undefined Weak Reference
    _fp_trap_shutdown                         - Undefined Weak Reference
    _get_lc_collate                           - Undefined Weak Reference
    _get_lc_ctype                             - Undefined Weak Reference
    _get_lc_monetary                          - Undefined Weak Reference
    _get_lc_numeric                           - Undefined Weak Reference
    _get_lc_time                              - Undefined Weak Reference
    _getenv_init                              - Undefined Weak Reference
    _handle_redirection                       - Undefined Weak Reference
    _init_alloc                               - Undefined Weak Reference
    _init_user_alloc                          - Undefined Weak Reference
    _initio                                   - Undefined Weak Reference
    _mutex_acquire                            - Undefined Weak Reference
    _mutex_release                            - Undefined Weak Reference
    _printf_mbtowc                            - Undefined Weak Reference
    _printf_truncate_signed                   - Undefined Weak Reference
    _printf_truncate_unsigned                 - Undefined Weak Reference
    _rand_init                                - Undefined Weak Reference
    _signal_finish                            - Undefined Weak Reference
    _signal_init                              - Undefined Weak Reference
    _terminate_alloc                          - Undefined Weak Reference
    _terminate_user_alloc                     - Undefined Weak Reference
    _terminateio                              - Undefined Weak Reference
    __Vectors_Size                           0x00000188   Number         0  startup_stm32f40_41xxx.o ABSOLUTE
    __Vectors                                0x08000000   Data           4  startup_stm32f40_41xxx.o(RESET)
    __Vectors_End                            0x08000188   Data           0  startup_stm32f40_41xxx.o(RESET)
    __main                                   0x08000189   Thumb Code     8  __main.o(!!!main)
    __scatterload                            0x08000191   Thumb Code     0  __scatter.o(!!!scatter)
    __scatterload_rt2                        0x08000191   Thumb Code    44  __scatter.o(!!!scatter)
    __scatterload_rt2_thumb_only             0x08000191   Thumb Code     0  __scatter.o(!!!scatter)
    __scatterload_null                       0x0800019f   Thumb Code     0  __scatter.o(!!!scatter)
    __decompress                             0x080001c5   Thumb Code    90  __dczerorl2.o(!!dczerorl2)
    __decompress1                            0x080001c5   Thumb Code     0  __dczerorl2.o(!!dczerorl2)
    __scatterload_zeroinit                   0x08000221   Thumb Code    28  __scatter_zi.o(!!handler_zi)
    _printf_d                                0x0800023d   Thumb Code     0  _printf_d.o(.ARM.Collect$$_printf_percent$$00000009)
    _printf_percent                          0x0800023d   Thumb Code     0  _printf_percent.o(.ARM.Collect$$_printf_percent$$00000000)
    _printf_u                                0x08000243   Thumb Code     0  _printf_u.o(.ARM.Collect$$_printf_percent$$0000000A)
    _printf_x                                0x08000249   Thumb Code     0  _printf_x.o(.ARM.Collect$$_printf_percent$$0000000C)
    _printf_s                                0x0800024f   Thumb Code     0  _printf_s.o(.ARM.Collect$$_printf_percent$$00000014)
    _printf_percent_end                      0x08000255   Thumb Code     0  _printf_percent_end.o(.ARM.Collect$$_printf_percent$$00000017)
    __rt_lib_init                            0x08000259   Thumb Code     0  libinit.o(.ARM.Collect$$libinit$$00000000)
    __rt_lib_init_fp_1                       0x0800025b   Thumb Code     0  libinit2.o(.ARM.Collect$$libinit$$00000001)
    __rt_lib_init_alloca_1                   0x0800025f   Thumb Code     0  libinit2.o(.ARM.Collect$$libinit$$0000002E)
    __rt_lib_init_argv_1                     0x0800025f   Thumb Code     0  libinit2.o(.ARM.Collect$$libinit$$0000002C)
    __rt_lib_init_atexit_1                   0x0800025f   Thumb Code     0  libinit2.o(.ARM.Collect$$libinit$$0000001B)
    __rt_lib_init_clock_1                    0x0800025f   Thumb Code     0  libinit2.o(.ARM.Collect$$libinit$$00000021)
    __rt_lib_init_cpp_1                      0x0800025f   Thumb Code     0  libinit2.o(.ARM.Collect$$libinit$$00000032)
    __rt_lib_init_exceptions_1               0x0800025f   Thumb Code     0  libinit2.o(.ARM.Collect$$libinit$$00000030)
    __rt_lib_init_fp_trap_1                  0x0800025f   Thumb Code     0  libinit2.o(.ARM.Collect$$libinit$$0000001F)
    __rt_lib_init_getenv_1                   0x0800025f   Thumb Code     0  libinit2.o(.ARM.Collect$$libinit$$00000023)
    __rt_lib_init_heap_1                     0x0800025f   Thumb Code     0  libinit2.o(.ARM.Collect$$libinit$$0000000A)
    __rt_lib_init_lc_collate_1               0x0800025f   Thumb Code     0  libinit2.o(.ARM.Collect$$libinit$$00000011)
    __rt_lib_init_lc_ctype_1                 0x0800025f   Thumb Code     0  libinit2.o(.ARM.Collect$$libinit$$00000013)
    __rt_lib_init_lc_monetary_1              0x0800025f   Thumb Code     0  libinit2.o(.ARM.Collect$$libinit$$00000015)
    __rt_lib_init_lc_numeric_1               0x0800025f   Thumb Code     0  libinit2.o(.ARM.Collect$$libinit$$00000017)
    __rt_lib_init_lc_time_1                  0x0800025f   Thumb Code     0  libinit2.o(.ARM.Collect$$libinit$$00000019)
    __rt_lib_init_preinit_1                  0x0800025f   Thumb Code     0  libinit2.o(.ARM.Collect$$libinit$$00000004)
    __rt_lib_init_rand_1                     0x0800025f   Thumb Code     0  libinit2.o(.ARM.Collect$$libinit$$0000000E)
    __rt_lib_init_return                     0x0800025f   Thumb Code     0  libinit2.o(.ARM.Collect$$libinit$$00000033)
    __rt_lib_init_signal_1                   0x0800025f   Thumb Code     0  libinit2.o(.ARM.Collect$$libinit$$0000001D)
    __rt_lib_init_stdio_1                    0x0800025f   Thumb Code     0  libinit2.o(.ARM.Collect$$libinit$$00000025)
    __rt_lib_init_user_alloc_1               0x0800025f   Thumb Code     0  libinit2.o(.ARM.Collect$$libinit$$0000000C)
    __rt_lib_shutdown                        0x08000261   Thumb Code     0  libshutdown.o(.ARM.Collect$$libshutdown$$00000000)
    __rt_lib_shutdown_cpp_1                  0x08000263   Thumb Code     0  libshutdown2.o(.ARM.Collect$$libshutdown$$00000004)
    __rt_lib_shutdown_fini_1                 0x08000263   Thumb Code     0  libshutdown2.o(.ARM.Collect$$libshutdown$$00000002)
    __rt_lib_shutdown_fp_trap_1              0x08000263   Thumb Code     0  libshutdown2.o(.ARM.Collect$$libshutdown$$00000009)
    __rt_lib_shutdown_heap_1                 0x08000263   Thumb Code     0  libshutdown2.o(.ARM.Collect$$libshutdown$$00000011)
    __rt_lib_shutdown_return                 0x08000263   Thumb Code     0  libshutdown2.o(.ARM.Collect$$libshutdown$$00000012)
    __rt_lib_shutdown_signal_1               0x08000263   Thumb Code     0  libshutdown2.o(.ARM.Collect$$libshutdown$$0000000C)
    __rt_lib_shutdown_stdio_1                0x08000263   Thumb Code     0  libshutdown2.o(.ARM.Collect$$libshutdown$$00000006)
    __rt_lib_shutdown_user_alloc_1           0x08000263   Thumb Code     0  libshutdown2.o(.ARM.Collect$$libshutdown$$0000000E)
    __rt_entry                               0x08000265   Thumb Code     0  __rtentry.o(.ARM.Collect$$rtentry$$00000000)
    __rt_entry_presh_1                       0x08000265   Thumb Code     0  __rtentry2.o(.ARM.Collect$$rtentry$$00000002)
    __rt_entry_sh                            0x08000265   Thumb Code     0  __rtentry4.o(.ARM.Collect$$rtentry$$00000004)
    __rt_entry_li                            0x0800026b   Thumb Code     0  __rtentry2.o(.ARM.Collect$$rtentry$$0000000A)
    __rt_entry_postsh_1                      0x0800026b   Thumb Code     0  __rtentry2.o(.ARM.Collect$$rtentry$$00000009)
    __rt_entry_main                          0x0800026f   Thumb Code     0  __rtentry2.o(.ARM.Collect$$rtentry$$0000000D)
    __rt_entry_postli_1                      0x0800026f   Thumb Code     0  __rtentry2.o(.ARM.Collect$$rtentry$$0000000C)
    __rt_exit                                0x08000277   Thumb Code     0  rtexit.o(.ARM.Collect$$rtexit$$00000000)
    __rt_exit_ls                             0x08000279   Thumb Code     0  rtexit2.o(.ARM.Collect$$rtexit$$00000003)
    __rt_exit_prels_1                        0x08000279   Thumb Code     0  rtexit2.o(.ARM.Collect$$rtexit$$00000002)
    __rt_exit_exit                           0x0800027d   Thumb Code     0  rtexit2.o(.ARM.Collect$$rtexit$$00000004)
    main                                     0x08000285   Thumb Code   314  main.o(.text)
    NMI_Handler                              0x08000521   Thumb Code     2  stm32f4xx_it.o(.text)
    HardFault_Handler                        0x08000523   Thumb Code     4  stm32f4xx_it.o(.text)
    MemManage_Handler                        0x08000527   Thumb Code     4  stm32f4xx_it.o(.text)
    BusFault_Handler                         0x0800052b   Thumb Code     4  stm32f4xx_it.o(.text)
    UsageFault_Handler                       0x0800052f   Thumb Code     4  stm32f4xx_it.o(.text)
    SVC_Handler                              0x08000533   Thumb Code     2  stm32f4xx_it.o(.text)
    DebugMon_Handler                         0x08000535   Thumb Code     2  stm32f4xx_it.o(.text)
    PendSV_Handler                           0x08000537   Thumb Code     2  stm32f4xx_it.o(.text)
    SysTick_Handler                          0x08000539   Thumb Code     2  stm32f4xx_it.o(.text)
    SystemInit                               0x08000619   Thumb Code    88  system_stm32f4xx.o(.text)
    SystemCoreClockUpdate                    0x08000671   Thumb Code   174  system_stm32f4xx.o(.text)
    motion_drinking_stop                     0x0800074d   Thumb Code    42  motion_drinking.o(.text)
    motion_drinking_step                     0x0800080b   Thumb Code   712  motion_drinking.o(.text)
    motion_elbow_stop                        0x08000c61   Thumb Code    24  motion_elbow.o(.text)
    motion_elbow_step                        0x08000cdf   Thumb Code   222  motion_elbow.o(.text)
    motions_step                             0x08000e95   Thumb Code    60  motions.o(.text)
    motion_stop_all                          0x08000ed1   Thumb Code    52  motions.o(.text)
    epos_enable                              0x0800110d   Thumb Code   156  epos_api.o(.text)
    epos_enable_ex                           0x080011a9   Thumb Code   148  epos_api.o(.text)
    epos_disable                             0x0800123d   Thumb Code    36  epos_api.o(.text)
    epos_go                                  0x08001261   Thumb Code    64  epos_api.o(.text)
    epos_halt                                0x080012a1   Thumb Code    20  epos_api.o(.text)
    epos_set_velocity                        0x080012b5   Thumb Code    22  epos_api.o(.text)
    epos_set_acceleration                    0x080012cb   Thumb Code    22  epos_api.o(.text)
    epos_set_deceleration                    0x080012e1   Thumb Code    22  epos_api.o(.text)
    epos_config_motion                       0x080012f7   Thumb Code   386  epos_api.o(.text)
    epos_set_position                        0x08001479   Thumb Code    22  epos_api.o(.text)
    epos_set_mode                            0x0800148f   Thumb Code    22  epos_api.o(.text)
    epos_request_statusword                  0x080014a5   Thumb Code    18  epos_api.o(.text)
    epos_get_statusword                      0x080014b7   Thumb Code    22  epos_api.o(.text)
    epos_is_reached                          0x080014cd   Thumb Code    18  epos_api.o(.text)
    epos_is_enabled                          0x080014df   Thumb Code    18  epos_api.o(.text)
    epos_is_fault                            0x080014f1   Thumb Code    18  epos_api.o(.text)
    epos_enable_all                          0x08001503   Thumb Code    36  epos_api.o(.text)
    epos_disable_all                         0x08001527   Thumb Code    36  epos_api.o(.text)
    epos_all_reached                         0x0800154b   Thumb Code    44  epos_api.o(.text)
    LED_Init                                 0x080015b5   Thumb Code    78  led.o(.text)
    LED_StartupBlink                         0x08001603   Thumb Code    62  led.o(.text)
    LED0_Blink                               0x08001641   Thumb Code    46  led.o(.text)
    LED1_Blink                               0x0800166f   Thumb Code    42  led.o(.text)
    LED_AllBlink                             0x08001699   Thumb Code    62  led.o(.text)
    wheel_init                               0x08001741   Thumb Code    78  wheel.o(.text)
    wheel_step                               0x0800178f   Thumb Code    54  wheel.o(.text)
    wheel_emergency_stop                     0x080017c5   Thumb Code    18  wheel.o(.text)
    wheel_cmd_handler                        0x080017d7   Thumb Code    56  wheel.o(.text)
    delay_init                               0x080018a1   Thumb Code    52  delay.o(.text)
    delay_us                                 0x080018d5   Thumb Code    72  delay.o(.text)
    delay_xms                                0x0800191d   Thumb Code    72  delay.o(.text)
    delay_ms                                 0x08001965   Thumb Code    56  delay.o(.text)
    _sys_exit                                0x080019a5   Thumb Code     4  usart.o(.text)
    fputc                                    0x080019a9   Thumb Code    22  usart.o(.text)
    USART1_Init                              0x080019e1   Thumb Code   166  usart.o(.text)
    get_serial_cmd                           0x08001a87   Thumb Code    12  usart.o(.text)
    USART1_IRQHandler                        0x08001a93   Thumb Code    46  usart.o(.text)
    CRC16                                    0x08001ad1   Thumb Code    58  rs485.o(.text)
    RS485_Init                               0x08001b0b   Thumb Code   204  rs485.o(.text)
    USART3_IRQHandler                        0x08001bd7   Thumb Code    48  rs485.o(.text)
    RS485_SendBytes                          0x08001c07   Thumb Code    56  rs485.o(.text)
    MODBUS_WriteRegister                     0x08001caf   Thumb Code   180  rs485.o(.text)
    MODBUS_ReadRegister                      0x08001d63   Thumb Code   168  rs485.o(.text)
    RS4852_Init                              0x08001e0b   Thumb Code   202  rs485.o(.text)
    USART2_IRQHandler                        0x08001ed5   Thumb Code   508  rs485.o(.text)
    RS4852_SendBytes                         0x080020d1   Thumb Code    56  rs485.o(.text)
    MODBUS2_WriteRegister                    0x08002179   Thumb Code   180  rs485.o(.text)
    MODBUS2_ReadRegister                     0x0800222d   Thumb Code   168  rs485.o(.text)
    Reset_Handler                            0x0800243d   Thumb Code     8  startup_stm32f40_41xxx.o(.text)
    ADC_IRQHandler                           0x08002457   Thumb Code     0  startup_stm32f40_41xxx.o(.text)
    CAN1_RX1_IRQHandler                      0x08002457   Thumb Code     0  startup_stm32f40_41xxx.o(.text)
    CAN1_SCE_IRQHandler                      0x08002457   Thumb Code     0  startup_stm32f40_41xxx.o(.text)
    CAN1_TX_IRQHandler                       0x08002457   Thumb Code     0  startup_stm32f40_41xxx.o(.text)
    CAN2_RX0_IRQHandler                      0x08002457   Thumb Code     0  startup_stm32f40_41xxx.o(.text)
    CAN2_RX1_IRQHandler                      0x08002457   Thumb Code     0  startup_stm32f40_41xxx.o(.text)
    CAN2_SCE_IRQHandler                      0x08002457   Thumb Code     0  startup_stm32f40_41xxx.o(.text)
    CAN2_TX_IRQHandler                       0x08002457   Thumb Code     0  startup_stm32f40_41xxx.o(.text)
    CRYP_IRQHandler                          0x08002457   Thumb Code     0  startup_stm32f40_41xxx.o(.text)
    DCMI_IRQHandler                          0x08002457   Thumb Code     0  startup_stm32f40_41xxx.o(.text)
    DMA1_Stream0_IRQHandler                  0x08002457   Thumb Code     0  startup_stm32f40_41xxx.o(.text)
    DMA1_Stream1_IRQHandler                  0x08002457   Thumb Code     0  startup_stm32f40_41xxx.o(.text)
    DMA1_Stream2_IRQHandler                  0x08002457   Thumb Code     0  startup_stm32f40_41xxx.o(.text)
    DMA1_Stream3_IRQHandler                  0x08002457   Thumb Code     0  startup_stm32f40_41xxx.o(.text)
    DMA1_Stream4_IRQHandler                  0x08002457   Thumb Code     0  startup_stm32f40_41xxx.o(.text)
    DMA1_Stream5_IRQHandler                  0x08002457   Thumb Code     0  startup_stm32f40_41xxx.o(.text)
    DMA1_Stream6_IRQHandler                  0x08002457   Thumb Code     0  startup_stm32f40_41xxx.o(.text)
    DMA1_Stream7_IRQHandler                  0x08002457   Thumb Code     0  startup_stm32f40_41xxx.o(.text)
    DMA2_Stream0_IRQHandler                  0x08002457   Thumb Code     0  startup_stm32f40_41xxx.o(.text)
    DMA2_Stream1_IRQHandler                  0x08002457   Thumb Code     0  startup_stm32f40_41xxx.o(.text)
    DMA2_Stream2_IRQHandler                  0x08002457   Thumb Code     0  startup_stm32f40_41xxx.o(.text)
    DMA2_Stream3_IRQHandler                  0x08002457   Thumb Code     0  startup_stm32f40_41xxx.o(.text)
    DMA2_Stream4_IRQHandler                  0x08002457   Thumb Code     0  startup_stm32f40_41xxx.o(.text)
    DMA2_Stream5_IRQHandler                  0x08002457   Thumb Code     0  startup_stm32f40_41xxx.o(.text)
    DMA2_Stream6_IRQHandler                  0x08002457   Thumb Code     0  startup_stm32f40_41xxx.o(.text)
    DMA2_Stream7_IRQHandler                  0x08002457   Thumb Code     0  startup_stm32f40_41xxx.o(.text)
    ETH_IRQHandler                           0x08002457   Thumb Code     0  startup_stm32f40_41xxx.o(.text)
    ETH_WKUP_IRQHandler                      0x08002457   Thumb Code     0  startup_stm32f40_41xxx.o(.text)
    EXTI0_IRQHandler                         0x08002457   Thumb Code     0  startup_stm32f40_41xxx.o(.text)
    EXTI15_10_IRQHandler                     0x08002457   Thumb Code     0  startup_stm32f40_41xxx.o(.text)
    EXTI1_IRQHandler                         0x08002457   Thumb Code     0  startup_stm32f40_41xxx.o(.text)
    EXTI2_IRQHandler                         0x08002457   Thumb Code     0  startup_stm32f40_41xxx.o(.text)
    EXTI3_IRQHandler                         0x08002457   Thumb Code     0  startup_stm32f40_41xxx.o(.text)
    EXTI4_IRQHandler                         0x08002457   Thumb Code     0  startup_stm32f40_41xxx.o(.text)
    EXTI9_5_IRQHandler                       0x08002457   Thumb Code     0  startup_stm32f40_41xxx.o(.text)
    FLASH_IRQHandler                         0x08002457   Thumb Code     0  startup_stm32f40_41xxx.o(.text)
    FPU_IRQHandler                           0x08002457   Thumb Code     0  startup_stm32f40_41xxx.o(.text)
    FSMC_IRQHandler                          0x08002457   Thumb Code     0  startup_stm32f40_41xxx.o(.text)
    HASH_RNG_IRQHandler                      0x08002457   Thumb Code     0  startup_stm32f40_41xxx.o(.text)
    I2C1_ER_IRQHandler                       0x08002457   Thumb Code     0  startup_stm32f40_41xxx.o(.text)
    I2C1_EV_IRQHandler                       0x08002457   Thumb Code     0  startup_stm32f40_41xxx.o(.text)
    I2C2_ER_IRQHandler                       0x08002457   Thumb Code     0  startup_stm32f40_41xxx.o(.text)
    I2C2_EV_IRQHandler                       0x08002457   Thumb Code     0  startup_stm32f40_41xxx.o(.text)
    I2C3_ER_IRQHandler                       0x08002457   Thumb Code     0  startup_stm32f40_41xxx.o(.text)
    I2C3_EV_IRQHandler                       0x08002457   Thumb Code     0  startup_stm32f40_41xxx.o(.text)
    OTG_FS_IRQHandler                        0x08002457   Thumb Code     0  startup_stm32f40_41xxx.o(.text)
    OTG_FS_WKUP_IRQHandler                   0x08002457   Thumb Code     0  startup_stm32f40_41xxx.o(.text)
    OTG_HS_EP1_IN_IRQHandler                 0x08002457   Thumb Code     0  startup_stm32f40_41xxx.o(.text)
    OTG_HS_EP1_OUT_IRQHandler                0x08002457   Thumb Code     0  startup_stm32f40_41xxx.o(.text)
    OTG_HS_IRQHandler                        0x08002457   Thumb Code     0  startup_stm32f40_41xxx.o(.text)
    OTG_HS_WKUP_IRQHandler                   0x08002457   Thumb Code     0  startup_stm32f40_41xxx.o(.text)
    PVD_IRQHandler                           0x08002457   Thumb Code     0  startup_stm32f40_41xxx.o(.text)
    RCC_IRQHandler                           0x08002457   Thumb Code     0  startup_stm32f40_41xxx.o(.text)
    RTC_Alarm_IRQHandler                     0x08002457   Thumb Code     0  startup_stm32f40_41xxx.o(.text)
    RTC_WKUP_IRQHandler                      0x08002457   Thumb Code     0  startup_stm32f40_41xxx.o(.text)
    SDIO_IRQHandler                          0x08002457   Thumb Code     0  startup_stm32f40_41xxx.o(.text)
    SPI1_IRQHandler                          0x08002457   Thumb Code     0  startup_stm32f40_41xxx.o(.text)
    SPI2_IRQHandler                          0x08002457   Thumb Code     0  startup_stm32f40_41xxx.o(.text)
    SPI3_IRQHandler                          0x08002457   Thumb Code     0  startup_stm32f40_41xxx.o(.text)
    TAMP_STAMP_IRQHandler                    0x08002457   Thumb Code     0  startup_stm32f40_41xxx.o(.text)
    TIM1_BRK_TIM9_IRQHandler                 0x08002457   Thumb Code     0  startup_stm32f40_41xxx.o(.text)
    TIM1_CC_IRQHandler                       0x08002457   Thumb Code     0  startup_stm32f40_41xxx.o(.text)
    TIM1_TRG_COM_TIM11_IRQHandler            0x08002457   Thumb Code     0  startup_stm32f40_41xxx.o(.text)
    TIM1_UP_TIM10_IRQHandler                 0x08002457   Thumb Code     0  startup_stm32f40_41xxx.o(.text)
    TIM3_IRQHandler                          0x08002457   Thumb Code     0  startup_stm32f40_41xxx.o(.text)
    TIM4_IRQHandler                          0x08002457   Thumb Code     0  startup_stm32f40_41xxx.o(.text)
    TIM5_IRQHandler                          0x08002457   Thumb Code     0  startup_stm32f40_41xxx.o(.text)
    TIM6_DAC_IRQHandler                      0x08002457   Thumb Code     0  startup_stm32f40_41xxx.o(.text)
    TIM7_IRQHandler                          0x08002457   Thumb Code     0  startup_stm32f40_41xxx.o(.text)
    TIM8_BRK_TIM12_IRQHandler                0x08002457   Thumb Code     0  startup_stm32f40_41xxx.o(.text)
    TIM8_CC_IRQHandler                       0x08002457   Thumb Code     0  startup_stm32f40_41xxx.o(.text)
    TIM8_TRG_COM_TIM14_IRQHandler            0x08002457   Thumb Code     0  startup_stm32f40_41xxx.o(.text)
    TIM8_UP_TIM13_IRQHandler                 0x08002457   Thumb Code     0  startup_stm32f40_41xxx.o(.text)
    UART4_IRQHandler                         0x08002457   Thumb Code     0  startup_stm32f40_41xxx.o(.text)
    UART5_IRQHandler                         0x08002457   Thumb Code     0  startup_stm32f40_41xxx.o(.text)
    USART6_IRQHandler                        0x08002457   Thumb Code     0  startup_stm32f40_41xxx.o(.text)
    WWDG_IRQHandler                          0x08002457   Thumb Code     0  startup_stm32f40_41xxx.o(.text)
    __user_initial_stackheap                 0x08002459   Thumb Code     0  startup_stm32f40_41xxx.o(.text)
    NVIC_PriorityGroupConfig                 0x0800247d   Thumb Code    10  misc.o(.text)
    NVIC_Init                                0x08002487   Thumb Code   106  misc.o(.text)
    NVIC_SetVectorTable                      0x080024f1   Thumb Code    14  misc.o(.text)
    NVIC_SystemLPConfig                      0x080024ff   Thumb Code    34  misc.o(.text)
    SysTick_CLKSourceConfig                  0x08002521   Thumb Code    40  misc.o(.text)
    GPIO_DeInit                              0x0800255d   Thumb Code   268  stm32f4xx_gpio.o(.text)
    GPIO_Init                                0x08002669   Thumb Code   144  stm32f4xx_gpio.o(.text)
    GPIO_StructInit                          0x080026f9   Thumb Code    18  stm32f4xx_gpio.o(.text)
    GPIO_PinLockConfig                       0x0800270b   Thumb Code    34  stm32f4xx_gpio.o(.text)
    GPIO_ReadInputDataBit                    0x0800272d   Thumb Code    18  stm32f4xx_gpio.o(.text)
    GPIO_ReadInputData                       0x0800273f   Thumb Code     8  stm32f4xx_gpio.o(.text)
    GPIO_ReadOutputDataBit                   0x08002747   Thumb Code    18  stm32f4xx_gpio.o(.text)
    GPIO_ReadOutputData                      0x08002759   Thumb Code     8  stm32f4xx_gpio.o(.text)
    GPIO_SetBits                             0x08002761   Thumb Code     4  stm32f4xx_gpio.o(.text)
    GPIO_ResetBits                           0x08002765   Thumb Code     4  stm32f4xx_gpio.o(.text)
    GPIO_WriteBit                            0x08002769   Thumb Code    10  stm32f4xx_gpio.o(.text)
    GPIO_Write                               0x08002773   Thumb Code     4  stm32f4xx_gpio.o(.text)
    GPIO_ToggleBits                          0x08002777   Thumb Code     8  stm32f4xx_gpio.o(.text)
    GPIO_PinAFConfig                         0x0800277f   Thumb Code    70  stm32f4xx_gpio.o(.text)
    RCC_DeInit                               0x080027f1   Thumb Code    82  stm32f4xx_rcc.o(.text)
    RCC_HSEConfig                            0x08002843   Thumb Code    14  stm32f4xx_rcc.o(.text)
    RCC_GetFlagStatus                        0x08002851   Thumb Code    60  stm32f4xx_rcc.o(.text)
    RCC_WaitForHSEStartUp                    0x0800288d   Thumb Code    56  stm32f4xx_rcc.o(.text)
    RCC_AdjustHSICalibrationValue            0x080028c5   Thumb Code    20  stm32f4xx_rcc.o(.text)
    RCC_HSICmd                               0x080028d9   Thumb Code     6  stm32f4xx_rcc.o(.text)
    RCC_LSEConfig                            0x080028df   Thumb Code    46  stm32f4xx_rcc.o(.text)
    RCC_LSICmd                               0x0800290d   Thumb Code     6  stm32f4xx_rcc.o(.text)
    RCC_PLLConfig                            0x08002913   Thumb Code    32  stm32f4xx_rcc.o(.text)
    RCC_PLLCmd                               0x08002933   Thumb Code     6  stm32f4xx_rcc.o(.text)
    RCC_PLLI2SConfig                         0x08002939   Thumb Code    14  stm32f4xx_rcc.o(.text)
    RCC_PLLI2SCmd                            0x08002947   Thumb Code     6  stm32f4xx_rcc.o(.text)
    RCC_PLLSAIConfig                         0x0800294d   Thumb Code    20  stm32f4xx_rcc.o(.text)
    RCC_PLLSAICmd                            0x08002961   Thumb Code     6  stm32f4xx_rcc.o(.text)
    RCC_ClockSecuritySystemCmd               0x08002967   Thumb Code     6  stm32f4xx_rcc.o(.text)
    RCC_MCO1Config                           0x0800296d   Thumb Code    28  stm32f4xx_rcc.o(.text)
    RCC_MCO2Config                           0x08002989   Thumb Code    28  stm32f4xx_rcc.o(.text)
    RCC_SYSCLKConfig                         0x080029a5   Thumb Code    20  stm32f4xx_rcc.o(.text)
    RCC_GetSYSCLKSource                      0x080029b9   Thumb Code    12  stm32f4xx_rcc.o(.text)
    RCC_HCLKConfig                           0x080029c5   Thumb Code    20  stm32f4xx_rcc.o(.text)
    RCC_PCLK1Config                          0x080029d9   Thumb Code    20  stm32f4xx_rcc.o(.text)
    RCC_PCLK2Config                          0x080029ed   Thumb Code    22  stm32f4xx_rcc.o(.text)
    RCC_GetClocksFreq                        0x08002a03   Thumb Code   222  stm32f4xx_rcc.o(.text)
    RCC_RTCCLKConfig                         0x08002ae1   Thumb Code    54  stm32f4xx_rcc.o(.text)
    RCC_RTCCLKCmd                            0x08002b17   Thumb Code     8  stm32f4xx_rcc.o(.text)
    RCC_BackupResetCmd                       0x08002b1f   Thumb Code     8  stm32f4xx_rcc.o(.text)
    RCC_I2SCLKConfig                         0x08002b27   Thumb Code     6  stm32f4xx_rcc.o(.text)
    RCC_SAIPLLI2SClkDivConfig                0x08002b2d   Thumb Code    26  stm32f4xx_rcc.o(.text)
    RCC_SAIPLLSAIClkDivConfig                0x08002b47   Thumb Code    28  stm32f4xx_rcc.o(.text)
    RCC_SAIBlockACLKConfig                   0x08002b63   Thumb Code    20  stm32f4xx_rcc.o(.text)
    RCC_SAIBlockBCLKConfig                   0x08002b77   Thumb Code    20  stm32f4xx_rcc.o(.text)
    RCC_LTDCCLKDivConfig                     0x08002b8b   Thumb Code    20  stm32f4xx_rcc.o(.text)
    RCC_TIMCLKPresConfig                     0x08002b9f   Thumb Code     6  stm32f4xx_rcc.o(.text)
    RCC_AHB1PeriphClockCmd                   0x08002ba5   Thumb Code    34  stm32f4xx_rcc.o(.text)
    RCC_AHB2PeriphClockCmd                   0x08002bc7   Thumb Code    78  stm32f4xx_rcc.o(.text)
    RCC_AHB3PeriphClockCmd                   0x08002c15   Thumb Code    34  stm32f4xx_rcc.o(.text)
    RCC_APB1PeriphClockCmd                   0x08002c37   Thumb Code    34  stm32f4xx_rcc.o(.text)
    RCC_APB2PeriphClockCmd                   0x08002c59   Thumb Code    34  stm32f4xx_rcc.o(.text)
    RCC_AHB1PeriphResetCmd                   0x08002c7b   Thumb Code    34  stm32f4xx_rcc.o(.text)
    RCC_AHB2PeriphResetCmd                   0x08002c9d   Thumb Code    34  stm32f4xx_rcc.o(.text)
    RCC_AHB3PeriphResetCmd                   0x08002cbf   Thumb Code    34  stm32f4xx_rcc.o(.text)
    RCC_APB1PeriphResetCmd                   0x08002ce1   Thumb Code    34  stm32f4xx_rcc.o(.text)
    RCC_APB2PeriphResetCmd                   0x08002d03   Thumb Code    34  stm32f4xx_rcc.o(.text)
    RCC_AHB1PeriphClockLPModeCmd             0x08002d25   Thumb Code    34  stm32f4xx_rcc.o(.text)
    RCC_AHB2PeriphClockLPModeCmd             0x08002d47   Thumb Code    34  stm32f4xx_rcc.o(.text)
    RCC_AHB3PeriphClockLPModeCmd             0x08002d69   Thumb Code    34  stm32f4xx_rcc.o(.text)
    RCC_APB1PeriphClockLPModeCmd             0x08002d8b   Thumb Code    34  stm32f4xx_rcc.o(.text)
    RCC_APB2PeriphClockLPModeCmd             0x08002dad   Thumb Code    34  stm32f4xx_rcc.o(.text)
    RCC_LSEModeConfig                        0x08002dcf   Thumb Code    40  stm32f4xx_rcc.o(.text)
    RCC_ITConfig                             0x08002df7   Thumb Code    34  stm32f4xx_rcc.o(.text)
    RCC_ClearFlag                            0x08002e19   Thumb Code    18  stm32f4xx_rcc.o(.text)
    RCC_GetITStatus                          0x08002e2b   Thumb Code    22  stm32f4xx_rcc.o(.text)
    RCC_ClearITPendingBit                    0x08002e41   Thumb Code     8  stm32f4xx_rcc.o(.text)
    USART_DeInit                             0x08002e4d   Thumb Code   206  stm32f4xx_usart.o(.text)
    USART_Init                               0x08002f1b   Thumb Code   204  stm32f4xx_usart.o(.text)
    USART_StructInit                         0x08002fe7   Thumb Code    24  stm32f4xx_usart.o(.text)
    USART_ClockInit                          0x08002fff   Thumb Code    32  stm32f4xx_usart.o(.text)
    USART_ClockStructInit                    0x0800301f   Thumb Code    12  stm32f4xx_usart.o(.text)
    USART_Cmd                                0x0800302b   Thumb Code    24  stm32f4xx_usart.o(.text)
    USART_SetPrescaler                       0x08003043   Thumb Code    16  stm32f4xx_usart.o(.text)
    USART_OverSampling8Cmd                   0x08003053   Thumb Code    22  stm32f4xx_usart.o(.text)
    USART_OneBitMethodCmd                    0x08003069   Thumb Code    24  stm32f4xx_usart.o(.text)
    USART_SendData                           0x08003081   Thumb Code     8  stm32f4xx_usart.o(.text)
    USART_ReceiveData                        0x08003089   Thumb Code    10  stm32f4xx_usart.o(.text)
    USART_SetAddress                         0x08003093   Thumb Code    18  stm32f4xx_usart.o(.text)
    USART_ReceiverWakeUpCmd                  0x080030a5   Thumb Code    24  stm32f4xx_usart.o(.text)
    USART_WakeUpConfig                       0x080030bd   Thumb Code    18  stm32f4xx_usart.o(.text)
    USART_LINBreakDetectLengthConfig         0x080030cf   Thumb Code    18  stm32f4xx_usart.o(.text)
    USART_LINCmd                             0x080030e1   Thumb Code    24  stm32f4xx_usart.o(.text)
    USART_SendBreak                          0x080030f9   Thumb Code    10  stm32f4xx_usart.o(.text)
    USART_HalfDuplexCmd                      0x08003103   Thumb Code    24  stm32f4xx_usart.o(.text)
    USART_SetGuardTime                       0x0800311b   Thumb Code    16  stm32f4xx_usart.o(.text)
    USART_SmartCardCmd                       0x0800312b   Thumb Code    24  stm32f4xx_usart.o(.text)
    USART_SmartCardNACKCmd                   0x08003143   Thumb Code    24  stm32f4xx_usart.o(.text)
    USART_IrDAConfig                         0x0800315b   Thumb Code    18  stm32f4xx_usart.o(.text)
    USART_IrDACmd                            0x0800316d   Thumb Code    24  stm32f4xx_usart.o(.text)
    USART_DMACmd                             0x08003185   Thumb Code    18  stm32f4xx_usart.o(.text)
    USART_ITConfig                           0x08003197   Thumb Code    74  stm32f4xx_usart.o(.text)
    USART_GetFlagStatus                      0x080031e1   Thumb Code    26  stm32f4xx_usart.o(.text)
    USART_ClearFlag                          0x080031fb   Thumb Code    18  stm32f4xx_usart.o(.text)
    USART_GetITStatus                        0x0800320d   Thumb Code   118  stm32f4xx_usart.o(.text)
    USART_ClearITPendingBit                  0x08003283   Thumb Code    30  stm32f4xx_usart.o(.text)
    CAN_DeInit                               0x080032a1   Thumb Code    50  stm32f4xx_can.o(.text)
    CAN_Init                                 0x080032d3   Thumb Code   276  stm32f4xx_can.o(.text)
    CAN_FilterInit                           0x080033e7   Thumb Code   258  stm32f4xx_can.o(.text)
    CAN_StructInit                           0x080034e9   Thumb Code    32  stm32f4xx_can.o(.text)
    CAN_SlaveStartBank                       0x08003509   Thumb Code    48  stm32f4xx_can.o(.text)
    CAN_DBGFreeze                            0x08003539   Thumb Code    22  stm32f4xx_can.o(.text)
    CAN_TTComModeCmd                         0x0800354f   Thumb Code   118  stm32f4xx_can.o(.text)
    CAN_Transmit                             0x080035c5   Thumb Code   304  stm32f4xx_can.o(.text)
    CAN_TransmitStatus                       0x080036f5   Thumb Code   138  stm32f4xx_can.o(.text)
    CAN_CancelTransmit                       0x0800377f   Thumb Code    48  stm32f4xx_can.o(.text)
    CAN_Receive                              0x080037af   Thumb Code   240  stm32f4xx_can.o(.text)
    CAN_FIFORelease                          0x0800389f   Thumb Code    22  stm32f4xx_can.o(.text)
    CAN_MessagePending                       0x080038b5   Thumb Code    30  stm32f4xx_can.o(.text)
    CAN_OperatingModeRequest                 0x080038d3   Thumb Code   162  stm32f4xx_can.o(.text)
    CAN_Sleep                                0x08003975   Thumb Code    30  stm32f4xx_can.o(.text)
    CAN_WakeUp                               0x08003993   Thumb Code    48  stm32f4xx_can.o(.text)
    CAN_GetLastErrorCode                     0x080039c3   Thumb Code    12  stm32f4xx_can.o(.text)
    CAN_GetReceiveErrorCounter               0x080039cf   Thumb Code    10  stm32f4xx_can.o(.text)
    CAN_GetLSBTransmitErrorCounter           0x080039d9   Thumb Code    12  stm32f4xx_can.o(.text)
    CAN_ITConfig                             0x080039e5   Thumb Code    18  stm32f4xx_can.o(.text)
    CAN_GetFlagStatus                        0x080039f7   Thumb Code   120  stm32f4xx_can.o(.text)
    CAN_ClearFlag                            0x08003a6f   Thumb Code    52  stm32f4xx_can.o(.text)
    CAN_GetITStatus                          0x08003ab5   Thumb Code   310  stm32f4xx_can.o(.text)
    CAN_ClearITPendingBit                    0x08003beb   Thumb Code   162  stm32f4xx_can.o(.text)
    TIM_DeInit                               0x08003c91   Thumb Code   346  stm32f4xx_tim.o(.text)
    TIM_TimeBaseInit                         0x08003deb   Thumb Code   104  stm32f4xx_tim.o(.text)
    TIM_TimeBaseStructInit                   0x08003e53   Thumb Code    18  stm32f4xx_tim.o(.text)
    TIM_PrescalerConfig                      0x08003e65   Thumb Code     6  stm32f4xx_tim.o(.text)
    TIM_CounterModeConfig                    0x08003e6b   Thumb Code    18  stm32f4xx_tim.o(.text)
    TIM_SetCounter                           0x08003e7d   Thumb Code     4  stm32f4xx_tim.o(.text)
    TIM_SetAutoreload                        0x08003e81   Thumb Code     4  stm32f4xx_tim.o(.text)
    TIM_GetCounter                           0x08003e85   Thumb Code     6  stm32f4xx_tim.o(.text)
    TIM_GetPrescaler                         0x08003e8b   Thumb Code     6  stm32f4xx_tim.o(.text)
    TIM_UpdateDisableConfig                  0x08003e91   Thumb Code    24  stm32f4xx_tim.o(.text)
    TIM_UpdateRequestConfig                  0x08003ea9   Thumb Code    24  stm32f4xx_tim.o(.text)
    TIM_ARRPreloadConfig                     0x08003ec1   Thumb Code    24  stm32f4xx_tim.o(.text)
    TIM_SelectOnePulseMode                   0x08003ed9   Thumb Code    18  stm32f4xx_tim.o(.text)
    TIM_SetClockDivision                     0x08003eeb   Thumb Code    18  stm32f4xx_tim.o(.text)
    TIM_Cmd                                  0x08003efd   Thumb Code    24  stm32f4xx_tim.o(.text)
    TIM_OC1Init                              0x08003f15   Thumb Code   114  stm32f4xx_tim.o(.text)
    TIM_OC2Init                              0x08003f87   Thumb Code   154  stm32f4xx_tim.o(.text)
    TIM_OC3Init                              0x08004021   Thumb Code   204  stm32f4xx_tim.o(.text)
    TIM_OC4Init                              0x080040ed   Thumb Code   112  stm32f4xx_tim.o(.text)
    TIM_OCStructInit                         0x0800415d   Thumb Code    20  stm32f4xx_tim.o(.text)
    TIM_SelectOCxM                           0x08004171   Thumb Code    86  stm32f4xx_tim.o(.text)
    TIM_SetCompare1                          0x080041c7   Thumb Code     4  stm32f4xx_tim.o(.text)
    TIM_SetCompare2                          0x080041cb   Thumb Code     4  stm32f4xx_tim.o(.text)
    TIM_SetCompare3                          0x080041cf   Thumb Code     4  stm32f4xx_tim.o(.text)
    TIM_SetCompare4                          0x080041d3   Thumb Code     4  stm32f4xx_tim.o(.text)
    TIM_ForcedOC1Config                      0x080041d7   Thumb Code    18  stm32f4xx_tim.o(.text)
    TIM_ForcedOC2Config                      0x080041e9   Thumb Code    26  stm32f4xx_tim.o(.text)
    TIM_ForcedOC3Config                      0x08004203   Thumb Code    18  stm32f4xx_tim.o(.text)
    TIM_ForcedOC4Config                      0x08004215   Thumb Code    26  stm32f4xx_tim.o(.text)
    TIM_OC1PreloadConfig                     0x0800422f   Thumb Code    18  stm32f4xx_tim.o(.text)
    TIM_OC2PreloadConfig                     0x08004241   Thumb Code    26  stm32f4xx_tim.o(.text)
    TIM_OC3PreloadConfig                     0x0800425b   Thumb Code    18  stm32f4xx_tim.o(.text)
    TIM_OC4PreloadConfig                     0x0800426d   Thumb Code    26  stm32f4xx_tim.o(.text)
    TIM_OC1FastConfig                        0x08004287   Thumb Code    18  stm32f4xx_tim.o(.text)
    TIM_OC2FastConfig                        0x08004299   Thumb Code    26  stm32f4xx_tim.o(.text)
    TIM_OC3FastConfig                        0x080042b3   Thumb Code    18  stm32f4xx_tim.o(.text)
    TIM_OC4FastConfig                        0x080042c5   Thumb Code    26  stm32f4xx_tim.o(.text)
    TIM_ClearOC1Ref                          0x080042df   Thumb Code    18  stm32f4xx_tim.o(.text)
    TIM_ClearOC2Ref                          0x080042f1   Thumb Code    24  stm32f4xx_tim.o(.text)
    TIM_ClearOC3Ref                          0x08004309   Thumb Code    18  stm32f4xx_tim.o(.text)
    TIM_ClearOC4Ref                          0x0800431b   Thumb Code    24  stm32f4xx_tim.o(.text)
    TIM_OC1PolarityConfig                    0x08004333   Thumb Code    18  stm32f4xx_tim.o(.text)
    TIM_OC1NPolarityConfig                   0x08004345   Thumb Code    18  stm32f4xx_tim.o(.text)
    TIM_OC2PolarityConfig                    0x08004357   Thumb Code    26  stm32f4xx_tim.o(.text)
    TIM_OC2NPolarityConfig                   0x08004371   Thumb Code    26  stm32f4xx_tim.o(.text)
    TIM_OC3PolarityConfig                    0x0800438b   Thumb Code    26  stm32f4xx_tim.o(.text)
    TIM_OC3NPolarityConfig                   0x080043a5   Thumb Code    26  stm32f4xx_tim.o(.text)
    TIM_OC4PolarityConfig                    0x080043bf   Thumb Code    26  stm32f4xx_tim.o(.text)
    TIM_CCxCmd                               0x080043d9   Thumb Code    30  stm32f4xx_tim.o(.text)
    TIM_CCxNCmd                              0x080043f7   Thumb Code    30  stm32f4xx_tim.o(.text)
    TIM_SetIC4Prescaler                      0x08004415   Thumb Code    26  stm32f4xx_tim.o(.text)
    TIM_SetIC3Prescaler                      0x0800447f   Thumb Code    18  stm32f4xx_tim.o(.text)
    TIM_SetIC2Prescaler                      0x080044d9   Thumb Code    26  stm32f4xx_tim.o(.text)
    TIM_SetIC1Prescaler                      0x0800454d   Thumb Code    18  stm32f4xx_tim.o(.text)
    TIM_ICInit                               0x08004599   Thumb Code   110  stm32f4xx_tim.o(.text)
    TIM_ICStructInit                         0x08004607   Thumb Code    18  stm32f4xx_tim.o(.text)
    TIM_PWMIConfig                           0x08004619   Thumb Code   124  stm32f4xx_tim.o(.text)
    TIM_GetCapture1                          0x08004695   Thumb Code     6  stm32f4xx_tim.o(.text)
    TIM_GetCapture2                          0x0800469b   Thumb Code     6  stm32f4xx_tim.o(.text)
    TIM_GetCapture3                          0x080046a1   Thumb Code     6  stm32f4xx_tim.o(.text)
    TIM_GetCapture4                          0x080046a7   Thumb Code     6  stm32f4xx_tim.o(.text)
    TIM_BDTRConfig                           0x080046ad   Thumb Code    32  stm32f4xx_tim.o(.text)
    TIM_BDTRStructInit                       0x080046cd   Thumb Code    18  stm32f4xx_tim.o(.text)
    TIM_CtrlPWMOutputs                       0x080046df   Thumb Code    30  stm32f4xx_tim.o(.text)
    TIM_SelectCOM                            0x080046fd   Thumb Code    24  stm32f4xx_tim.o(.text)
    TIM_CCPreloadControl                     0x08004715   Thumb Code    24  stm32f4xx_tim.o(.text)
    TIM_ITConfig                             0x0800472d   Thumb Code    18  stm32f4xx_tim.o(.text)
    TIM_GenerateEvent                        0x0800473f   Thumb Code     4  stm32f4xx_tim.o(.text)
    TIM_GetFlagStatus                        0x08004743   Thumb Code    18  stm32f4xx_tim.o(.text)
    TIM_ClearFlag                            0x08004755   Thumb Code     6  stm32f4xx_tim.o(.text)
    TIM_GetITStatus                          0x0800475b   Thumb Code    34  stm32f4xx_tim.o(.text)
    TIM_ClearITPendingBit                    0x0800477d   Thumb Code     6  stm32f4xx_tim.o(.text)
    TIM_DMAConfig                            0x08004783   Thumb Code    10  stm32f4xx_tim.o(.text)
    TIM_DMACmd                               0x0800478d   Thumb Code    18  stm32f4xx_tim.o(.text)
    TIM_SelectCCDMA                          0x0800479f   Thumb Code    24  stm32f4xx_tim.o(.text)
    TIM_InternalClockConfig                  0x080047b7   Thumb Code    12  stm32f4xx_tim.o(.text)
    TIM_SelectInputTrigger                   0x080047c3   Thumb Code    18  stm32f4xx_tim.o(.text)
    TIM_ITRxExternalClockConfig              0x080047d5   Thumb Code    24  stm32f4xx_tim.o(.text)
    TIM_TIxExternalClockConfig               0x080047ed   Thumb Code    62  stm32f4xx_tim.o(.text)
    TIM_ETRConfig                            0x0800482b   Thumb Code    28  stm32f4xx_tim.o(.text)
    TIM_ETRClockMode1Config                  0x08004847   Thumb Code    54  stm32f4xx_tim.o(.text)
    TIM_ETRClockMode2Config                  0x0800487d   Thumb Code    32  stm32f4xx_tim.o(.text)
    TIM_SelectOutputTrigger                  0x0800489d   Thumb Code    18  stm32f4xx_tim.o(.text)
    TIM_SelectSlaveMode                      0x080048af   Thumb Code    18  stm32f4xx_tim.o(.text)
    TIM_SelectMasterSlaveMode                0x080048c1   Thumb Code    18  stm32f4xx_tim.o(.text)
    TIM_EncoderInterfaceConfig               0x080048d3   Thumb Code    66  stm32f4xx_tim.o(.text)
    TIM_SelectHallSensor                     0x08004915   Thumb Code    24  stm32f4xx_tim.o(.text)
    TIM_RemapConfig                          0x0800492d   Thumb Code     6  stm32f4xx_tim.o(.text)
    OnNumberOfErrorsUpdate                   0x08004935   Thumb Code    44  emcy.o(.text)
    emergencyInit                            0x08004961   Thumb Code    30  emcy.o(.text)
    emergencyStop                            0x0800497f   Thumb Code     2  emcy.o(.text)
    sendEMCY                                 0x08004981   Thumb Code   114  emcy.o(.text)
    EMCY_setError                            0x080049f3   Thumb Code   338  emcy.o(.text)
    EMCY_errorRecovered                      0x08004b45   Thumb Code   176  emcy.o(.text)
    proceedEMCY                              0x08004bf5   Thumb Code   102  emcy.o(.text)
    _post_emcy                               0x08004c5b   Thumb Code     6  emcy.o(.text)
    getNodeState                             0x08004d21   Thumb Code    16  lifegrd.o(.text)
    ConsumerHeartbeatAlarm                   0x08004d31   Thumb Code    50  lifegrd.o(.text)
    proceedNODE_GUARD                        0x08004d63   Thumb Code   344  lifegrd.o(.text)
    ProducerHeartbeatAlarm                   0x08004ebb   Thumb Code   102  lifegrd.o(.text)
    GuardTimeAlarm                           0x08004f21   Thumb Code   158  lifegrd.o(.text)
    nodeguardInit                            0x08004fbf   Thumb Code   174  lifegrd.o(.text)
    nodeguardStop                            0x0800506d   Thumb Code    18  lifegrd.o(.text)
    OnNodeGuardUpdate                        0x0800507f   Thumb Code    24  lifegrd.o(.text)
    OnHeartbeatProducerUpdate                0x08005097   Thumb Code    66  lifegrd.o(.text)
    heartbeatInit                            0x080050d9   Thumb Code   132  lifegrd.o(.text)
    heartbeatStop                            0x0800515d   Thumb Code   352  lifegrd.o(.text)
    lifeGuardInit                            0x080052bd   Thumb Code    18  lifegrd.o(.text)
    lifeGuardStop                            0x080052cf   Thumb Code    18  lifegrd.o(.text)
    _heartbeatError                          0x080052e1   Thumb Code     2  lifegrd.o(.text)
    _post_SlaveBootup                        0x080052e3   Thumb Code     2  lifegrd.o(.text)
    _post_SlaveStateChange                   0x080052e5   Thumb Code     2  lifegrd.o(.text)
    _nodeguardError                          0x080052e7   Thumb Code     2  lifegrd.o(.text)
    masterSendNMTstateChange                 0x080052e9   Thumb Code    88  nmtmaster.o(.text)
    masterSendNMTnodeguard                   0x08005341   Thumb Code    62  nmtmaster.o(.text)
    masterRequestNodeState                   0x0800537f   Thumb Code    50  nmtmaster.o(.text)
    proceedNMTstateChange                    0x08005421   Thumb Code   246  nmtslave.o(.text)
    slaveSendBootUp                          0x08005517   Thumb Code    72  nmtslave.o(.text)
    accessDictionaryError                    0x080055c5   Thumb Code   314  objacces.o(.text)
    _getODentry                              0x080056ff   Thumb Code   256  objacces.o(.text)
    _setODentry                              0x080057ff   Thumb Code   784  objacces.o(.text)
    RegisterSetODentryCallBack               0x08005b0f   Thumb Code    50  objacces.o(.text)
    _storeODSubIndex                         0x08005b41   Thumb Code     6  objacces.o(.text)
    CopyBits                                 0x08005b4d   Thumb Code   236  pdo.o(.text)
    buildPDO                                 0x08005c39   Thumb Code   410  pdo.o(.text)
    sendPDOrequest                           0x08005dd3   Thumb Code   160  pdo.o(.text)
    PDOInhibitTimerAlarm                     0x08005ecf   Thumb Code    56  pdo.o(.text)
    sendOnePDOevent                          0x08005f07   Thumb Code   908  pdo.o(.text)
    PDOEventTimerAlarm                       0x08006293   Thumb Code    46  pdo.o(.text)
    proceedPDO                               0x080062c1   Thumb Code  1420  pdo.o(.text)
    _sendPDOevent                            0x0800684d   Thumb Code   642  pdo.o(.text)
    sendPDOevent                             0x08006acf   Thumb Code    14  pdo.o(.text)
    _RxPDO_EventTimers_Handler               0x08006add   Thumb Code     2  pdo.o(.text)
    TPDO_Communication_Parameter_Callback    0x08006adf   Thumb Code   148  pdo.o(.text)
    PDOInit                                  0x08006b73   Thumb Code   262  pdo.o(.text)
    PDOStop                                  0x08006c79   Thumb Code   120  pdo.o(.text)
    PDOEnable                                0x08006cf1   Thumb Code    48  pdo.o(.text)
    PDODisable                               0x08006d21   Thumb Code    48  pdo.o(.text)
    initSDOline                              0x08006d51   Thumb Code   510  sdo.o(.text)
    resetSDOline                             0x08006f4f   Thumb Code   118  sdo.o(.text)
    sendSDO                                  0x08006fc5   Thumb Code   316  sdo.o(.text)
    sendSDOabort                             0x08007101   Thumb Code   458  sdo.o(.text)
    SDOTimeoutAlarm                          0x080072cb   Thumb Code   432  sdo.o(.text)
    resetSDO                                 0x0800747b   Thumb Code    26  sdo.o(.text)
    SDOlineToObjdict                         0x08007495   Thumb Code   220  sdo.o(.text)
    objdictToSDOline                         0x08007571   Thumb Code   226  sdo.o(.text)
    lineToSDO                                0x08007653   Thumb Code   490  sdo.o(.text)
    SDOtoLine                                0x0800783d   Thumb Code   172  sdo.o(.text)
    getSDOlineOnUse                          0x080078e9   Thumb Code   114  sdo.o(.text)
    failedSDO                                0x0800795b   Thumb Code   336  sdo.o(.text)
    getSDOfreeLine                           0x08007aab   Thumb Code    98  sdo.o(.text)
    getSDOlineToClose                        0x08007b0d   Thumb Code    92  sdo.o(.text)
    GetSDOClientFromNodeId                   0x08007b69   Thumb Code   444  sdo.o(.text)
    closeSDOtransfer                         0x08007d25   Thumb Code    92  sdo.o(.text)
    getSDOlineRestBytes                      0x08007d81   Thumb Code    74  sdo.o(.text)
    setSDOlineRestBytes                      0x08007dcb   Thumb Code    66  sdo.o(.text)
    proceedSDO                               0x08007e0d   Thumb Code 18276  sdo.o(.text)
    resetClientSDOLineFromNodeId             0x0800c571   Thumb Code    52  sdo.o(.text)
    _writeNetworkDict                        0x0800c5a5   Thumb Code   720  sdo.o(.text)
    writeNetworkDict                         0x0800c875   Thumb Code    54  sdo.o(.text)
    writeNetworkDictCallBack                 0x0800c8ab   Thumb Code   418  sdo.o(.text)
    writeNetworkDictCallBackAI               0x0800ca4d   Thumb Code   252  sdo.o(.text)
    _readNetworkDict                         0x0800cb49   Thumb Code   496  sdo.o(.text)
    readNetworkDict                          0x0800cd39   Thumb Code    42  sdo.o(.text)
    readNetworkDictCallback                  0x0800cd63   Thumb Code    40  sdo.o(.text)
    readNetworkDictCallbackAI                0x0800cd8b   Thumb Code   448  sdo.o(.text)
    getReadResultNetworkDict                 0x0800cf4b   Thumb Code   412  sdo.o(.text)
    getWriteResultNetworkDict                0x0800d0e7   Thumb Code   170  sdo.o(.text)
    getState                                 0x0800d1d1   Thumb Code     8  states.o(.text)
    canDispatch                              0x0800d1d9   Thumb Code   154  states.o(.text)
    switchCommunicationState                 0x0800d273   Thumb Code   572  states.o(.text)
    setState                                 0x0800d4af   Thumb Code   200  states.o(.text)
    getNodeId                                0x0800d577   Thumb Code     8  states.o(.text)
    setNodeId                                0x0800d57f   Thumb Code   698  states.o(.text)
    _initialisation                          0x0800d839   Thumb Code     2  states.o(.text)
    _preOperational                          0x0800d83b   Thumb Code    22  states.o(.text)
    _operational                             0x0800d851   Thumb Code     2  states.o(.text)
    _stopped                                 0x0800d853   Thumb Code     2  states.o(.text)
    proceedSYNC                              0x0800d859   Thumb Code    66  sync.o(.text)
    sendSYNCMessage                          0x0800d89b   Thumb Code    64  sync.o(.text)
    sendSYNC                                 0x0800d8db   Thumb Code    22  sync.o(.text)
    SyncAlarm                                0x0800d8f1   Thumb Code    14  sync.o(.text)
    stopSYNC                                 0x0800d8ff   Thumb Code    46  sync.o(.text)
    startSYNC                                0x0800d92d   Thumb Code   110  sync.o(.text)
    OnCOB_ID_SyncUpdate                      0x0800d99b   Thumb Code    18  sync.o(.text)
    _post_sync                               0x0800d9ad   Thumb Code     2  sync.o(.text)
    _post_TPDO                               0x0800d9af   Thumb Code     2  sync.o(.text)
    SetAlarm                                 0x0800da0d   Thumb Code   170  timer.o(.text)
    DelAlarm                                 0x0800dab7   Thumb Code    68  timer.o(.text)
    TimeDispatch                             0x0800dafb   Thumb Code   178  timer.o(.text)
    Master_valueRangeTest                    0x0800dbfd   Thumb Code    22  master.o(.text)
    Master_scanIndexOD                       0x0800dc13   Thumb Code    88  master.o(.text)
    CAN1_Init                                0x0800dc79   Thumb Code   272  can1.o(.text)
    canSend                                  0x0800dd89   Thumb Code    96  can1.o(.text)
    canChangeBaudRate_driver                 0x0800dde9   Thumb Code     6  can1.o(.text)
    CAN1_RX0_IRQHandler                      0x0800ddef   Thumb Code   270  can1.o(.text)
    TIM2_Init                                0x0800df51   Thumb Code   104  timer2.o(.text)
    setTimer                                 0x0800dfb9   Thumb Code    64  timer2.o(.text)
    getElapsedTime                           0x0800dff9   Thumb Code    42  timer2.o(.text)
    get_tim2_tick                            0x0800e023   Thumb Code     6  timer2.o(.text)
    TIM2_IRQHandler                          0x0800e029   Thumb Code    50  timer2.o(.text)
    __use_no_semihosting                     0x0800e069   Thumb Code     2  use_no_semi_2.o(.text)
    __2printf                                0x0800e06d   Thumb Code    20  noretval__2printf.o(.text)
    _printf_pre_padding                      0x0800e085   Thumb Code    44  _printf_pad.o(.text)
    _printf_post_padding                     0x0800e0b1   Thumb Code    34  _printf_pad.o(.text)
    _printf_str                              0x0800e0d3   Thumb Code    82  _printf_str.o(.text)
    _printf_int_dec                          0x0800e125   Thumb Code   104  _printf_dec.o(.text)
    _printf_int_hex                          0x0800e19d   Thumb Code    84  _printf_hex_int.o(.text)
    _printf_longlong_hex                     0x0800e19d   Thumb Code     0  _printf_hex_int.o(.text)
    __printf                                 0x0800e1f5   Thumb Code   388  __printf_flags_ss_wp.o(.text)
    memcmp                                   0x0800e37d   Thumb Code    88  memcmp.o(.text)
    __aeabi_memcpy                           0x0800e3d5   Thumb Code     0  rt_memcpy_v6.o(.text)
    __rt_memcpy                              0x0800e3d5   Thumb Code   138  rt_memcpy_v6.o(.text)
    _memcpy_lastbytes                        0x0800e43b   Thumb Code     0  rt_memcpy_v6.o(.text)
    __aeabi_memclr4                          0x0800e45f   Thumb Code     0  rt_memclr_w.o(.text)
    __aeabi_memclr8                          0x0800e45f   Thumb Code     0  rt_memclr_w.o(.text)
    __rt_memclr_w                            0x0800e45f   Thumb Code    78  rt_memclr_w.o(.text)
    _memset_w                                0x0800e463   Thumb Code     0  rt_memclr_w.o(.text)
    __use_two_region_memory                  0x0800e4ad   Thumb Code     2  heapauxi.o(.text)
    __rt_heap_escrow$2region                 0x0800e4af   Thumb Code     2  heapauxi.o(.text)
    __rt_heap_expand$2region                 0x0800e4b1   Thumb Code     2  heapauxi.o(.text)
    __I$use$semihosting                      0x0800e4b3   Thumb Code     0  use_no_semi.o(.text)
    __use_no_semihosting_swi                 0x0800e4b3   Thumb Code     2  use_no_semi.o(.text)
    _printf_int_common                       0x0800e4b5   Thumb Code   178  _printf_intcommon.o(.text)
    _printf_cs_common                        0x0800e567   Thumb Code    20  _printf_char.o(.text)
    _printf_char                             0x0800e57b   Thumb Code    16  _printf_char.o(.text)
    _printf_string                           0x0800e58b   Thumb Code     8  _printf_char.o(.text)
    _printf_char_file                        0x0800e595   Thumb Code    32  _printf_char_file.o(.text)
    __aeabi_memcpy4                          0x0800e5b9   Thumb Code     0  rt_memcpy_w.o(.text)
    __aeabi_memcpy8                          0x0800e5b9   Thumb Code     0  rt_memcpy_w.o(.text)
    __rt_memcpy_w                            0x0800e5b9   Thumb Code   100  rt_memcpy_w.o(.text)
    _memcpy_lastbytes_aligned                0x0800e601   Thumb Code     0  rt_memcpy_w.o(.text)
    _printf_char_common                      0x0800e627   Thumb Code    32  _printf_char_common.o(.text)
    ferror                                   0x0800e64d   Thumb Code     8  ferror.o(.text)
    __user_setup_stackheap                   0x0800e655   Thumb Code    74  sys_stackheap_outer.o(.text)
    exit                                     0x0800e69f   Thumb Code    18  exit.o(.text)
    __user_libspace                          0x0800e6b1   Thumb Code     8  libspace.o(.text)
    __user_perproc_libspace                  0x0800e6b1   Thumb Code     0  libspace.o(.text)
    __user_perthread_libspace                0x0800e6b1   Thumb Code     0  libspace.o(.text)
    _is_digit                                0x0800e6b9   Thumb Code    14  __printf_wp.o(i._is_digit)
    _fp_init                                 0x0800e6c7   Thumb Code    10  fpinit.o(x$fpl$fpinit)
    __fplib_config_fpu_vfp                   0x0800e6cf   Thumb Code     0  fpinit.o(x$fpl$fpinit)
    __fplib_config_pureend_doubles           0x0800e6cf   Thumb Code     0  fpinit.o(x$fpl$fpinit)
    Master_iam_a_slave                       0x0800e710   Data           1  master.o(.constdata)
    Master_objdict                           0x0800e714   Data          40  master.o(.constdata)
    Master_firstIndex                        0x0800e73c   Data          12  master.o(.constdata)
    Master_lastIndex                         0x0800e748   Data          12  master.o(.constdata)
    Master_ObjdictSize                       0x0800e754   Data           2  master.o(.constdata)
    Region$$Table$$Base                      0x0800ef8c   Number         0  anon$$obj.o(Region$$Table)
    Region$$Table$$Limit                     0x0800efac   Number         0  anon$$obj.o(Region$$Table)
    SystemCoreClock                          0x20000000   Data           4  system_stm32f4xx.o(.data)
    AHBPrescTable                            0x20000004   Data          16  system_stm32f4xx.o(.data)
    current_motion                           0x20000014   Data           1  motions.o(.data)
    serial_cmd                               0x20000024   Data           1  usart.o(.data)
    emergency_stop_flag                      0x20000025   Data           1  usart.o(.data)
    __stdout                                 0x20000028   Data           4  usart.o(.data)
    total_sleep_time                         0x20000040   Data           4  timer.o(.data)
    last_timer_raw                           0x20000044   Data           2  timer.o(.data)
    tdcount                                  0x20000048   Data           4  timer.o(.data)
    Master_bDeviceNodeId                     0x2000004c   Data           1  master.o(.data)
    Master_heartBeatTimers                   0x2000004e   Data           2  master.o(.data)
    Master_obj1000                           0x20000050   Data           4  master.o(.data)
    Master_Index1000                         0x20000054   Data          16  master.o(.data)
    Master_obj1001                           0x20000064   Data           1  master.o(.data)
    Master_Index1001                         0x20000068   Data          16  master.o(.data)
    Master_highestSubIndex_obj1003           0x20000078   Data           1  master.o(.data)
    Master_obj1003                           0x2000007c   Data           4  master.o(.data)
    Master_Index1003                         0x20000080   Data          32  master.o(.data)
    Master_obj1005                           0x200000a0   Data           4  master.o(.data)
    Master_obj1006                           0x200000a4   Data           4  master.o(.data)
    Master_obj100C                           0x200000a8   Data           2  master.o(.data)
    Master_obj100D                           0x200000aa   Data           1  master.o(.data)
    Master_obj1014                           0x200000ac   Data           4  master.o(.data)
    Master_highestSubIndex_obj1016           0x200000b0   Data           1  master.o(.data)
    Master_obj1016                           0x200000b4   Data           4  master.o(.data)
    Master_obj1017                           0x200000b8   Data           2  master.o(.data)
    Master_Index1017                         0x200000bc   Data          16  master.o(.data)
    Master_highestSubIndex_obj1018           0x200000cc   Data           1  master.o(.data)
    Master_obj1018_Vendor_ID                 0x200000d0   Data           4  master.o(.data)
    Master_obj1018_Product_Code              0x200000d4   Data           4  master.o(.data)
    Master_obj1018_Revision_Number           0x200000d8   Data           4  master.o(.data)
    Master_obj1018_Serial_Number             0x200000dc   Data           4  master.o(.data)
    Master_Index1018                         0x200000e0   Data          80  master.o(.data)
    Master_highestSubIndex_obj1280           0x20000130   Data           1  master.o(.data)
    Master_obj1280_COB_ID_Client_to_Server_Transmit_SDO 0x20000134   Data           4  master.o(.data)
    Master_obj1280_COB_ID_Server_to_Client_Receive_SDO 0x20000138   Data           4  master.o(.data)
    Master_obj1280_Node_ID_of_the_SDO_Server 0x2000013c   Data           1  master.o(.data)
    Master_Index1280                         0x20000140   Data          64  master.o(.data)
    Master_PDO_status                        0x20000180   Data          18  master.o(.data)
    Master_Data                              0x20000194   Data         576  master.o(.data)
    last_counter_val                         0x200003dc   Data           4  timer2.o(.data)
    elapsed_time                             0x200003e0   Data           4  timer2.o(.data)
    g_statusword                             0x200003fc   Data          10  epos_api.o(.bss)
    timers                                   0x20000484   Data         192  timer.o(.bss)
    __libspace_start                         0x20000544   Data          96  libspace.o(.bss)
    __temporary_stack_top$libspace           0x200005a4   Data           0  libspace.o(.bss)



==============================================================================

Memory Map of the image

  Image Entry point : 0x08000189

  Load Region LR_IROM1 (Base: 0x08000000, Size: 0x0000f390, Max: 0x00100000, ABSOLUTE, COMPRESSED[0x0000f0b0])

    Execution Region ER_IROM1 (Exec base: 0x08000000, Load base: 0x08000000, Size: 0x0000efac, Max: 0x00100000, ABSOLUTE)

    Exec Addr    Load Addr    Size         Type   Attr      Idx    E Section Name        Object

    0x08000000   0x08000000   0x00000188   Data   RO          557    RESET               startup_stm32f40_41xxx.o
    0x08000188   0x08000188   0x00000008   Code   RO         1118  * !!!main             c_w.l(__main.o)
    0x08000190   0x08000190   0x00000034   Code   RO         1294    !!!scatter          c_w.l(__scatter.o)
    0x080001c4   0x080001c4   0x0000005a   Code   RO         1292    !!dczerorl2         c_w.l(__dczerorl2.o)
    0x0800021e   0x0800021e   0x00000002   PAD
    0x08000220   0x08000220   0x0000001c   Code   RO         1296    !!handler_zi        c_w.l(__scatter_zi.o)
    0x0800023c   0x0800023c   0x00000000   Code   RO         1109    .ARM.Collect$$_printf_percent$$00000000  c_w.l(_printf_percent.o)
    0x0800023c   0x0800023c   0x00000006   Code   RO         1107    .ARM.Collect$$_printf_percent$$00000009  c_w.l(_printf_d.o)
    0x08000242   0x08000242   0x00000006   Code   RO         1108    .ARM.Collect$$_printf_percent$$0000000A  c_w.l(_printf_u.o)
    0x08000248   0x08000248   0x00000006   Code   RO         1106    .ARM.Collect$$_printf_percent$$0000000C  c_w.l(_printf_x.o)
    0x0800024e   0x0800024e   0x00000006   Code   RO         1105    .ARM.Collect$$_printf_percent$$00000014  c_w.l(_printf_s.o)
    0x08000254   0x08000254   0x00000004   Code   RO         1129    .ARM.Collect$$_printf_percent$$00000017  c_w.l(_printf_percent_end.o)
    0x08000258   0x08000258   0x00000002   Code   RO         1164    .ARM.Collect$$libinit$$00000000  c_w.l(libinit.o)
    0x0800025a   0x0800025a   0x00000004   Code   RO         1170    .ARM.Collect$$libinit$$00000001  c_w.l(libinit2.o)
    0x0800025e   0x0800025e   0x00000000   Code   RO         1173    .ARM.Collect$$libinit$$00000004  c_w.l(libinit2.o)
    0x0800025e   0x0800025e   0x00000000   Code   RO         1176    .ARM.Collect$$libinit$$0000000A  c_w.l(libinit2.o)
    0x0800025e   0x0800025e   0x00000000   Code   RO         1178    .ARM.Collect$$libinit$$0000000C  c_w.l(libinit2.o)
    0x0800025e   0x0800025e   0x00000000   Code   RO         1180    .ARM.Collect$$libinit$$0000000E  c_w.l(libinit2.o)
    0x0800025e   0x0800025e   0x00000000   Code   RO         1183    .ARM.Collect$$libinit$$00000011  c_w.l(libinit2.o)
    0x0800025e   0x0800025e   0x00000000   Code   RO         1185    .ARM.Collect$$libinit$$00000013  c_w.l(libinit2.o)
    0x0800025e   0x0800025e   0x00000000   Code   RO         1187    .ARM.Collect$$libinit$$00000015  c_w.l(libinit2.o)
    0x0800025e   0x0800025e   0x00000000   Code   RO         1189    .ARM.Collect$$libinit$$00000017  c_w.l(libinit2.o)
    0x0800025e   0x0800025e   0x00000000   Code   RO         1191    .ARM.Collect$$libinit$$00000019  c_w.l(libinit2.o)
    0x0800025e   0x0800025e   0x00000000   Code   RO         1193    .ARM.Collect$$libinit$$0000001B  c_w.l(libinit2.o)
    0x0800025e   0x0800025e   0x00000000   Code   RO         1195    .ARM.Collect$$libinit$$0000001D  c_w.l(libinit2.o)
    0x0800025e   0x0800025e   0x00000000   Code   RO         1197    .ARM.Collect$$libinit$$0000001F  c_w.l(libinit2.o)
    0x0800025e   0x0800025e   0x00000000   Code   RO         1199    .ARM.Collect$$libinit$$00000021  c_w.l(libinit2.o)
    0x0800025e   0x0800025e   0x00000000   Code   RO         1201    .ARM.Collect$$libinit$$00000023  c_w.l(libinit2.o)
    0x0800025e   0x0800025e   0x00000000   Code   RO         1203    .ARM.Collect$$libinit$$00000025  c_w.l(libinit2.o)
    0x0800025e   0x0800025e   0x00000000   Code   RO         1207    .ARM.Collect$$libinit$$0000002C  c_w.l(libinit2.o)
    0x0800025e   0x0800025e   0x00000000   Code   RO         1209    .ARM.Collect$$libinit$$0000002E  c_w.l(libinit2.o)
    0x0800025e   0x0800025e   0x00000000   Code   RO         1211    .ARM.Collect$$libinit$$00000030  c_w.l(libinit2.o)
    0x0800025e   0x0800025e   0x00000000   Code   RO         1213    .ARM.Collect$$libinit$$00000032  c_w.l(libinit2.o)
    0x0800025e   0x0800025e   0x00000002   Code   RO         1214    .ARM.Collect$$libinit$$00000033  c_w.l(libinit2.o)
    0x08000260   0x08000260   0x00000002   Code   RO         1232    .ARM.Collect$$libshutdown$$00000000  c_w.l(libshutdown.o)
    0x08000262   0x08000262   0x00000000   Code   RO         1242    .ARM.Collect$$libshutdown$$00000002  c_w.l(libshutdown2.o)
    0x08000262   0x08000262   0x00000000   Code   RO         1244    .ARM.Collect$$libshutdown$$00000004  c_w.l(libshutdown2.o)
    0x08000262   0x08000262   0x00000000   Code   RO         1246    .ARM.Collect$$libshutdown$$00000006  c_w.l(libshutdown2.o)
    0x08000262   0x08000262   0x00000000   Code   RO         1249    .ARM.Collect$$libshutdown$$00000009  c_w.l(libshutdown2.o)
    0x08000262   0x08000262   0x00000000   Code   RO         1252    .ARM.Collect$$libshutdown$$0000000C  c_w.l(libshutdown2.o)
    0x08000262   0x08000262   0x00000000   Code   RO         1254    .ARM.Collect$$libshutdown$$0000000E  c_w.l(libshutdown2.o)
    0x08000262   0x08000262   0x00000000   Code   RO         1257    .ARM.Collect$$libshutdown$$00000011  c_w.l(libshutdown2.o)
    0x08000262   0x08000262   0x00000002   Code   RO         1258    .ARM.Collect$$libshutdown$$00000012  c_w.l(libshutdown2.o)
    0x08000264   0x08000264   0x00000000   Code   RO         1122    .ARM.Collect$$rtentry$$00000000  c_w.l(__rtentry.o)
    0x08000264   0x08000264   0x00000000   Code   RO         1133    .ARM.Collect$$rtentry$$00000002  c_w.l(__rtentry2.o)
    0x08000264   0x08000264   0x00000006   Code   RO         1145    .ARM.Collect$$rtentry$$00000004  c_w.l(__rtentry4.o)
    0x0800026a   0x0800026a   0x00000000   Code   RO         1135    .ARM.Collect$$rtentry$$00000009  c_w.l(__rtentry2.o)
    0x0800026a   0x0800026a   0x00000004   Code   RO         1136    .ARM.Collect$$rtentry$$0000000A  c_w.l(__rtentry2.o)
    0x0800026e   0x0800026e   0x00000000   Code   RO         1138    .ARM.Collect$$rtentry$$0000000C  c_w.l(__rtentry2.o)
    0x0800026e   0x0800026e   0x00000008   Code   RO         1139    .ARM.Collect$$rtentry$$0000000D  c_w.l(__rtentry2.o)
    0x08000276   0x08000276   0x00000002   Code   RO         1168    .ARM.Collect$$rtexit$$00000000  c_w.l(rtexit.o)
    0x08000278   0x08000278   0x00000000   Code   RO         1216    .ARM.Collect$$rtexit$$00000002  c_w.l(rtexit2.o)
    0x08000278   0x08000278   0x00000004   Code   RO         1217    .ARM.Collect$$rtexit$$00000003  c_w.l(rtexit2.o)
    0x0800027c   0x0800027c   0x00000006   Code   RO         1218    .ARM.Collect$$rtexit$$00000004  c_w.l(rtexit2.o)
    0x08000282   0x08000282   0x00000002   PAD
    0x08000284   0x08000284   0x0000029c   Code   RO            3    .text               main.o
    0x08000520   0x08000520   0x0000001a   Code   RO          238    .text               stm32f4xx_it.o
    0x0800053a   0x0800053a   0x00000002   PAD
    0x0800053c   0x0800053c   0x00000210   Code   RO          287    .text               system_stm32f4xx.o
    0x0800074c   0x0800074c   0x00000514   Code   RO          313    .text               motion_drinking.o
    0x08000c60   0x08000c60   0x00000234   Code   RO          341    .text               motion_elbow.o
    0x08000e94   0x08000e94   0x00000094   Code   RO          366    .text               motions.o
    0x08000f28   0x08000f28   0x0000068c   Code   RO          392    .text               epos_api.o
    0x080015b4   0x080015b4   0x0000012c   Code   RO          421    .text               led.o
    0x080016e0   0x080016e0   0x000001c0   Code   RO          441    .text               wheel.o
    0x080018a0   0x080018a0   0x00000104   Code   RO          463    .text               delay.o
    0x080019a4   0x080019a4   0x0000012c   Code   RO          503    .text               usart.o
    0x08001ad0   0x08001ad0   0x0000096c   Code   RO          534    .text               rs485.o
    0x0800243c   0x0800243c   0x00000040   Code   RO          558    .text               startup_stm32f40_41xxx.o
    0x0800247c   0x0800247c   0x000000e0   Code   RO          564    .text               misc.o
    0x0800255c   0x0800255c   0x00000294   Code   RO          584    .text               stm32f4xx_gpio.o
    0x080027f0   0x080027f0   0x0000065c   Code   RO          627    .text               stm32f4xx_rcc.o
    0x08002e4c   0x08002e4c   0x00000454   Code   RO          669    .text               stm32f4xx_usart.o
    0x080032a0   0x080032a0   0x000009f0   Code   RO          689    .text               stm32f4xx_can.o
    0x08003c90   0x08003c90   0x00000ca2   Code   RO          749    .text               stm32f4xx_tim.o
    0x08004932   0x08004932   0x00000002   PAD
    0x08004934   0x08004934   0x000003ec   Code   RO          805    .text               emcy.o
    0x08004d20   0x08004d20   0x000005c8   Code   RO          817    .text               lifegrd.o
    0x080052e8   0x080052e8   0x00000138   Code   RO          838    .text               nmtmaster.o
    0x08005420   0x08005420   0x000001a4   Code   RO          850    .text               nmtslave.o
    0x080055c4   0x080055c4   0x00000588   Code   RO          862    .text               objacces.o
    0x08005b4c   0x08005b4c   0x00001204   Code   RO          874    .text               pdo.o
    0x08006d50   0x08006d50   0x00006480   Code   RO          887    .text               sdo.o
    0x0800d1d0   0x0800d1d0   0x00000688   Code   RO          910    .text               states.o
    0x0800d858   0x0800d858   0x000001b4   Code   RO          923    .text               sync.o
    0x0800da0c   0x0800da0c   0x000001f0   Code   RO          935    .text               timer.o
    0x0800dbfc   0x0800dbfc   0x0000007c   Code   RO          984    .text               master.o
    0x0800dc78   0x0800dc78   0x000002d8   Code   RO         1005    .text               can1.o
    0x0800df50   0x0800df50   0x00000118   Code   RO         1027    .text               timer2.o
    0x0800e068   0x0800e068   0x00000002   Code   RO         1050    .text               c_w.l(use_no_semi_2.o)
    0x0800e06a   0x0800e06a   0x00000002   PAD
    0x0800e06c   0x0800e06c   0x00000018   Code   RO         1054    .text               c_w.l(noretval__2printf.o)
    0x0800e084   0x0800e084   0x0000004e   Code   RO         1058    .text               c_w.l(_printf_pad.o)
    0x0800e0d2   0x0800e0d2   0x00000052   Code   RO         1060    .text               c_w.l(_printf_str.o)
    0x0800e124   0x0800e124   0x00000078   Code   RO         1062    .text               c_w.l(_printf_dec.o)
    0x0800e19c   0x0800e19c   0x00000058   Code   RO         1067    .text               c_w.l(_printf_hex_int.o)
    0x0800e1f4   0x0800e1f4   0x00000188   Code   RO         1102    .text               c_w.l(__printf_flags_ss_wp.o)
    0x0800e37c   0x0800e37c   0x00000058   Code   RO         1110    .text               c_w.l(memcmp.o)
    0x0800e3d4   0x0800e3d4   0x0000008a   Code   RO         1112    .text               c_w.l(rt_memcpy_v6.o)
    0x0800e45e   0x0800e45e   0x0000004e   Code   RO         1114    .text               c_w.l(rt_memclr_w.o)
    0x0800e4ac   0x0800e4ac   0x00000006   Code   RO         1116    .text               c_w.l(heapauxi.o)
    0x0800e4b2   0x0800e4b2   0x00000002   Code   RO         1120    .text               c_w.l(use_no_semi.o)
    0x0800e4b4   0x0800e4b4   0x000000b2   Code   RO         1123    .text               c_w.l(_printf_intcommon.o)
    0x0800e566   0x0800e566   0x0000002c   Code   RO         1125    .text               c_w.l(_printf_char.o)
    0x0800e592   0x0800e592   0x00000002   PAD
    0x0800e594   0x0800e594   0x00000024   Code   RO         1127    .text               c_w.l(_printf_char_file.o)
    0x0800e5b8   0x0800e5b8   0x00000064   Code   RO         1130    .text               c_w.l(rt_memcpy_w.o)
    0x0800e61c   0x0800e61c   0x00000030   Code   RO         1147    .text               c_w.l(_printf_char_common.o)
    0x0800e64c   0x0800e64c   0x00000008   Code   RO         1149    .text               c_w.l(ferror.o)
    0x0800e654   0x0800e654   0x0000004a   Code   RO         1153    .text               c_w.l(sys_stackheap_outer.o)
    0x0800e69e   0x0800e69e   0x00000012   Code   RO         1157    .text               c_w.l(exit.o)
    0x0800e6b0   0x0800e6b0   0x00000008   Code   RO         1165    .text               c_w.l(libspace.o)
    0x0800e6b8   0x0800e6b8   0x0000000e   Code   RO         1095    i._is_digit         c_w.l(__printf_wp.o)
    0x0800e6c6   0x0800e6c6   0x0000000a   Code   RO         1224    x$fpl$fpinit        fz_wm.l(fpinit.o)
    0x0800e6d0   0x0800e6d0   0x00000040   Data   RO          911    .constdata          states.o
    0x0800e710   0x0800e710   0x00000046   Data   RO          985    .constdata          master.o
    0x0800e756   0x0800e756   0x00000028   Data   RO         1068    .constdata          c_w.l(_printf_hex_int.o)
    0x0800e77e   0x0800e77e   0x00000011   Data   RO         1103    .constdata          c_w.l(__printf_flags_ss_wp.o)
    0x0800e78f   0x0800e78f   0x00000001   PAD
    0x0800e790   0x0800e790   0x00000045   Data   RO            4    .conststring        main.o
    0x0800e7d5   0x0800e7d5   0x00000003   PAD
    0x0800e7d8   0x0800e7d8   0x00000044   Data   RO          875    .conststring        pdo.o
    0x0800e81c   0x0800e81c   0x0000076e   Data   RO          888    .conststring        sdo.o
    0x0800ef8a   0x0800ef8a   0x00000002   PAD
    0x0800ef8c   0x0800ef8c   0x00000020   Data   RO         1290    Region$$Table       anon$$obj.o


    Execution Region RW_IRAM1 (Exec base: 0x20000000, Load base: 0x0800efac, Size: 0x00000ba8, Max: 0x00020000, ABSOLUTE, COMPRESSED[0x00000104])

    Exec Addr    Load Addr    Size         Type   Attr      Idx    E Section Name        Object

    0x20000000   COMPRESSED   0x00000014   Data   RW          288    .data               system_stm32f4xx.o
    0x20000014   COMPRESSED   0x00000001   Data   RW          367    .data               motions.o
    0x20000015   COMPRESSED   0x00000003   PAD
    0x20000018   COMPRESSED   0x00000008   Data   RW          442    .data               wheel.o
    0x20000020   COMPRESSED   0x00000004   Data   RW          464    .data               delay.o
    0x20000024   COMPRESSED   0x00000008   Data   RW          504    .data               usart.o
    0x2000002c   COMPRESSED   0x00000002   Data   RW          536    .data               rs485.o
    0x2000002e   COMPRESSED   0x00000010   Data   RW          628    .data               stm32f4xx_rcc.o
    0x2000003e   COMPRESSED   0x00000002   PAD
    0x20000040   COMPRESSED   0x0000000c   Data   RW          937    .data               timer.o
    0x2000004c   COMPRESSED   0x00000388   Data   RW          986    .data               master.o
    0x200003d4   COMPRESSED   0x00000004   Data   RW         1006    .data               can1.o
    0x200003d8   COMPRESSED   0x0000000c   Data   RW         1028    .data               timer2.o
    0x200003e4        -       0x0000000c   Zero   RW          314    .bss                motion_drinking.o
    0x200003f0        -       0x0000000c   Zero   RW          342    .bss                motion_elbow.o
    0x200003fc        -       0x00000048   Zero   RW          393    .bss                epos_api.o
    0x20000444        -       0x00000040   Zero   RW          535    .bss                rs485.o
    0x20000484        -       0x000000c0   Zero   RW          936    .bss                timer.o
    0x20000544        -       0x00000060   Zero   RW         1166    .bss                c_w.l(libspace.o)
    0x200005a4   COMPRESSED   0x00000004   PAD
    0x200005a8        -       0x00000200   Zero   RW          556    HEAP                startup_stm32f40_41xxx.o
    0x200007a8        -       0x00000400   Zero   RW          555    STACK               startup_stm32f40_41xxx.o


==============================================================================

Image component sizes


      Code (inc. data)   RO Data    RW Data    ZI Data      Debug   Object Name

       728         84          0          4          0       2481   can1.o
       260          8          0          4          0       1597   delay.o
      1004        192          0          0          0       3911   emcy.o
      1676        372          0          0         72       8236   epos_api.o
       300         10          0          0          0       1235   led.o
      1480        292          0          0          0       5507   lifegrd.o
       668        354         69          0          0     302819   main.o
       124         14         70        904          0       4200   master.o
       224         20          0          0          0       1937   misc.o
      1300        398          0          0         12       2828   motion_drinking.o
       564        216          0          0         12       2130   motion_elbow.o
       148         36          0          1          0       1444   motions.o
       312        112          0          0          0       1481   nmtmaster.o
       420        102          0          0          0       1176   nmtslave.o
      1416        456          0          0          0       3700   objacces.o
      4612        964         68          0          0       9011   pdo.o
      2412        820          0          2         64       6952   rs485.o
     25728       4664       1902          0          0      23499   sdo.o
        64         26        392          0       1536        892   startup_stm32f40_41xxx.o
      1672        260         64          0          0       4419   states.o
      2544         38          0          0          0       8264   stm32f4xx_can.o
       660         44          0          0          0       4277   stm32f4xx_gpio.o
        26          0          0          0          0       1282   stm32f4xx_it.o
      1628         52          0         16          0      13212   stm32f4xx_rcc.o
      3234         60          0          0          0      23132   stm32f4xx_tim.o
      1108         34          0          0          0       8000   stm32f4xx_usart.o
       436         92          0          0          0       2374   sync.o
       528         46          0         20          0       1955   system_stm32f4xx.o
       496         80          0         12        192      13782   timer.o
       280         14          0         12          0       2158   timer2.o
       300         16          0          8          0       3852   usart.o
       448        146          0          8          0       1663   wheel.o

    ----------------------------------------------------------------------
     56804      10022       2602        996       1888     473406   Object Totals
         0          0         32          0          0          0   (incl. Generated)
         4          0          5          5          0          0   (incl. Padding)

    ----------------------------------------------------------------------

      Code (inc. data)   RO Data    RW Data    ZI Data      Debug   Library Member Name

        90          0          0          0          0          0   __dczerorl2.o
         8          0          0          0          0         68   __main.o
       392          4         17          0          0         92   __printf_flags_ss_wp.o
        14          0          0          0          0         68   __printf_wp.o
         0          0          0          0          0          0   __rtentry.o
        12          0          0          0          0          0   __rtentry2.o
         6          0          0          0          0          0   __rtentry4.o
        52          8          0          0          0          0   __scatter.o
        28          0          0          0          0          0   __scatter_zi.o
        44          0          0          0          0        108   _printf_char.o
        48          6          0          0          0         96   _printf_char_common.o
        36          4          0          0          0         80   _printf_char_file.o
         6          0          0          0          0          0   _printf_d.o
       120         16          0          0          0         92   _printf_dec.o
        88          4         40          0          0         88   _printf_hex_int.o
       178          0          0          0          0         88   _printf_intcommon.o
        78          0          0          0          0        108   _printf_pad.o
         0          0          0          0          0          0   _printf_percent.o
         4          0          0          0          0          0   _printf_percent_end.o
         6          0          0          0          0          0   _printf_s.o
        82          0          0          0          0         80   _printf_str.o
         6          0          0          0          0          0   _printf_u.o
         6          0          0          0          0          0   _printf_x.o
        18          0          0          0          0         80   exit.o
         8          0          0          0          0         68   ferror.o
         6          0          0          0          0        152   heapauxi.o
         2          0          0          0          0          0   libinit.o
         6          0          0          0          0          0   libinit2.o
         2          0          0          0          0          0   libshutdown.o
         2          0          0          0          0          0   libshutdown2.o
         8          4          0          0         96         68   libspace.o
        88          0          0          0          0         76   memcmp.o
        24          4          0          0          0         84   noretval__2printf.o
        78          0          0          0          0         80   rt_memclr_w.o
       138          0          0          0          0         68   rt_memcpy_v6.o
       100          0          0          0          0         80   rt_memcpy_w.o
         2          0          0          0          0          0   rtexit.o
        10          0          0          0          0          0   rtexit2.o
        74          0          0          0          0         80   sys_stackheap_outer.o
         2          0          0          0          0         68   use_no_semi.o
         2          0          0          0          0         68   use_no_semi_2.o
        10          0          0          0          0        116   fpinit.o

    ----------------------------------------------------------------------
      1892         50         58          0        100       2056   Library Totals
         8          0          1          0          4          0   (incl. Padding)

    ----------------------------------------------------------------------

      Code (inc. data)   RO Data    RW Data    ZI Data      Debug   Library Name

      1874         50         57          0         96       1940   c_w.l
        10          0          0          0          0        116   fz_wm.l

    ----------------------------------------------------------------------
      1892         50         58          0        100       2056   Library Totals

    ----------------------------------------------------------------------

==============================================================================


      Code (inc. data)   RO Data    RW Data    ZI Data      Debug   

     58696      10072       2660        996       1988     468074   Grand Totals
     58696      10072       2660        260       1988     468074   ELF Image Totals (compressed)
     58696      10072       2660        260          0          0   ROM Totals

==============================================================================

    Total RO  Size (Code + RO Data)                61356 (  59.92kB)
    Total RW  Size (RW Data + ZI Data)              2984 (   2.91kB)
    Total ROM Size (Code + RO Data + RW Data)      61616 (  60.17kB)

==============================================================================

