Component: ARM Compiler 5.06 update 4 (build 422) Tool: armlink [4d35d2]

==============================================================================

Section Cross References

    main.o(i.main) refers to misc.o(i.NVIC_PriorityGroupConfig) for NVIC_PriorityGroupConfig
    main.o(i.main) refers to delay.o(i.delay_init) for delay_init
    main.o(i.main) refers to usart.o(i.uart_init) for uart_init
    main.o(i.main) refers to led.o(i.LED_Init) for LED_Init
    main.o(i.main) refers to key.o(i.KEY_Init) for KEY_Init
    main.o(i.main) refers to lcd_driver.o(i.Lcd_Init) for Lcd_Init
    main.o(i.main) refers to lcd_driver.o(i.Lcd_Clear) for Lcd_Clear
    main.o(i.main) refers to gui.o(i.Gui_DrawFont_GBK16) for Gui_DrawFont_GBK16
    main.o(i.main) refers to timer.o(i.TIM3_Int_Init) for TIM3_Int_Init
    main.o(i.main) refers to stm32f4xx_tim.o(i.TIM_SetCounter) for TIM_SetCounter
    main.o(i.main) refers to main.o(i.sin_cos_test) for sin_cos_test
    main.o(i.main) refers to stm32f4xx_tim.o(i.TIM_GetCounter) for TIM_GetCounter
    main.o(i.main) refers to f2d.o(.text) for __aeabi_f2d
    main.o(i.main) refers to printfa.o(i.__0sprintf) for __2sprintf
    main.o(i.main) refers to main.o(.data) for timeout
    main.o(i.sin_cos_test) refers to cosf.o(i.__hardfp_cosf) for __hardfp_cosf
    main.o(i.sin_cos_test) refers to sinf.o(i.__hardfp_sinf) for __hardfp_sinf
    main.o(i.sin_cos_test) refers to arm_cos_f32.o(.text) for arm_cos_f32
    main.o(i.sin_cos_test) refers to arm_sin_f32.o(.text) for arm_sin_f32
    system_stm32f4xx.o(i.SystemCoreClockUpdate) refers to system_stm32f4xx.o(.data) for SystemCoreClock
    system_stm32f4xx.o(i.SystemInit) refers to system_stm32f4xx.o(i.SetSysClock) for SetSysClock
    led.o(i.LED_Init) refers to stm32f4xx_rcc.o(i.RCC_AHB1PeriphClockCmd) for RCC_AHB1PeriphClockCmd
    led.o(i.LED_Init) refers to stm32f4xx_gpio.o(i.GPIO_Init) for GPIO_Init
    led.o(i.LED_Init) refers to stm32f4xx_gpio.o(i.GPIO_SetBits) for GPIO_SetBits
    key.o(i.KEY_Init) refers to stm32f4xx_rcc.o(i.RCC_AHB1PeriphClockCmd) for RCC_AHB1PeriphClockCmd
    key.o(i.KEY_Init) refers to stm32f4xx_gpio.o(i.GPIO_Init) for GPIO_Init
    key.o(i.KEY_Scan) refers to stm32f4xx_gpio.o(i.GPIO_ReadInputDataBit) for GPIO_ReadInputDataBit
    key.o(i.KEY_Scan) refers to delay.o(i.delay_ms) for delay_ms
    key.o(i.KEY_Scan) refers to key.o(.data) for key_up
    timer.o(i.TIM3_IRQHandler) refers to stm32f4xx_tim.o(i.TIM_GetITStatus) for TIM_GetITStatus
    timer.o(i.TIM3_IRQHandler) refers to stm32f4xx_tim.o(i.TIM_ClearITPendingBit) for TIM_ClearITPendingBit
    timer.o(i.TIM3_Int_Init) refers to stm32f4xx_rcc.o(i.RCC_APB1PeriphClockCmd) for RCC_APB1PeriphClockCmd
    timer.o(i.TIM3_Int_Init) refers to stm32f4xx_tim.o(i.TIM_TimeBaseInit) for TIM_TimeBaseInit
    timer.o(i.TIM3_Int_Init) refers to stm32f4xx_tim.o(i.TIM_ITConfig) for TIM_ITConfig
    timer.o(i.TIM3_Int_Init) refers to stm32f4xx_tim.o(i.TIM_Cmd) for TIM_Cmd
    timer.o(i.TIM3_Int_Init) refers to misc.o(i.NVIC_Init) for NVIC_Init
    gui.o(i.DisplayButtonDown) refers to gui.o(i.Gui_DrawLine) for Gui_DrawLine
    gui.o(i.DisplayButtonUp) refers to gui.o(i.Gui_DrawLine) for Gui_DrawLine
    gui.o(i.Gui_Circle) refers to lcd_driver.o(i.Gui_DrawPoint) for Gui_DrawPoint
    gui.o(i.Gui_DrawFont_GBK16) refers to lcd_driver.o(i.Gui_DrawPoint) for Gui_DrawPoint
    gui.o(i.Gui_DrawFont_GBK16) refers to gui.o(.constdata) for asc16
    gui.o(i.Gui_DrawFont_GBK24) refers to lcd_driver.o(i.Gui_DrawPoint) for Gui_DrawPoint
    gui.o(i.Gui_DrawFont_GBK24) refers to gui.o(.constdata) for asc16
    gui.o(i.Gui_DrawFont_Num32) refers to lcd_driver.o(i.Gui_DrawPoint) for Gui_DrawPoint
    gui.o(i.Gui_DrawFont_Num32) refers to gui.o(.constdata) for sz32
    gui.o(i.Gui_DrawLine) refers to lcd_driver.o(i.Lcd_SetXY) for Lcd_SetXY
    gui.o(i.Gui_DrawLine) refers to lcd_driver.o(i.Gui_DrawPoint) for Gui_DrawPoint
    gui.o(i.Gui_box) refers to gui.o(i.Gui_DrawLine) for Gui_DrawLine
    gui.o(i.Gui_box2) refers to gui.o(i.Gui_DrawLine) for Gui_DrawLine
    lcd_driver.o(i.Gui_DrawPoint) refers to lcd_driver.o(i.Lcd_SetRegion) for Lcd_SetRegion
    lcd_driver.o(i.Gui_DrawPoint) refers to lcd_driver.o(i.LCD_WriteData_16Bit) for LCD_WriteData_16Bit
    lcd_driver.o(i.LCD_GPIO_Init) refers to stm32f4xx_rcc.o(i.RCC_AHB1PeriphClockCmd) for RCC_AHB1PeriphClockCmd
    lcd_driver.o(i.LCD_GPIO_Init) refers to stm32f4xx_gpio.o(i.GPIO_Init) for GPIO_Init
    lcd_driver.o(i.LCD_GPIO_Init) refers to stm32f4xx_gpio.o(i.GPIO_SetBits) for GPIO_SetBits
    lcd_driver.o(i.LCD_GPIO_Init) refers to stm32f4xx_gpio.o(i.GPIO_ResetBits) for GPIO_ResetBits
    lcd_driver.o(i.LCD_WriteData_16Bit) refers to stm32f4xx_gpio.o(i.GPIO_ResetBits) for GPIO_ResetBits
    lcd_driver.o(i.LCD_WriteData_16Bit) refers to stm32f4xx_gpio.o(i.GPIO_SetBits) for GPIO_SetBits
    lcd_driver.o(i.LCD_WriteData_16Bit) refers to lcd_driver.o(i.SPI_WriteData) for SPI_WriteData
[...]
    printf4.o(i.__0fprintf$4) refers to usart.o(i.fputc) for fputc
    printf4.o(i.__0printf$4) refers to printf4.o(i._printf_core) for _printf_core
    printf4.o(i.__0printf$4) refers to usart.o(i.fputc) for fputc
    printf4.o(i.__0printf$4) refers to usart.o(.data) for __stdout
    printf4.o(i.__0snprintf$4) refers to printf4.o(i._printf_core) for _printf_core
    printf4.o(i.__0snprintf$4) refers to printf4.o(i._snputc) for _snputc
    printf4.o(i.__0sprintf$4) refers to printf4.o(i._printf_core) for _printf_core
    printf4.o(i.__0sprintf$4) refers to printf4.o(i._sputc) for _sputc
    printf4.o(i.__0vfprintf$4) refers to printf4.o(i._printf_core) for _printf_core
    printf4.o(i.__0vfprintf$4) refers to usart.o(i.fputc) for fputc
    printf4.o(i.__0vprintf$4) refers to printf4.o(i._printf_core) for _printf_core
    printf4.o(i.__0vprintf$4) refers to usart.o(i.fputc) for fputc
    printf4.o(i.__0vprintf$4) refers to usart.o(.data) for __stdout
    printf4.o(i.__0vsnprintf$4) refers to printf4.o(i._printf_core) for _printf_core
    printf4.o(i.__0vsnprintf$4) refers to printf4.o(i._snputc) for _snputc
    printf4.o(i.__0vsprintf$4) refers to printf4.o(i._printf_core) for _printf_core
    printf4.o(i.__0vsprintf$4) refers to printf4.o(i._sputc) for _sputc
    printf4.o(i._printf_core) refers to uldiv.o(.text) for __aeabi_uldivmod
    printf5.o(i.__0fprintf$5) refers to printf5.o(i._printf_core) for _printf_core
    printf5.o(i.__0fprintf$5) refers to usart.o(i.fputc) for fputc
    printf5.o(i.__0printf$5) refers to printf5.o(i._printf_core) for _printf_core
    printf5.o(i.__0printf$5) refers to usart.o(i.fputc) for fputc
    printf5.o(i.__0printf$5) refers to usart.o(.data) for __stdout
    printf5.o(i.__0snprintf$5) refers to printf5.o(i._printf_core) for _printf_core
    printf5.o(i.__0snprintf$5) refers to printf5.o(i._snputc) for _snputc
    printf5.o(i.__0sprintf$5) refers to printf5.o(i._printf_core) for _printf_core
    printf5.o(i.__0sprintf$5) refers to printf5.o(i._sputc) for _sputc
    printf5.o(i.__0vfprintf$5) refers to printf5.o(i._printf_core) for _printf_core
    printf5.o(i.__0vfprintf$5) refers to usart.o(i.fputc) for fputc
    printf5.o(i.__0vprintf$5) refers to printf5.o(i._printf_core) for _printf_core
    printf5.o(i.__0vprintf$5) refers to usart.o(i.fputc) for fputc
    printf5.o(i.__0vprintf$5) refers to usart.o(.data) for __stdout
    printf5.o(i.__0vsnprintf$5) refers to printf5.o(i._printf_core) for _printf_core
    printf5.o(i.__0vsnprintf$5) refers to printf5.o(i._snputc) for _snputc
    printf5.o(i.__0vsprintf$5) refers to printf5.o(i._printf_core) for _printf_core
    printf5.o(i.__0vsprintf$5) refers to printf5.o(i._sputc) for _sputc
    printf5.o(i._printf_core) refers to uldiv.o(.text) for __aeabi_uldivmod
    printf6.o(i.__0fprintf$6) refers to printf6.o(i._printf_core) for _printf_core
    printf6.o(i.__0fprintf$6) refers to usart.o(i.fputc) for fputc
    printf6.o(i.__0printf$6) refers to printf6.o(i._printf_core) for _printf_core
    printf6.o(i.__0printf$6) refers to usart.o(i.fputc) for fputc
    printf6.o(i.__0printf$6) refers to usart.o(.data) for __stdout
    printf6.o(i.__0snprintf$6) refers to printf6.o(i._printf_core) for _printf_core
    printf6.o(i.__0snprintf$6) refers to printf6.o(i._snputc) for _snputc
    printf6.o(i.__0sprintf$6) refers to printf6.o(i._printf_core) for _printf_core
    printf6.o(i.__0sprintf$6) refers to printf6.o(i._sputc) for _sputc
    printf6.o(i.__0vfprintf$6) refers to printf6.o(i._printf_core) for _printf_core
    printf6.o(i.__0vfprintf$6) refers to usart.o(i.fputc) for fputc
    printf6.o(i.__0vprintf$6) refers to printf6.o(i._printf_core) for _printf_core
    printf6.o(i.__0vprintf$6) refers to usart.o(i.fputc) for fputc
    printf6.o(i.__0vprintf$6) refers to usart.o(.data) for __stdout
    printf6.o(i.__0vsnprintf$6) refers to printf6.o(i._printf_core) for _printf_core
    printf6.o(i.__0vsnprintf$6) refers to printf6.o(i._snputc) for _snputc
    printf6.o(i.__0vsprintf$6) refers to printf6.o(i._printf_core) for _printf_core
    printf6.o(i.__0vsprintf$6) refers to printf6.o(i._sputc) for _sputc
    printf6.o(i._printf_core) refers to printf6.o(i._printf_pre_padding) for _printf_pre_padding
    printf6.o(i._printf_core) refers to uidiv.o(.text) for __aeabi_uidivmod
    printf6.o(i._printf_core) refers to printf6.o(i._printf_post_padding) for _printf_post_padding
    printf7.o(i.__0fprintf$7) refers to printf7.o(i._printf_core) for _printf_core
    printf7.o(i.__0fprintf$7) refers to usart.o(i.fputc) for fputc
    printf7.o(i.__0printf$7) refers to printf7.o(i._printf_core) for _printf_core
    printf7.o(i.__0printf$7) refers to usart.o(i.fputc) for fputc
    printf7.o(i.__0printf$7) refers to usart.o(.data) for __stdout
    printf7.o(i.__0snprintf$7) refers to printf7.o(i._printf_core) for _printf_core
    printf7.o(i.__0snprintf$7) refers to printf7.o(i._snputc) for _snputc
    printf7.o(i.__0sprintf$7) refers to printf7.o(i._printf_core) for _printf_core
    printf7.o(i.__0sprintf$7) refers to printf7.o(i._sputc) for _sputc
    printf7.o(i.__0vfprintf$7) refers to printf7.o(i._printf_core) for _printf_core
    printf7.o(i.__0vfprintf$7) refers to usart.o(i.fputc) for fputc
    printf7.o(i.__0vprintf$7) refers to printf7.o(i._printf_core) for _printf_core
    printf7.o(i.__0vprintf$7) refers to usart.o(i.fputc) for fputc
    printf7.o(i.__0vprintf$7) refers to usart.o(.data) for __stdout
    printf7.o(i.__0vsnprintf$7) refers to printf7.o(i._printf_core) for _printf_core
    printf7.o(i.__0vsnprintf$7) refers to printf7.o(i._snputc) for _snputc
    printf7.o(i.__0vsprintf$7) refers to printf7.o(i._printf_core) for _printf_core
    printf7.o(i.__0vsprintf$7) refers to printf7.o(i._sputc) for _sputc
    printf7.o(i._printf_core) refers to printf7.o(i._printf_pre_padding) for _printf_pre_padding
    printf7.o(i._printf_core) refers to uldiv.o(.text) for __aeabi_uldivmod
    printf7.o(i._printf_core) refers to printf7.o(i._printf_post_padding) for _printf_post_padding
    printf8.o(i.__0fprintf$8) refers to printf8.o(i._printf_core) for _printf_core
    printf8.o(i.__0fprintf$8) refers to usart.o(i.fputc) for fputc
    printf8.o(i.__0printf$8) refers to printf8.o(i._printf_core) for _printf_core
    printf8.o(i.__0printf$8) refers to usart.o(i.fputc) for fputc
    printf8.o(i.__0printf$8) refers to usart.o(.data) for __stdout
    printf8.o(i.__0snprintf$8) refers to printf8.o(i._printf_core) for _printf_core
    printf8.o(i.__0snprintf$8) refers to printf8.o(i._snputc) for _snputc
    printf8.o(i.__0sprintf$8) refers to printf8.o(i._printf_core) for _printf_core
    printf8.o(i.__0sprintf$8) refers to printf8.o(i._sputc) for _sputc
    printf8.o(i.__0vfprintf$8) refers to printf8.o(i._printf_core) for _printf_core
    printf8.o(i.__0vfprintf$8) refers to usart.o(i.fputc) for fputc
    printf8.o(i.__0vprintf$8) refers to printf8.o(i._printf_core) for _printf_core
    printf8.o(i.__0vprintf$8) refers to usart.o(i.fputc) for fputc
    printf8.o(i.__0vprintf$8) refers to usart.o(.data) for __stdout
    printf8.o(i.__0vsnprintf$8) refers to printf8.o(i._printf_core) for _printf_core
    printf8.o(i.__0vsnprintf$8) refers to printf8.o(i._snputc) for _snputc
    printf8.o(i.__0vsprintf$8) refers to printf8.o(i._printf_core) for _printf_core
    printf8.o(i.__0vsprintf$8) refers to printf8.o(i._sputc) for _sputc
    printf8.o(i._printf_core) refers to printf8.o(i._printf_pre_padding) for _printf_pre_padding
    printf8.o(i._printf_core) refers to uldiv.o(.text) for __aeabi_uldivmod
    printf8.o(i._printf_core) refers to printf8.o(i._printf_post_padding) for _printf_post_padding
    printfa.o(i.__0fprintf) refers (Special) to iusefp.o(.text) for __I$use$fp
    printfa.o(i.__0fprintf) refers to printfa.o(i._printf_core) for _printf_core
    printfa.o(i.__0fprintf) refers to usart.o(i.fputc) for fputc
    printfa.o(i.__0printf) refers (Special) to iusefp.o(.text) for __I$use$fp
    printfa.o(i.__0printf) refers to printfa.o(i._printf_core) for _printf_core
    printfa.o(i.__0printf) refers to usart.o(i.fputc) for fputc
    printfa.o(i.__0printf) refers to usart.o(.data) for __stdout
    printfa.o(i.__0snprintf) refers (Special) to iusefp.o(.text) for __I$use$fp
    printfa.o(i.__0snprintf) refers to printfa.o(i._printf_core) for _printf_core
    printfa.o(i.__0snprintf) refers to printfa.o(i._snputc) for _snputc
    printfa.o(i.__0sprintf) refers (Special) to iusefp.o(.text) for __I$use$fp
    printfa.o(i.__0sprintf) refers to printfa.o(i._printf_core) for _printf_core
    printfa.o(i.__0sprintf) refers to printfa.o(i._sputc) for _sputc
    printfa.o(i.__0vfprintf) refers (Special) to iusefp.o(.text) for __I$use$fp
    printfa.o(i.__0vfprintf) refers to printfa.o(i._printf_core) for _printf_core
    printfa.o(i.__0vfprintf) refers to usart.o(i.fputc) for fputc
    printfa.o(i.__0vprintf) refers (Special) to iusefp.o(.text) for __I$use$fp
    printfa.o(i.__0vprintf) refers to printfa.o(i._printf_core) for _printf_core
    printfa.o(i.__0vprintf) refers to usart.o(i.fputc) for fputc
    printfa.o(i.__0vprintf) refers to usart.o(.data) for __stdout
    printfa.o(i.__0vsnprintf) refers (Special) to iusefp.o(.text) for __I$use$fp
    printfa.o(i.__0vsnprintf) refers to printfa.o(i._printf_core) for _printf_core
    printfa.o(i.__0vsnprintf) refers to printfa.o(i._snputc) for _snputc
    printfa.o(i.__0vsprintf) refers (Special) to iusefp.o(.text) for __I$use$fp
    printfa.o(i.__0vsprintf) refers to printfa.o(i._printf_core) for _printf_core
    printfa.o(i.__0vsprintf) refers to printfa.o(i._sputc) for _sputc
    printfa.o(i._fp_digits) refers (Special) to iusefp.o(.text) for __I$use$fp
    printfa.o(i._fp_digits) refers to dmul.o(.text) for __aeabi_dmul
    printfa.o(i._fp_digits) refers to ddiv.o(.text) for __aeabi_ddiv
    printfa.o(i._fp_digits) refers to cdrcmple.o(.text) for __aeabi_cdrcmple
    printfa.o(i._fp_digits) refers to dadd.o(.text) for __aeabi_dadd
    printfa.o(i._fp_digits) refers to dfixul.o(.text) for __aeabi_d2ulz
    printfa.o(i._fp_digits) refers to uldiv.o(.text) for __aeabi_uldivmod
    printfa.o(i._printf_core) refers (Special) to iusefp.o(.text) for __I$use$fp
    printfa.o(i._printf_core) refers to printfa.o(i._printf_pre_padding) for _printf_pre_padding
    printfa.o(i._printf_core) refers to uldiv.o(.text) for __aeabi_uldivmod
    printfa.o(i._printf_core) refers to printfa.o(i._printf_post_padding) for _printf_post_padding
    printfa.o(i._printf_core) refers to printfa.o(i._fp_digits) for _fp_digits
    printfa.o(i._printf_core) refers to uidiv.o(.text) for __aeabi_uidivmod
    printfa.o(i._printf_post_padding) refers (Special) to iusefp.o(.text) for __I$use$fp
    printfa.o(i._printf_pre_padding) refers (Special) to iusefp.o(.text) for __I$use$fp
    printfa.o(i._snputc) refers (Special) to iusefp.o(.text) for __I$use$fp
    printfa.o(i._sputc) refers (Special) to iusefp.o(.text) for __I$use$fp
    f2d.o(.text) refers (Special) to iusefp.o(.text) for __I$use$fp
    fpclassifyf.o(i.__ARM_fpclassifyf) refers (Special) to iusefp.o(.text) for __I$use$fp
    rredf.o(i.__mathlib_rredf2) refers (Special) to iusefp.o(.text) for __I$use$fp
    rredf.o(i.__mathlib_rredf2) refers to rredf.o(.constdata) for .constdata
    rredf.o(.constdata) refers (Special) to iusefp.o(.text) for __I$use$fp
    entry2.o(.ARM.Collect$$$$00000001) refers to entry2.o(.ARM.Collect$$$$00002712) for __lit__00000000
    entry2.o(.ARM.Collect$$$$00002712) refers to startup_stm32f40_41xxx.o(STACK) for __initial_sp
    entry2.o(__vectab_stack_and_reset_area) refers to startup_stm32f40_41xxx.o(STACK) for __initial_sp
    entry2.o(__vectab_stack_and_reset_area) refers to entry.o(.ARM.Collect$$$$00000000) for __main
    entry5.o(.ARM.Collect$$$$00000004) refers to init.o(.text) for __scatterload
    entry9a.o(.ARM.Collect$$$$0000000B) refers to main.o(i.main) for main
    entry9b.o(.ARM.Collect$$$$0000000C) refers to main.o(i.main) for main
    uldiv.o(.text) refers to llushr.o(.text) for __aeabi_llsr
    uldiv.o(.text) refers to llshl.o(.text) for __aeabi_llsl
    errno.o(i.__aeabi_errno_addr) refers to errno.o(.data) for .data
    errno.o(i.__read_errno) refers to errno.o(.data) for .data
    errno.o(i.__set_errno) refers to errno.o(.data) for .data
    dadd.o(.text) refers to llshl.o(.text) for __aeabi_llsl
    dadd.o(.text) refers to llsshr.o(.text) for __aeabi_lasr
    dadd.o(.text) refers to depilogue.o(.text) for _double_epilogue
    dmul.o(.text) refers to depilogue.o(.text) for _double_epilogue
    ddiv.o(.text) refers to depilogue.o(.text) for _double_round
    dfixul.o(.text) refers to llushr.o(.text) for __aeabi_llsr
    dfixul.o(.text) refers to llshl.o(.text) for __aeabi_llsl
    init.o(.text) refers to entry5.o(.ARM.Collect$$$$00000004) for __main_after_scatterload
    depilogue.o(.text) refers to llshl.o(.text) for __aeabi_llsl
    depilogue.o(.text) refers to llushr.o(.text) for __aeabi_llsr


==============================================================================

Removing Unused input sections from the image.

    Removing main.o(.rev16_text), (4 bytes).
    Removing main.o(.revsh_text), (4 bytes).
    Removing stm32f4xx_it.o(.rev16_text), (4 bytes).
    Removing stm32f4xx_it.o(.revsh_text), (4 bytes).
    Removing system_stm32f4xx.o(.rev16_text), (4 bytes).
    Removing system_stm32f4xx.o(.revsh_text), (4 bytes).
    Removing system_stm32f4xx.o(i.SystemCoreClockUpdate), (192 bytes).
    Removing system_stm32f4xx.o(.data), (20 bytes).
    Removing led.o(.rev16_text), (4 bytes).
    Removing led.o(.revsh_text), (4 bytes).
    Removing key.o(.rev16_text), (4 bytes).
    Removing key.o(.revsh_text), (4 bytes).
    Removing key.o(i.KEY_Scan), (168 bytes).
    Removing key.o(.data), (1 bytes).
    Removing timer.o(.rev16_text), (4 bytes).
    Removing timer.o(.revsh_text), (4 bytes).
    Removing gui.o(.rev16_text), (4 bytes).
    Removing gui.o(.revsh_text), (4 bytes).
    Removing gui.o(i.DisplayButtonDown), (130 bytes).
    Removing gui.o(i.DisplayButtonUp), (130 bytes).
    Removing gui.o(i.Gui_Circle), (300 bytes).
    Removing gui.o(i.Gui_DrawFont_GBK24), (496 bytes).
    Removing gui.o(i.Gui_DrawFont_Num32), (128 bytes).
    Removing gui.o(i.Gui_DrawLine), (186 bytes).
    Removing gui.o(i.Gui_box), (188 bytes).
    Removing gui.o(i.Gui_box2), (386 bytes).
    Removing gui.o(i.LCD_BGR2RGB), (26 bytes).
    Removing lcd_driver.o(.rev16_text), (4 bytes).
    Removing lcd_driver.o(.revsh_text), (4 bytes).
    Removing lcd_driver.o(i.Lcd_SetXY), (20 bytes).
    Removing lcd_driver.o(i.Lcd_WriteReg), (20 bytes).
    Removing delay.o(.rev16_text), (4 bytes).
    Removing delay.o(.revsh_text), (4 bytes).
    Removing delay.o(i.delay_us), (76 bytes).
    Removing sys.o(.rev16_text), (4 bytes).
    Removing sys.o(.revsh_text), (4 bytes).
    Removing sys.o(.emb_text), (16 bytes).
    Removing usart.o(.rev16_text), (4 bytes).
    Removing usart.o(.revsh_text), (4 bytes).
    Removing usart.o(i._sys_exit), (4 bytes).
    Removing usart.o(i.fputc), (28 bytes).
    Removing startup_stm32f40_41xxx.o(HEAP), (512 bytes).
    Removing misc.o(.rev16_text), (4 bytes).
    Removing misc.o(.revsh_text), (4 bytes).
    Removing misc.o(i.NVIC_SetVectorTable), (20 bytes).
    Removing misc.o(i.NVIC_SystemLPConfig), (32 bytes).
    Removing stm32f4xx_gpio.o(.rev16_text), (4 bytes).
    Removing stm32f4xx_gpio.o(.revsh_text), (4 bytes).
    Removing stm32f4xx_gpio.o(i.GPIO_DeInit), (312 bytes).
    Removing stm32f4xx_gpio.o(i.GPIO_PinLockConfig), (34 bytes).
    Removing stm32f4xx_gpio.o(i.GPIO_ReadInputData), (8 bytes).
    Removing stm32f4xx_gpio.o(i.GPIO_ReadInputDataBit), (18 bytes).
    Removing stm32f4xx_gpio.o(i.GPIO_ReadOutputData), (8 bytes).
    Removing stm32f4xx_gpio.o(i.GPIO_ReadOutputDataBit), (18 bytes).
    Removing stm32f4xx_gpio.o(i.GPIO_StructInit), (18 bytes).
    Removing stm32f4xx_gpio.o(i.GPIO_ToggleBits), (8 bytes).
    Removing stm32f4xx_gpio.o(i.GPIO_Write), (4 bytes).
    Removing stm32f4xx_gpio.o(i.GPIO_WriteBit), (10 bytes).
    Removing stm32f4xx_fsmc.o(.rev16_text), (4 bytes).
    Removing stm32f4xx_fsmc.o(.revsh_text), (4 bytes).
    Removing stm32f4xx_fsmc.o(i.FSMC_ClearFlag), (64 bytes).
    Removing stm32f4xx_fsmc.o(i.FSMC_ClearITPendingBit), (72 bytes).
    Removing stm32f4xx_fsmc.o(i.FSMC_GetECC), (28 bytes).
    Removing stm32f4xx_fsmc.o(i.FSMC_GetFlagStatus), (56 bytes).
    Removing stm32f4xx_fsmc.o(i.FSMC_GetITStatus), (68 bytes).
    Removing stm32f4xx_fsmc.o(i.FSMC_ITConfig), (128 bytes).
    Removing stm32f4xx_fsmc.o(i.FSMC_NANDCmd), (92 bytes).
    Removing stm32f4xx_fsmc.o(i.FSMC_NANDDeInit), (68 bytes).
    Removing stm32f4xx_fsmc.o(i.FSMC_NANDECCCmd), (92 bytes).
    Removing stm32f4xx_fsmc.o(i.FSMC_NANDInit), (136 bytes).
    Removing stm32f4xx_fsmc.o(i.FSMC_NANDStructInit), (54 bytes).
    Removing stm32f4xx_fsmc.o(i.FSMC_NORSRAMCmd), (52 bytes).
    Removing stm32f4xx_fsmc.o(i.FSMC_NORSRAMDeInit), (54 bytes).
    Removing stm32f4xx_fsmc.o(i.FSMC_NORSRAMInit), (230 bytes).
    Removing stm32f4xx_fsmc.o(i.FSMC_NORSRAMStructInit), (52 bytes).
    Removing stm32f4xx_fsmc.o(i.FSMC_PCCARDCmd), (48 bytes).
    Removing stm32f4xx_fsmc.o(i.FSMC_PCCARDDeInit), (40 bytes).
    Removing stm32f4xx_fsmc.o(i.FSMC_PCCARDInit), (132 bytes).
    Removing stm32f4xx_fsmc.o(i.FSMC_PCCARDStructInit), (60 bytes).
    Removing stm32f4xx_fsmc.o(.constdata), (28 bytes).
    Removing stm32f4xx_rcc.o(.rev16_text), (4 bytes).
    Removing stm32f4xx_rcc.o(.revsh_text), (4 bytes).
    Removing stm32f4xx_rcc.o(i.RCC_AHB1PeriphClockLPModeCmd), (32 bytes).
    Removing stm32f4xx_rcc.o(i.RCC_AHB1PeriphResetCmd), (32 bytes).
    Removing stm32f4xx_rcc.o(i.RCC_AHB2PeriphClockCmd), (32 bytes).
    Removing stm32f4xx_rcc.o(i.RCC_AHB2PeriphClockLPModeCmd), (32 bytes).
    Removing stm32f4xx_rcc.o(i.RCC_AHB2PeriphResetCmd), (32 bytes).
    Removing stm32f4xx_rcc.o(i.RCC_AHB3PeriphClockCmd), (32 bytes).
    Removing stm32f4xx_rcc.o(i.RCC_AHB3PeriphClockLPModeCmd), (32 bytes).
    Removing stm32f4xx_rcc.o(i.RCC_AHB3PeriphResetCmd), (32 bytes).
    Removing stm32f4xx_rcc.o(i.RCC_APB1PeriphClockLPModeCmd), (32 bytes).
    Removing stm32f4xx_rcc.o(i.RCC_APB1PeriphResetCmd), (32 bytes).
    Removing stm32f4xx_rcc.o(i.RCC_APB2PeriphClockLPModeCmd), (32 bytes).
    Removing stm32f4xx_rcc.o(i.RCC_APB2PeriphResetCmd), (32 bytes).
    Removing stm32f4xx_rcc.o(i.RCC_AdjustHSICalibrationValue), (24 bytes).
    Removing stm32f4xx_rcc.o(i.RCC_BackupResetCmd), (12 bytes).
    Removing stm32f4xx_rcc.o(i.RCC_ClearFlag), (20 bytes).
    Removing stm32f4xx_rcc.o(i.RCC_ClearITPendingBit), (12 bytes).
    Removing stm32f4xx_rcc.o(i.RCC_ClockSecuritySystemCmd), (12 bytes).
    Removing stm32f4xx_rcc.o(i.RCC_DeInit), (100 bytes).
    Removing stm32f4xx_rcc.o(i.RCC_GetFlagStatus), (64 bytes).
    Removing stm32f4xx_rcc.o(i.RCC_GetITStatus), (24 bytes).
    Removing stm32f4xx_rcc.o(i.RCC_GetSYSCLKSource), (16 bytes).
    Removing stm32f4xx_rcc.o(i.RCC_HCLKConfig), (24 bytes).
    Removing stm32f4xx_rcc.o(i.RCC_HSEConfig), (16 bytes).
    Removing stm32f4xx_rcc.o(i.RCC_HSICmd), (12 bytes).
    Removing stm32f4xx_rcc.o(i.RCC_I2SCLKConfig), (12 bytes).
    Removing stm32f4xx_rcc.o(i.RCC_ITConfig), (32 bytes).
    Removing stm32f4xx_rcc.o(i.RCC_LSEConfig), (44 bytes).
    Removing stm32f4xx_rcc.o(i.RCC_LSEModeConfig), (36 bytes).
    Removing stm32f4xx_rcc.o(i.RCC_LSICmd), (12 bytes).
    Removing stm32f4xx_rcc.o(i.RCC_LTDCCLKDivConfig), (24 bytes).
    Removing stm32f4xx_rcc.o(i.RCC_MCO1Config), (28 bytes).
    Removing stm32f4xx_rcc.o(i.RCC_MCO2Config), (28 bytes).
    Removing stm32f4xx_rcc.o(i.RCC_PCLK1Config), (24 bytes).
    Removing stm32f4xx_rcc.o(i.RCC_PCLK2Config), (24 bytes).
    Removing stm32f4xx_rcc.o(i.RCC_PLLCmd), (12 bytes).
    Removing stm32f4xx_rcc.o(i.RCC_PLLConfig), (36 bytes).
    Removing stm32f4xx_rcc.o(i.RCC_PLLI2SCmd), (12 bytes).
    Removing stm32f4xx_rcc.o(i.RCC_PLLI2SConfig), (16 bytes).
    Removing stm32f4xx_rcc.o(i.RCC_PLLSAICmd), (12 bytes).
    Removing stm32f4xx_rcc.o(i.RCC_PLLSAIConfig), (24 bytes).
    Removing stm32f4xx_rcc.o(i.RCC_RTCCLKCmd), (12 bytes).
    Removing stm32f4xx_rcc.o(i.RCC_RTCCLKConfig), (60 bytes).
    Removing stm32f4xx_rcc.o(i.RCC_SAIBlockACLKConfig), (24 bytes).
    Removing stm32f4xx_rcc.o(i.RCC_SAIBlockBCLKConfig), (24 bytes).
    Removing stm32f4xx_rcc.o(i.RCC_SAIPLLI2SClkDivConfig), (28 bytes).
    Removing stm32f4xx_rcc.o(i.RCC_SAIPLLSAIClkDivConfig), (28 bytes).
    Removing stm32f4xx_rcc.o(i.RCC_SYSCLKConfig), (24 bytes).
    Removing stm32f4xx_rcc.o(i.RCC_TIMCLKPresConfig), (12 bytes).
    Removing stm32f4xx_rcc.o(i.RCC_WaitForHSEStartUp), (56 bytes).
    Removing stm32f4xx_syscfg.o(.rev16_text), (4 bytes).
    Removing stm32f4xx_syscfg.o(.revsh_text), (4 bytes).
    Removing stm32f4xx_syscfg.o(i.SYSCFG_CompensationCellCmd), (12 bytes).
    Removing stm32f4xx_syscfg.o(i.SYSCFG_DeInit), (22 bytes).
    Removing stm32f4xx_syscfg.o(i.SYSCFG_ETH_MediaInterfaceConfig), (12 bytes).
    Removing stm32f4xx_syscfg.o(i.SYSCFG_EXTILineConfig), (64 bytes).
    Removing stm32f4xx_syscfg.o(i.SYSCFG_GetCompensationCellStatus), (24 bytes).
    Removing stm32f4xx_syscfg.o(i.SYSCFG_MemoryRemapConfig), (12 bytes).
    Removing stm32f4xx_syscfg.o(i.SYSCFG_MemorySwappingBank), (12 bytes).
    Removing stm32f4xx_usart.o(.rev16_text), (4 bytes).
    Removing stm32f4xx_usart.o(.revsh_text), (4 bytes).
    Removing stm32f4xx_usart.o(i.USART_ClearITPendingBit), (30 bytes).
    Removing stm32f4xx_usart.o(i.USART_ClockInit), (32 bytes).
    Removing stm32f4xx_usart.o(i.USART_ClockStructInit), (12 bytes).
    Removing stm32f4xx_usart.o(i.USART_DMACmd), (18 bytes).
    Removing stm32f4xx_usart.o(i.USART_DeInit), (240 bytes).
    Removing stm32f4xx_usart.o(i.USART_GetFlagStatus), (26 bytes).
    Removing stm32f4xx_usart.o(i.USART_HalfDuplexCmd), (24 bytes).
    Removing stm32f4xx_usart.o(i.USART_IrDACmd), (24 bytes).
    Removing stm32f4xx_usart.o(i.USART_IrDAConfig), (18 bytes).
    Removing stm32f4xx_usart.o(i.USART_LINBreakDetectLengthConfig), (18 bytes).
    Removing stm32f4xx_usart.o(i.USART_LINCmd), (24 bytes).
    Removing stm32f4xx_usart.o(i.USART_OneBitMethodCmd), (24 bytes).
    Removing stm32f4xx_usart.o(i.USART_OverSampling8Cmd), (22 bytes).
    Removing stm32f4xx_usart.o(i.USART_ReceiverWakeUpCmd), (24 bytes).
    Removing stm32f4xx_usart.o(i.USART_SendBreak), (10 bytes).
    Removing stm32f4xx_usart.o(i.USART_SendData), (8 bytes).
    Removing stm32f4xx_usart.o(i.USART_SetAddress), (18 bytes).
    Removing stm32f4xx_usart.o(i.USART_SetGuardTime), (16 bytes).
    Removing stm32f4xx_usart.o(i.USART_SetPrescaler), (16 bytes).
    Removing stm32f4xx_usart.o(i.USART_SmartCardCmd), (24 bytes).
    Removing stm32f4xx_usart.o(i.USART_SmartCardNACKCmd), (24 bytes).
    Removing stm32f4xx_usart.o(i.USART_StructInit), (24 bytes).
    Removing stm32f4xx_usart.o(i.USART_WakeUpConfig), (18 bytes).
    Removing stm32f4xx_tim.o(.rev16_text), (4 bytes).
    Removing stm32f4xx_tim.o(.revsh_text), (4 bytes).
    Removing stm32f4xx_tim.o(i.TI1_Config), (58 bytes).
    Removing stm32f4xx_tim.o(i.TI2_Config), (80 bytes).
    Removing stm32f4xx_tim.o(i.TI3_Config), (72 bytes).
    Removing stm32f4xx_tim.o(i.TI4_Config), (80 bytes).
    Removing stm32f4xx_tim.o(i.TIM_ARRPreloadConfig), (24 bytes).
    Removing stm32f4xx_tim.o(i.TIM_BDTRConfig), (32 bytes).
    Removing stm32f4xx_tim.o(i.TIM_BDTRStructInit), (18 bytes).
    Removing stm32f4xx_tim.o(i.TIM_CCPreloadControl), (24 bytes).
    Removing stm32f4xx_tim.o(i.TIM_CCxCmd), (30 bytes).
    Removing stm32f4xx_tim.o(i.TIM_CCxNCmd), (30 bytes).
    Removing stm32f4xx_tim.o(i.TIM_ClearFlag), (6 bytes).
    Removing stm32f4xx_tim.o(i.TIM_ClearOC1Ref), (18 bytes).
    Removing stm32f4xx_tim.o(i.TIM_ClearOC2Ref), (24 bytes).
    Removing stm32f4xx_tim.o(i.TIM_ClearOC3Ref), (18 bytes).
    Removing stm32f4xx_tim.o(i.TIM_ClearOC4Ref), (24 bytes).
    Removing stm32f4xx_tim.o(i.TIM_CounterModeConfig), (18 bytes).
    Removing stm32f4xx_tim.o(i.TIM_CtrlPWMOutputs), (30 bytes).
    Removing stm32f4xx_tim.o(i.TIM_DMACmd), (18 bytes).
    Removing stm32f4xx_tim.o(i.TIM_DMAConfig), (10 bytes).
    Removing stm32f4xx_tim.o(i.TIM_DeInit), (400 bytes).
    Removing stm32f4xx_tim.o(i.TIM_ETRClockMode1Config), (54 bytes).
    Removing stm32f4xx_tim.o(i.TIM_ETRClockMode2Config), (32 bytes).
    Removing stm32f4xx_tim.o(i.TIM_ETRConfig), (28 bytes).
    Removing stm32f4xx_tim.o(i.TIM_EncoderInterfaceConfig), (66 bytes).
    Removing stm32f4xx_tim.o(i.TIM_ForcedOC1Config), (18 bytes).
    Removing stm32f4xx_tim.o(i.TIM_ForcedOC2Config), (26 bytes).
    Removing stm32f4xx_tim.o(i.TIM_ForcedOC3Config), (18 bytes).
    Removing stm32f4xx_tim.o(i.TIM_ForcedOC4Config), (26 bytes).
    Removing stm32f4xx_tim.o(i.TIM_GenerateEvent), (4 bytes).
    Removing stm32f4xx_tim.o(i.TIM_GetCapture1), (6 bytes).
    Removing stm32f4xx_tim.o(i.TIM_GetCapture2), (6 bytes).
    Removing stm32f4xx_tim.o(i.TIM_GetCapture3), (6 bytes).
    Removing stm32f4xx_tim.o(i.TIM_GetCapture4), (6 bytes).
    Removing stm32f4xx_tim.o(i.TIM_GetFlagStatus), (18 bytes).
    Removing stm32f4xx_tim.o(i.TIM_GetPrescaler), (6 bytes).
    Removing stm32f4xx_tim.o(i.TIM_ICInit), (110 bytes).
    Removing stm32f4xx_tim.o(i.TIM_ICStructInit), (18 bytes).
    Removing stm32f4xx_tim.o(i.TIM_ITRxExternalClockConfig), (24 bytes).
    Removing stm32f4xx_tim.o(i.TIM_InternalClockConfig), (12 bytes).
    Removing stm32f4xx_tim.o(i.TIM_OC1FastConfig), (18 bytes).
    Removing stm32f4xx_tim.o(i.TIM_OC1Init), (124 bytes).
    Removing stm32f4xx_tim.o(i.TIM_OC1NPolarityConfig), (18 bytes).
    Removing stm32f4xx_tim.o(i.TIM_OC1PolarityConfig), (18 bytes).
    Removing stm32f4xx_tim.o(i.TIM_OC1PreloadConfig), (18 bytes).
    Removing stm32f4xx_tim.o(i.TIM_OC2FastConfig), (26 bytes).
    Removing stm32f4xx_tim.o(i.TIM_OC2Init), (164 bytes).
    Removing stm32f4xx_tim.o(i.TIM_OC2NPolarityConfig), (26 bytes).
    Removing stm32f4xx_tim.o(i.TIM_OC2PolarityConfig), (26 bytes).
    Removing stm32f4xx_tim.o(i.TIM_OC2PreloadConfig), (26 bytes).
    Removing stm32f4xx_tim.o(i.TIM_OC3FastConfig), (18 bytes).
    Removing stm32f4xx_tim.o(i.TIM_OC3Init), (160 bytes).
    Removing stm32f4xx_tim.o(i.TIM_OC3NPolarityConfig), (26 bytes).
    Removing stm32f4xx_tim.o(i.TIM_OC3PolarityConfig), (26 bytes).
    Removing stm32f4xx_tim.o(i.TIM_OC3PreloadConfig), (18 bytes).
    Removing stm32f4xx_tim.o(i.TIM_OC4FastConfig), (26 bytes).
    Removing stm32f4xx_tim.o(i.TIM_OC4Init), (120 bytes).
    Removing stm32f4xx_tim.o(i.TIM_OC4PolarityConfig), (26 bytes).
    Removing stm32f4xx_tim.o(i.TIM_OC4PreloadConfig), (26 bytes).
    Removing stm32f4xx_tim.o(i.TIM_OCStructInit), (20 bytes).
    Removing stm32f4xx_tim.o(i.TIM_PWMIConfig), (124 bytes).
    Removing stm32f4xx_tim.o(i.TIM_PrescalerConfig), (6 bytes).
    Removing stm32f4xx_tim.o(i.TIM_RemapConfig), (6 bytes).
    Removing stm32f4xx_tim.o(i.TIM_SelectCCDMA), (24 bytes).
    Removing stm32f4xx_tim.o(i.TIM_SelectCOM), (24 bytes).
    Removing stm32f4xx_tim.o(i.TIM_SelectHallSensor), (24 bytes).
    Removing stm32f4xx_tim.o(i.TIM_SelectInputTrigger), (18 bytes).
    Removing stm32f4xx_tim.o(i.TIM_SelectMasterSlaveMode), (18 bytes).
    Removing stm32f4xx_tim.o(i.TIM_SelectOCxM), (86 bytes).
    Removing stm32f4xx_tim.o(i.TIM_SelectOnePulseMode), (18 bytes).
    Removing stm32f4xx_tim.o(i.TIM_SelectOutputTrigger), (18 bytes).
    Removing stm32f4xx_tim.o(i.TIM_SelectSlaveMode), (18 bytes).
    Removing stm32f4xx_tim.o(i.TIM_SetAutoreload), (4 bytes).
    Removing stm32f4xx_tim.o(i.TIM_SetClockDivision), (18 bytes).
    Removing stm32f4xx_tim.o(i.TIM_SetCompare1), (4 bytes).
    Removing stm32f4xx_tim.o(i.TIM_SetCompare2), (4 bytes).
    Removing stm32f4xx_tim.o(i.TIM_SetCompare3), (4 bytes).
    Removing stm32f4xx_tim.o(i.TIM_SetCompare4), (4 bytes).
    Removing stm32f4xx_tim.o(i.TIM_SetIC1Prescaler), (18 bytes).
    Removing stm32f4xx_tim.o(i.TIM_SetIC2Prescaler), (26 bytes).
    Removing stm32f4xx_tim.o(i.TIM_SetIC3Prescaler), (18 bytes).
    Removing stm32f4xx_tim.o(i.TIM_SetIC4Prescaler), (26 bytes).
    Removing stm32f4xx_tim.o(i.TIM_TIxExternalClockConfig), (62 bytes).
    Removing stm32f4xx_tim.o(i.TIM_TimeBaseStructInit), (18 bytes).
    Removing stm32f4xx_tim.o(i.TIM_UpdateDisableConfig), (24 bytes).
    Removing stm32f4xx_tim.o(i.TIM_UpdateRequestConfig), (24 bytes).
    Removing arm_cos_f32.o(.rev16_text), (4 bytes).
    Removing arm_cos_f32.o(.revsh_text), (4 bytes).
    Removing arm_sin_f32.o(.rev16_text), (4 bytes).
    Removing arm_sin_f32.o(.revsh_text), (4 bytes).

256 unused section(s) (total 10513 bytes) removed from the image.

==============================================================================

Image Symbol Table

    Local Symbols

    Symbol Name                              Value     Ov Type        Size  Object(Section)

    ../clib/microlib/division.c              0x00000000   Number         0  uldiv.o ABSOLUTE
    ../clib/microlib/division.c              0x00000000   Number         0  uidiv.o ABSOLUTE
    ../clib/microlib/errno.c                 0x00000000   Number         0  errno.o ABSOLUTE
    ../clib/microlib/init/entry.s            0x00000000   Number         0  entry5.o ABSOLUTE
    ../clib/microlib/init/entry.s            0x00000000   Number         0  entry7a.o ABSOLUTE
    ../clib/microlib/init/entry.s            0x00000000   Number         0  entry.o ABSOLUTE
    ../clib/microlib/init/entry.s            0x00000000   Number         0  entry11b.o ABSOLUTE
    ../clib/microlib/init/entry.s            0x00000000   Number         0  entry2.o ABSOLUTE
    ../clib/microlib/init/entry.s            0x00000000   Number         0  entry11a.o ABSOLUTE
    ../clib/microlib/init/entry.s            0x00000000   Number         0  entry10b.o ABSOLUTE
    ../clib/microlib/init/entry.s            0x00000000   Number         0  entry10a.o ABSOLUTE
    ../clib/microlib/init/entry.s            0x00000000   Number         0  entry9b.o ABSOLUTE
    ../clib/microlib/init/entry.s            0x00000000   Number         0  entry9a.o ABSOLUTE
    ../clib/microlib/init/entry.s            0x00000000   Number         0  entry8b.o ABSOLUTE
    ../clib/microlib/init/entry.s            0x00000000   Number         0  entry8a.o ABSOLUTE
    ../clib/microlib/init/entry.s            0x00000000   Number         0  entry7b.o ABSOLUTE
    ../clib/microlib/longlong.c              0x00000000   Number         0  llushr.o ABSOLUTE
    ../clib/microlib/longlong.c              0x00000000   Number         0  llsshr.o ABSOLUTE
    ../clib/microlib/longlong.c              0x00000000   Number         0  llshl.o ABSOLUTE
    ../clib/microlib/printf/printf.c         0x00000000   Number         0  printf7.o ABSOLUTE
    ../clib/microlib/printf/printf.c         0x00000000   Number         0  printf6.o ABSOLUTE
    ../clib/microlib/printf/printf.c         0x00000000   Number         0  printfb.o ABSOLUTE
    ../clib/microlib/printf/printf.c         0x00000000   Number         0  printf0.o ABSOLUTE
    ../clib/microlib/printf/printf.c         0x00000000   Number         0  printf1.o ABSOLUTE
    ../clib/microlib/printf/printf.c         0x00000000   Number         0  printf3.o ABSOLUTE
    ../clib/microlib/printf/printf.c         0x00000000   Number         0  printf8.o ABSOLUTE
    ../clib/microlib/printf/printf.c         0x00000000   Number         0  printfa.o ABSOLUTE
    ../clib/microlib/printf/printf.c         0x00000000   Number         0  printf4.o ABSOLUTE
    ../clib/microlib/printf/printf.c         0x00000000   Number         0  printf5.o ABSOLUTE
    ../clib/microlib/printf/printf.c         0x00000000   Number         0  printf2.o ABSOLUTE
    ../clib/microlib/printf/stubs.s          0x00000000   Number         0  stubs.o ABSOLUTE
    ../clib/microlib/stubs.s                 0x00000000   Number         0  useno.o ABSOLUTE
    ../clib/microlib/stubs.s                 0x00000000   Number         0  iusefp.o ABSOLUTE
    ../fplib/microlib/f2d.c                  0x00000000   Number         0  f2d.o ABSOLUTE
    ../fplib/microlib/fpadd.c                0x00000000   Number         0  dadd.o ABSOLUTE
    ../fplib/microlib/fpdiv.c                0x00000000   Number         0  ddiv.o ABSOLUTE
    ../fplib/microlib/fpepilogue.c           0x00000000   Number         0  depilogue.o ABSOLUTE
    ../fplib/microlib/fpfix.c                0x00000000   Number         0  dfixul.o ABSOLUTE
    ../fplib/microlib/fpmul.c                0x00000000   Number         0  dmul.o ABSOLUTE
    ../mathlib/cosf.c                        0x00000000   Number         0  cosf.o ABSOLUTE
    ../mathlib/cosf.c                        0x00000000   Number         0  cosf_x.o ABSOLUTE
    ../mathlib/fpclassifyf.c                 0x00000000   Number         0  fpclassifyf.o ABSOLUTE
    ../mathlib/funder.c                      0x00000000   Number         0  funder.o ABSOLUTE
    ../mathlib/rredf.c                       0x00000000   Number         0  rredf.o ABSOLUTE
    ../mathlib/sinf.c                        0x00000000   Number         0  sinf_x.o ABSOLUTE
    ../mathlib/sinf.c                        0x00000000   Number         0  sinf.o ABSOLUTE
    ..\CORE\startup_stm32f40_41xxx.s         0x00000000   Number         0  startup_stm32f40_41xxx.o ABSOLUTE
    ..\FWLIB\src\misc.c                      0x00000000   Number         0  misc.o ABSOLUTE
    ..\FWLIB\src\stm32f4xx_fsmc.c            0x00000000   Number         0  stm32f4xx_fsmc.o ABSOLUTE
    ..\FWLIB\src\stm32f4xx_gpio.c            0x00000000   Number         0  stm32f4xx_gpio.o ABSOLUTE
    ..\FWLIB\src\stm32f4xx_rcc.c             0x00000000   Number         0  stm32f4xx_rcc.o ABSOLUTE
    ..\FWLIB\src\stm32f4xx_syscfg.c          0x00000000   Number         0  stm32f4xx_syscfg.o ABSOLUTE
    ..\FWLIB\src\stm32f4xx_tim.c             0x00000000   Number         0  stm32f4xx_tim.o ABSOLUTE
    ..\FWLIB\src\stm32f4xx_usart.c           0x00000000   Number         0  stm32f4xx_usart.o ABSOLUTE
    ..\FastMathFunctions\arm_cos_f32.c       0x00000000   Number         0  arm_cos_f32.o ABSOLUTE
    ..\FastMathFunctions\arm_sin_f32.c       0x00000000   Number         0  arm_sin_f32.o ABSOLUTE
    ..\HARDWARE\1.44TFT\GUI.c                0x00000000   Number         0  gui.o ABSOLUTE
    ..\HARDWARE\1.44TFT\Lcd_Driver.c         0x00000000   Number         0  lcd_driver.o ABSOLUTE
    ..\HARDWARE\KEY\key.c                    0x00000000   Number         0  key.o ABSOLUTE
    ..\HARDWARE\LED\led.c                    0x00000000   Number         0  led.o ABSOLUTE
    ..\HARDWARE\TIMER\timer.c                0x00000000   Number         0  timer.o ABSOLUTE
    ..\SYSTEM\delay\delay.c                  0x00000000   Number         0  delay.o ABSOLUTE
    ..\SYSTEM\sys\sys.c                      0x00000000   Number         0  sys.o ABSOLUTE
    ..\SYSTEM\usart\usart.c                  0x00000000   Number         0  usart.o ABSOLUTE
    ..\\FWLIB\\src\\misc.c                   0x00000000   Number         0  misc.o ABSOLUTE
    ..\\FWLIB\\src\\stm32f4xx_fsmc.c         0x00000000   Number         0  stm32f4xx_fsmc.o ABSOLUTE
    ..\\FWLIB\\src\\stm32f4xx_gpio.c         0x00000000   Number         0  stm32f4xx_gpio.o ABSOLUTE
    ..\\FWLIB\\src\\stm32f4xx_rcc.c          0x00000000   Number         0  stm32f4xx_rcc.o ABSOLUTE
    ..\\FWLIB\\src\\stm32f4xx_syscfg.c       0x00000000   Number         0  stm32f4xx_syscfg.o ABSOLUTE
    ..\\FWLIB\\src\\stm32f4xx_tim.c          0x00000000   Number         0  stm32f4xx_tim.o ABSOLUTE
    ..\\FWLIB\\src\\stm32f4xx_usart.c        0x00000000   Number         0  stm32f4xx_usart.o ABSOLUTE
    ..\\FastMathFunctions\\arm_cos_f32.c     0x00000000   Number         0  arm_cos_f32.o ABSOLUTE
    ..\\FastMathFunctions\\arm_sin_f32.c     0x00000000   Number         0  arm_sin_f32.o ABSOLUTE
    ..\\HARDWARE\\1.44TFT\\GUI.c             0x00000000   Number         0  gui.o ABSOLUTE
    ..\\HARDWARE\\1.44TFT\\Lcd_Driver.c      0x00000000   Number         0  lcd_driver.o ABSOLUTE
    ..\\HARDWARE\\KEY\\key.c                 0x00000000   Number         0  key.o ABSOLUTE
    ..\\HARDWARE\\LED\\led.c                 0x00000000   Number         0  led.o ABSOLUTE
    ..\\HARDWARE\\TIMER\\timer.c             0x00000000   Number         0  timer.o ABSOLUTE
    ..\\SYSTEM\\delay\\delay.c               0x00000000   Number         0  delay.o ABSOLUTE
    ..\\SYSTEM\\sys\\sys.c                   0x00000000   Number         0  sys.o ABSOLUTE
    ..\\SYSTEM\\usart\\usart.c               0x00000000   Number         0  usart.o ABSOLUTE
    cdrcmple.s                               0x00000000   Number         0  cdrcmple.o ABSOLUTE
    dc.s                                     0x00000000   Number         0  dc.o ABSOLUTE
    handlers.s                               0x00000000   Number         0  handlers.o ABSOLUTE
    init.s                                   0x00000000   Number         0  init.o ABSOLUTE
    main.c                                   0x00000000   Number         0  main.o ABSOLUTE
    main.c                                   0x00000000   Number         0  main.o ABSOLUTE
    stm32f4xx_it.c                           0x00000000   Number         0  stm32f4xx_it.o ABSOLUTE
    stm32f4xx_it.c                           0x00000000   Number         0  stm32f4xx_it.o ABSOLUTE
    system_stm32f4xx.c                       0x00000000   Number         0  system_stm32f4xx.o ABSOLUTE
    system_stm32f4xx.c                       0x00000000   Number         0  system_stm32f4xx.o ABSOLUTE
    RESET                                    0x08000000   Section      392  startup_stm32f40_41xxx.o(RESET)
    .ARM.Collect$$$$00000000                 0x08000188   Section        0  entry.o(.ARM.Collect$$$$00000000)
    .ARM.Collect$$$$00000001                 0x08000188   Section        4  entry2.o(.ARM.Collect$$$$00000001)
    .ARM.Collect$$$$00000004                 0x0800018c   Section        4  entry5.o(.ARM.Collect$$$$00000004)
    .ARM.Collect$$$$00000008                 0x08000190   Section        0  entry7b.o(.ARM.Collect$$$$00000008)
    .ARM.Collect$$$$0000000A                 0x08000190   Section        0  entry8b.o(.ARM.Collect$$$$0000000A)
    .ARM.Collect$$$$0000000B                 0x08000190   Section        8  entry9a.o(.ARM.Collect$$$$0000000B)
    .ARM.Collect$$$$0000000D                 0x08000198   Section        0  entry10a.o(.ARM.Collect$$$$0000000D)
    .ARM.Collect$$$$0000000F                 0x08000198   Section        0  entry11a.o(.ARM.Collect$$$$0000000F)
    .ARM.Collect$$$$00002712                 0x08000198   Section        4  entry2.o(.ARM.Collect$$$$00002712)
    __lit__00000000                          0x08000198   Data           4  entry2.o(.ARM.Collect$$$$00002712)
    .text                                    0x0800019c   Section       36  startup_stm32f40_41xxx.o(.text)
    $v0                                      0x0800019c   Number         0  startup_stm32f40_41xxx.o(.text)
    .text                                    0x080001c0   Section        0  arm_cos_f32.o(.text)
    .text                                    0x08000298   Section        0  arm_sin_f32.o(.text)
    .text                                    0x08000370   Section        0  f2d.o(.text)
    .text                                    0x08000396   Section        0  uidiv.o(.text)
    .text                                    0x080003c2   Section        0  uldiv.o(.text)
    .text                                    0x08000424   Section        0  dadd.o(.text)
    .text                                    0x08000424   Section        0  iusefp.o(.text)
    .text                                    0x08000572   Section        0  dmul.o(.text)
    .text                                    0x08000656   Section        0  ddiv.o(.text)
    .text                                    0x08000734   Section        0  dfixul.o(.text)
    .text                                    0x08000764   Section       48  cdrcmple.o(.text)
    .text                                    0x08000794   Section       36  init.o(.text)
    .text                                    0x080007b8   Section        0  llshl.o(.text)
    .text                                    0x080007d6   Section        0  llushr.o(.text)
    .text                                    0x080007f6   Section        0  llsshr.o(.text)
    .text                                    0x0800081a   Section        0  depilogue.o(.text)
    i.BusFault_Handler                       0x080008d4   Section        0  stm32f4xx_it.o(i.BusFault_Handler)
    i.DebugMon_Handler                       0x080008d8   Section        0  stm32f4xx_it.o(i.DebugMon_Handler)
    i.GPIO_Init                              0x080008da   Section        0  stm32f4xx_gpio.o(i.GPIO_Init)
    i.GPIO_PinAFConfig                       0x0800096a   Section        0  stm32f4xx_gpio.o(i.GPIO_PinAFConfig)
    i.GPIO_ResetBits                         0x080009b0   Section        0  stm32f4xx_gpio.o(i.GPIO_ResetBits)
    i.GPIO_SetBits                           0x080009b4   Section        0  stm32f4xx_gpio.o(i.GPIO_SetBits)
    i.Gui_DrawFont_GBK16                     0x080009b8   Section        0  gui.o(i.Gui_DrawFont_GBK16)
    i.Gui_DrawPoint                          0x08000b4c   Section        0  lcd_driver.o(i.Gui_DrawPoint)
    i.HardFault_Handler                      0x08000b6c   Section        0  stm32f4xx_it.o(i.HardFault_Handler)
    i.KEY_Init                               0x08000b70   Section        0  key.o(i.KEY_Init)
    i.LCD_GPIO_Init                          0x08000bc4   Section        0  lcd_driver.o(i.LCD_GPIO_Init)
    i.LCD_WriteData_16Bit                    0x08000c44   Section        0  lcd_driver.o(i.LCD_WriteData_16Bit)
    i.LED_Init                               0x08000c7c   Section        0  led.o(i.LED_Init)
    i.Lcd_Clear                              0x08000cec   Section        0  lcd_driver.o(i.Lcd_Clear)
    i.Lcd_Init                               0x08000d1e   Section        0  lcd_driver.o(i.Lcd_Init)
    i.Lcd_Reset                              0x08000f40   Section        0  lcd_driver.o(i.Lcd_Reset)
    i.Lcd_SetRegion                          0x08000f6c   Section        0  lcd_driver.o(i.Lcd_SetRegion)
    i.Lcd_WriteData                          0x08000fc8   Section        0  lcd_driver.o(i.Lcd_WriteData)
    i.Lcd_WriteIndex                         0x08000ff8   Section        0  lcd_driver.o(i.Lcd_WriteIndex)
    i.MemManage_Handler                      0x08001028   Section        0  stm32f4xx_it.o(i.MemManage_Handler)
    i.NMI_Handler                            0x0800102c   Section        0  stm32f4xx_it.o(i.NMI_Handler)
    i.NVIC_Init                              0x08001030   Section        0  misc.o(i.NVIC_Init)
    i.NVIC_PriorityGroupConfig               0x080010a8   Section        0  misc.o(i.NVIC_PriorityGroupConfig)
    i.PendSV_Handler                         0x080010bc   Section        0  stm32f4xx_it.o(i.PendSV_Handler)
    i.RCC_AHB1PeriphClockCmd                 0x080010c0   Section        0  stm32f4xx_rcc.o(i.RCC_AHB1PeriphClockCmd)
    i.RCC_APB1PeriphClockCmd                 0x080010e0   Section        0  stm32f4xx_rcc.o(i.RCC_APB1PeriphClockCmd)
    i.RCC_APB2PeriphClockCmd                 0x08001100   Section        0  stm32f4xx_rcc.o(i.RCC_APB2PeriphClockCmd)
    i.RCC_GetClocksFreq                      0x08001120   Section        0  stm32f4xx_rcc.o(i.RCC_GetClocksFreq)
    i.SPI_WriteData                          0x08001208   Section        0  lcd_driver.o(i.SPI_WriteData)
    i.SVC_Handler                            0x08001254   Section        0  stm32f4xx_it.o(i.SVC_Handler)
    i.SetSysClock                            0x08001258   Section        0  system_stm32f4xx.o(i.SetSysClock)
    SetSysClock                              0x08001259   Thumb Code   220  system_stm32f4xx.o(i.SetSysClock)
    i.SysTick_CLKSourceConfig                0x08001344   Section        0  misc.o(i.SysTick_CLKSourceConfig)
    i.SysTick_Handler                        0x0800136c   Section        0  stm32f4xx_it.o(i.SysTick_Handler)
    i.SystemInit                             0x08001370   Section        0  system_stm32f4xx.o(i.SystemInit)
    i.TIM3_IRQHandler                        0x080013d8   Section        0  timer.o(i.TIM3_IRQHandler)
    i.TIM3_Int_Init                          0x08001408   Section        0  timer.o(i.TIM3_Int_Init)
    i.TIM_ClearITPendingBit                  0x08001464   Section        0  stm32f4xx_tim.o(i.TIM_ClearITPendingBit)
    i.TIM_Cmd                                0x0800146a   Section        0  stm32f4xx_tim.o(i.TIM_Cmd)
    i.TIM_GetCounter                         0x08001482   Section        0  stm32f4xx_tim.o(i.TIM_GetCounter)
    i.TIM_GetITStatus                        0x08001488   Section        0  stm32f4xx_tim.o(i.TIM_GetITStatus)
    i.TIM_ITConfig                           0x080014aa   Section        0  stm32f4xx_tim.o(i.TIM_ITConfig)
    i.TIM_SetCounter                         0x080014bc   Section        0  stm32f4xx_tim.o(i.TIM_SetCounter)
    i.TIM_TimeBaseInit                       0x080014c0   Section        0  stm32f4xx_tim.o(i.TIM_TimeBaseInit)
    i.USART1_IRQHandler                      0x08001544   Section        0  usart.o(i.USART1_IRQHandler)
    i.USART_ClearFlag                        0x080015cc   Section        0  stm32f4xx_usart.o(i.USART_ClearFlag)
    i.USART_Cmd                              0x080015de   Section        0  stm32f4xx_usart.o(i.USART_Cmd)
    i.USART_GetITStatus                      0x080015f6   Section        0  stm32f4xx_usart.o(i.USART_GetITStatus)
    i.USART_ITConfig                         0x0800164a   Section        0  stm32f4xx_usart.o(i.USART_ITConfig)
    i.USART_Init                             0x08001694   Section        0  stm32f4xx_usart.o(i.USART_Init)
    i.USART_ReceiveData                      0x08001768   Section        0  stm32f4xx_usart.o(i.USART_ReceiveData)
    i.UsageFault_Handler                     0x08001772   Section        0  stm32f4xx_it.o(i.UsageFault_Handler)
    i.__0sprintf                             0x08001778   Section        0  printfa.o(i.__0sprintf)
    i.__ARM_fpclassifyf                      0x080017a0   Section        0  fpclassifyf.o(i.__ARM_fpclassifyf)
    i.__hardfp_cosf                          0x080017c8   Section        0  cosf.o(i.__hardfp_cosf)
    i.__hardfp_sinf                          0x08001918   Section        0  sinf.o(i.__hardfp_sinf)
    i.__mathlib_flt_infnan                   0x08001aa8   Section        0  funder.o(i.__mathlib_flt_infnan)
    i.__mathlib_flt_invalid                  0x08001ab0   Section        0  funder.o(i.__mathlib_flt_invalid)
    i.__mathlib_flt_underflow                0x08001ac0   Section        0  funder.o(i.__mathlib_flt_underflow)
    i.__mathlib_rredf2                       0x08001ad0   Section        0  rredf.o(i.__mathlib_rredf2)
    i.__scatterload_copy                     0x08001c24   Section       14  handlers.o(i.__scatterload_copy)
    i.__scatterload_null                     0x08001c32   Section        2  handlers.o(i.__scatterload_null)
    i.__scatterload_zeroinit                 0x08001c34   Section       14  handlers.o(i.__scatterload_zeroinit)
    i.__set_errno                            0x08001c44   Section        0  errno.o(i.__set_errno)
    i._fp_digits                             0x08001c50   Section        0  printfa.o(i._fp_digits)
    _fp_digits                               0x08001c51   Thumb Code   366  printfa.o(i._fp_digits)
    i._printf_core                           0x08001dd4   Section        0  printfa.o(i._printf_core)
    _printf_core                             0x08001dd5   Thumb Code  1744  printfa.o(i._printf_core)
    i._printf_post_padding                   0x080024b0   Section        0  printfa.o(i._printf_post_padding)
    _printf_post_padding                     0x080024b1   Thumb Code    36  printfa.o(i._printf_post_padding)
    i._printf_pre_padding                    0x080024d4   Section        0  printfa.o(i._printf_pre_padding)
    _printf_pre_padding                      0x080024d5   Thumb Code    46  printfa.o(i._printf_pre_padding)
    i._sputc                                 0x08002502   Section        0  printfa.o(i._sputc)
    _sputc                                   0x08002503   Thumb Code    10  printfa.o(i._sputc)
    i.delay_init                             0x0800250c   Section        0  delay.o(i.delay_init)
    i.delay_ms                               0x08002548   Section        0  delay.o(i.delay_ms)
    i.delay_xms                              0x08002580   Section        0  delay.o(i.delay_xms)
    i.main                                   0x080025cc   Section        0  main.o(i.main)
    i.sin_cos_test                           0x0800280c   Section        0  main.o(i.sin_cos_test)
    i.uart_init                              0x080028ec   Section        0  usart.o(i.uart_init)
    .constdata                               0x080029a4   Section     3754  gui.o(.constdata)
    .constdata                               0x08003850   Section     1040  arm_cos_f32.o(.constdata)
    cosTable                                 0x08003850   Data        1040  arm_cos_f32.o(.constdata)
    .constdata                               0x08003c60   Section     1036  arm_sin_f32.o(.constdata)
    sinTable                                 0x08003c60   Data        1036  arm_sin_f32.o(.constdata)
    .constdata                               0x0800406c   Section       32  rredf.o(.constdata)
    twooverpi                                0x0800406c   Data          32  rredf.o(.constdata)
    .data                                    0x20000000   Section        1  main.o(.data)
    .data                                    0x20000002   Section        4  delay.o(.data)
    fac_us                                   0x20000002   Data           2  delay.o(.data)
    fac_ms                                   0x20000004   Data           2  delay.o(.data)
    .data                                    0x20000008   Section        6  usart.o(.data)
    .data                                    0x2000000e   Section       16  stm32f4xx_rcc.o(.data)
    APBAHBPrescTable                         0x2000000e   Data          16  stm32f4xx_rcc.o(.data)
    .data                                    0x20000020   Section        4  errno.o(.data)
    _errno                                   0x20000020   Data           4  errno.o(.data)
    .bss                                     0x20000024   Section      200  usart.o(.bss)
    STACK                                    0x200000f0   Section     1024  startup_stm32f40_41xxx.o(STACK)

    Global Symbols

    Symbol Name                              Value     Ov Type        Size  Object(Section)

    BuildAttributes$$THM_ISAv4$E$P$D$K$B$S$7EM$VFPi3$EXTD16$VFPS$VFMA$PE$A:L22UL41UL21$X:L11$S22US41US21$IEEE1$IW$USESV6$~STKCKD$USESV7$~SHL$OTIME$ROPI$IEEEX$EBA8$MICROLIB$REQ8$PRES8$EABIv2 0x00000000   Number         0  anon$$obj.o ABSOLUTE
    __ARM_use_no_argv                        0x00000000   Number         0  main.o ABSOLUTE
    __use_no_errno                           0x00000000   Number         0  useno.o ABSOLUTE
    __use_no_exception_handling              0x00000000   Number         0  useno.o ABSOLUTE
    __use_no_fp                              0x00000000   Number         0  useno.o ABSOLUTE
    __use_no_heap                            0x00000000   Number         0  useno.o ABSOLUTE
    __use_no_heap_region                     0x00000000   Number         0  useno.o ABSOLUTE
    __use_no_semihosting                     0x00000000   Number         0  useno.o ABSOLUTE
    __use_no_semihosting_swi                 0x00000000   Number         0  useno.o ABSOLUTE
    __use_no_signal_handling                 0x00000000   Number         0  useno.o ABSOLUTE
    _printf_a                                0x00000000   Number         0  stubs.o ABSOLUTE
    _printf_c                                0x00000000   Number         0  stubs.o ABSOLUTE
    _printf_charcount                        0x00000000   Number         0  stubs.o ABSOLUTE
    _printf_d                                0x00000000   Number         0  stubs.o ABSOLUTE
    _printf_e                                0x00000000   Number         0  stubs.o ABSOLUTE
    _printf_f                                0x00000000   Number         0  stubs.o ABSOLUTE
    _printf_flags                            0x00000000   Number         0  stubs.o ABSOLUTE
    _printf_fp_dec                           0x00000000   Number         0  stubs.o ABSOLUTE
    _printf_fp_hex                           0x00000000   Number         0  stubs.o ABSOLUTE
    _printf_g                                0x00000000   Number         0  stubs.o ABSOLUTE
    _printf_i                                0x00000000   Number         0  stubs.o ABSOLUTE
    _printf_int_dec                          0x00000000   Number         0  stubs.o ABSOLUTE
    _printf_l                                0x00000000   Number         0  stubs.o ABSOLUTE
    _printf_lc                               0x00000000   Number         0  stubs.o ABSOLUTE
    _printf_ll                               0x00000000   Number         0  stubs.o ABSOLUTE
    _printf_lld                              0x00000000   Number         0  stubs.o ABSOLUTE
    _printf_lli                              0x00000000   Number         0  stubs.o ABSOLUTE
    _printf_llo                              0x00000000   Number         0  stubs.o ABSOLUTE
    _printf_llu                              0x00000000   Number         0  stubs.o ABSOLUTE
    _printf_llx                              0x00000000   Number         0  stubs.o ABSOLUTE
    _printf_longlong_dec                     0x00000000   Number         0  stubs.o ABSOLUTE
    _printf_longlong_hex                     0x00000000   Number         0  stubs.o ABSOLUTE
    _printf_longlong_oct                     0x00000000   Number         0  stubs.o ABSOLUTE
    _printf_ls                               0x00000000   Number         0  stubs.o ABSOLUTE
    _printf_mbtowc                           0x00000000   Number         0  stubs.o ABSOLUTE
    _printf_n                                0x00000000   Number         0  stubs.o ABSOLUTE
    _printf_o                                0x00000000   Number         0  stubs.o ABSOLUTE
    _printf_p                                0x00000000   Number         0  stubs.o ABSOLUTE
    _printf_percent                          0x00000000   Number         0  stubs.o ABSOLUTE
    _printf_pre_padding                      0x00000000   Number         0  stubs.o ABSOLUTE
    _printf_return_value                     0x00000000   Number         0  stubs.o ABSOLUTE
    _printf_s                                0x00000000   Number         0  stubs.o ABSOLUTE
    _printf_sizespec                         0x00000000   Number         0  stubs.o ABSOLUTE
    _printf_str                              0x00000000   Number         0  stubs.o ABSOLUTE
    _printf_truncate_signed                  0x00000000   Number         0  stubs.o ABSOLUTE
    _printf_truncate_unsigned                0x00000000   Number         0  stubs.o ABSOLUTE
    _printf_u                                0x00000000   Number         0  stubs.o ABSOLUTE
    _printf_wc                               0x00000000   Number         0  stubs.o ABSOLUTE
    _printf_wctomb                           0x00000000   Number         0  stubs.o ABSOLUTE
    _printf_widthprec                        0x00000000   Number         0  stubs.o ABSOLUTE
    _printf_x                                0x00000000   Number         0  stubs.o ABSOLUTE
    __cpp_initialize__aeabi_                  - Undefined Weak Reference
    __cxa_finalize                            - Undefined Weak Reference
    __decompress                              - Undefined Weak Reference
    _clock_init                               - Undefined Weak Reference
    _microlib_exit                            - Undefined Weak Reference
    __Vectors_Size                           0x00000188   Number         0  startup_stm32f40_41xxx.o ABSOLUTE
    __Vectors                                0x08000000   Data           4  startup_stm32f40_41xxx.o(RESET)
    __Vectors_End                            0x08000188   Data           0  startup_stm32f40_41xxx.o(RESET)
    __main                                   0x08000189   Thumb Code     0  entry.o(.ARM.Collect$$$$00000000)
    _main_stk                                0x08000189   Thumb Code     0  entry2.o(.ARM.Collect$$$$00000001)
    _main_scatterload                        0x0800018d   Thumb Code     0  entry5.o(.ARM.Collect$$$$00000004)
    __main_after_scatterload                 0x08000191   Thumb Code     0  entry5.o(.ARM.Collect$$$$00000004)
    _main_clock                              0x08000191   Thumb Code     0  entry7b.o(.ARM.Collect$$$$00000008)
    _main_cpp_init                           0x08000191   Thumb Code     0  entry8b.o(.ARM.Collect$$$$0000000A)
    _main_init                               0x08000191   Thumb Code     0  entry9a.o(.ARM.Collect$$$$0000000B)
    __rt_final_cpp                           0x08000199   Thumb Code     0  entry10a.o(.ARM.Collect$$$$0000000D)
    __rt_final_exit                          0x08000199   Thumb Code     0  entry11a.o(.ARM.Collect$$$$0000000F)
    Reset_Handler                            0x0800019d   Thumb Code     8  startup_stm32f40_41xxx.o(.text)
    ADC_IRQHandler                           0x080001b7   Thumb Code     0  startup_stm32f40_41xxx.o(.text)
    CAN1_RX0_IRQHandler                      0x080001b7   Thumb Code     0  startup_stm32f40_41xxx.o(.text)
    CAN1_RX1_IRQHandler                      0x080001b7   Thumb Code     0  startup_stm32f40_41xxx.o(.text)
    CAN1_SCE_IRQHandler                      0x080001b7   Thumb Code     0  startup_stm32f40_41xxx.o(.text)
    CAN1_TX_IRQHandler                       0x080001b7   Thumb Code     0  startup_stm32f40_41xxx.o(.text)
    CAN2_RX0_IRQHandler                      0x080001b7   Thumb Code     0  startup_stm32f40_41xxx.o(.text)
    CAN2_RX1_IRQHandler                      0x080001b7   Thumb Code     0  startup_stm32f40_41xxx.o(.text)
    CAN2_SCE_IRQHandler                      0x080001b7   Thumb Code     0  startup_stm32f40_41xxx.o(.text)
    CAN2_TX_IRQHandler                       0x080001b7   Thumb Code     0  startup_stm32f40_41xxx.o(.text)
    CRYP_IRQHandler                          0x080001b7   Thumb Code     0  startup_stm32f40_41xxx.o(.text)
    DCMI_IRQHandler                          0x080001b7   Thumb Code     0  startup_stm32f40_41xxx.o(.text)
    DMA1_Stream0_IRQHandler                  0x080001b7   Thumb Code     0  startup_stm32f40_41xxx.o(.text)
    DMA1_Stream1_IRQHandler                  0x080001b7   Thumb Code     0  startup_stm32f40_41xxx.o(.text)
    DMA1_Stream2_IRQHandler                  0x080001b7   Thumb Code     0  startup_stm32f40_41xxx.o(.text)
    DMA1_Stream3_IRQHandler                  0x080001b7   Thumb Code     0  startup_stm32f40_41xxx.o(.text)
    DMA1_Stream4_IRQHandler                  0x080001b7   Thumb Code     0  startup_stm32f40_41xxx.o(.text)
    DMA1_Stream5_IRQHandler                  0x080001b7   Thumb Code     0  startup_stm32f40_41xxx.o(.text)
    DMA1_Stream6_IRQHandler                  0x080001b7   Thumb Code     0  startup_stm32f40_41xxx.o(.text)
    DMA1_Stream7_IRQHandler                  0x080001b7   Thumb Code     0  startup_stm32f40_41xxx.o(.text)
    DMA2_Stream0_IRQHandler                  0x080001b7   Thumb Code     0  startup_stm32f40_41xxx.o(.text)
    DMA2_Stream1_IRQHandler                  0x080001b7   Thumb Code     0  startup_stm32f40_41xxx.o(.text)
    DMA2_Stream2_IRQHandler                  0x080001b7   Thumb Code     0  startup_stm32f40_41xxx.o(.text)
    DMA2_Stream3_IRQHandler                  0x080001b7   Thumb Code     0  startup_stm32f40_41xxx.o(.text)
    DMA2_Stream4_IRQHandler                  0x080001b7   Thumb Code     0  startup_stm32f40_41xxx.o(.text)
    DMA2_Stream5_IRQHandler                  0x080001b7   Thumb Code     0  startup_stm32f40_41xxx.o(.text)
    DMA2_Stream6_IRQHandler                  0x080001b7   Thumb Code     0  startup_stm32f40_41xxx.o(.text)
    DMA2_Stream7_IRQHandler                  0x080001b7   Thumb Code     0  startup_stm32f40_41xxx.o(.text)
    ETH_IRQHandler                           0x080001b7   Thumb Code     0  startup_stm32f40_41xxx.o(.text)
    ETH_WKUP_IRQHandler                      0x080001b7   Thumb Code     0  startup_stm32f40_41xxx.o(.text)
    EXTI0_IRQHandler                         0x080001b7   Thumb Code     0  startup_stm32f40_41xxx.o(.text)
    EXTI15_10_IRQHandler                     0x080001b7   Thumb Code     0  startup_stm32f40_41xxx.o(.text)
    EXTI1_IRQHandler                         0x080001b7   Thumb Code     0  startup_stm32f40_41xxx.o(.text)
    EXTI2_IRQHandler                         0x080001b7   Thumb Code     0  startup_stm32f40_41xxx.o(.text)
    EXTI3_IRQHandler                         0x080001b7   Thumb Code     0  startup_stm32f40_41xxx.o(.text)
    EXTI4_IRQHandler                         0x080001b7   Thumb Code     0  startup_stm32f40_41xxx.o(.text)
    EXTI9_5_IRQHandler                       0x080001b7   Thumb Code     0  startup_stm32f40_41xxx.o(.text)
    FLASH_IRQHandler                         0x080001b7   Thumb Code     0  startup_stm32f40_41xxx.o(.text)
    FPU_IRQHandler                           0x080001b7   Thumb Code     0  startup_stm32f40_41xxx.o(.text)
    FSMC_IRQHandler                          0x080001b7   Thumb Code     0  startup_stm32f40_41xxx.o(.text)
    HASH_RNG_IRQHandler                      0x080001b7   Thumb Code     0  startup_stm32f40_41xxx.o(.text)
    I2C1_ER_IRQHandler                       0x080001b7   Thumb Code     0  startup_stm32f40_41xxx.o(.text)
    I2C1_EV_IRQHandler                       0x080001b7   Thumb Code     0  startup_stm32f40_41xxx.o(.text)
    I2C2_ER_IRQHandler                       0x080001b7   Thumb Code     0  startup_stm32f40_41xxx.o(.text)
    I2C2_EV_IRQHandler                       0x080001b7   Thumb Code     0  startup_stm32f40_41xxx.o(.text)
    I2C3_ER_IRQHandler                       0x080001b7   Thumb Code     0  startup_stm32f40_41xxx.o(.text)
    I2C3_EV_IRQHandler                       0x080001b7   Thumb Code     0  startup_stm32f40_41xxx.o(.text)
    OTG_FS_IRQHandler                        0x080001b7   Thumb Code     0  startup_stm32f40_41xxx.o(.text)
    OTG_FS_WKUP_IRQHandler                   0x080001b7   Thumb Code     0  startup_stm32f40_41xxx.o(.text)
    OTG_HS_EP1_IN_IRQHandler                 0x080001b7   Thumb Code     0  startup_stm32f40_41xxx.o(.text)
    OTG_HS_EP1_OUT_IRQHandler                0x080001b7   Thumb Code     0  startup_stm32f40_41xxx.o(.text)
    OTG_HS_IRQHandler                        0x080001b7   Thumb Code     0  startup_stm32f40_41xxx.o(.text)
    OTG_HS_WKUP_IRQHandler                   0x080001b7   Thumb Code     0  startup_stm32f40_41xxx.o(.text)
    PVD_IRQHandler                           0x080001b7   Thumb Code     0  startup_stm32f40_41xxx.o(.text)
    RCC_IRQHandler                           0x080001b7   Thumb Code     0  startup_stm32f40_41xxx.o(.text)
    RTC_Alarm_IRQHandler                     0x080001b7   Thumb Code     0  startup_stm32f40_41xxx.o(.text)
    RTC_WKUP_IRQHandler                      0x080001b7   Thumb Code     0  startup_stm32f40_41xxx.o(.text)
    SDIO_IRQHandler                          0x080001b7   Thumb Code     0  startup_stm32f40_41xxx.o(.text)
    SPI1_IRQHandler                          0x080001b7   Thumb Code     0  startup_stm32f40_41xxx.o(.text)
    SPI2_IRQHandler                          0x080001b7   Thumb Code     0  startup_stm32f40_41xxx.o(.text)
    SPI3_IRQHandler                          0x080001b7   Thumb Code     0  startup_stm32f40_41xxx.o(.text)
    TAMP_STAMP_IRQHandler                    0x080001b7   Thumb Code     0  startup_stm32f40_41xxx.o(.text)
    TIM1_BRK_TIM9_IRQHandler                 0x080001b7   Thumb Code     0  startup_stm32f40_41xxx.o(.text)
    TIM1_CC_IRQHandler                       0x080001b7   Thumb Code     0  startup_stm32f40_41xxx.o(.text)
    TIM1_TRG_COM_TIM11_IRQHandler            0x080001b7   Thumb Code     0  startup_stm32f40_41xxx.o(.text)
    TIM1_UP_TIM10_IRQHandler                 0x080001b7   Thumb Code     0  startup_stm32f40_41xxx.o(.text)
    TIM2_IRQHandler                          0x080001b7   Thumb Code     0  startup_stm32f40_41xxx.o(.text)
    TIM4_IRQHandler                          0x080001b7   Thumb Code     0  startup_stm32f40_41xxx.o(.text)
    TIM5_IRQHandler                          0x080001b7   Thumb Code     0  startup_stm32f40_41xxx.o(.text)
    TIM6_DAC_IRQHandler                      0x080001b7   Thumb Code     0  startup_stm32f40_41xxx.o(.text)
    TIM7_IRQHandler                          0x080001b7   Thumb Code     0  startup_stm32f40_41xxx.o(.text)
    TIM8_BRK_TIM12_IRQHandler                0x080001b7   Thumb Code     0  startup_stm32f40_41xxx.o(.text)
    TIM8_CC_IRQHandler                       0x080001b7   Thumb Code     0  startup_stm32f40_41xxx.o(.text)
    TIM8_TRG_COM_TIM14_IRQHandler            0x080001b7   Thumb Code     0  startup_stm32f40_41xxx.o(.text)
    TIM8_UP_TIM13_IRQHandler                 0x080001b7   Thumb Code     0  startup_stm32f40_41xxx.o(.text)
    UART4_IRQHandler                         0x080001b7   Thumb Code     0  startup_stm32f40_41xxx.o(.text)
    UART5_IRQHandler                         0x080001b7   Thumb Code     0  startup_stm32f40_41xxx.o(.text)
    USART2_IRQHandler                        0x080001b7   Thumb Code     0  startup_stm32f40_41xxx.o(.text)
    USART3_IRQHandler                        0x080001b7   Thumb Code     0  startup_stm32f40_41xxx.o(.text)
    USART6_IRQHandler                        0x080001b7   Thumb Code     0  startup_stm32f40_41xxx.o(.text)
    WWDG_IRQHandler                          0x080001b7   Thumb Code     0  startup_stm32f40_41xxx.o(.text)
    arm_cos_f32                              0x080001c1   Thumb Code   194  arm_cos_f32.o(.text)
    arm_sin_f32                              0x08000299   Thumb Code   194  arm_sin_f32.o(.text)
    __aeabi_f2d                              0x08000371   Thumb Code    38  f2d.o(.text)
    __aeabi_uidiv                            0x08000397   Thumb Code     0  uidiv.o(.text)
    __aeabi_uidivmod                         0x08000397   Thumb Code    44  uidiv.o(.text)
    __aeabi_uldivmod                         0x080003c3   Thumb Code    98  uldiv.o(.text)
    __I$use$fp                               0x08000425   Thumb Code     0  iusefp.o(.text)
    __aeabi_dadd                             0x08000425   Thumb Code   322  dadd.o(.text)
    __aeabi_dsub                             0x08000567   Thumb Code     6  dadd.o(.text)
    __aeabi_drsub                            0x0800056d   Thumb Code     6  dadd.o(.text)
    __aeabi_dmul                             0x08000573   Thumb Code   228  dmul.o(.text)
    __aeabi_ddiv                             0x08000657   Thumb Code   222  ddiv.o(.text)
    __aeabi_d2ulz                            0x08000735   Thumb Code    48  dfixul.o(.text)
    __aeabi_cdrcmple                         0x08000765   Thumb Code    48  cdrcmple.o(.text)
    __scatterload                            0x08000795   Thumb Code    28  init.o(.text)
    __scatterload_rt2                        0x08000795   Thumb Code     0  init.o(.text)
    __aeabi_llsl                             0x080007b9   Thumb Code    30  llshl.o(.text)
    _ll_shift_l                              0x080007b9   Thumb Code     0  llshl.o(.text)
    __aeabi_llsr                             0x080007d7   Thumb Code    32  llushr.o(.text)
    _ll_ushift_r                             0x080007d7   Thumb Code     0  llushr.o(.text)
    __aeabi_lasr                             0x080007f7   Thumb Code    36  llsshr.o(.text)
    _ll_sshift_r                             0x080007f7   Thumb Code     0  llsshr.o(.text)
    _double_round                            0x0800081b   Thumb Code    30  depilogue.o(.text)
    _double_epilogue                         0x08000839   Thumb Code   156  depilogue.o(.text)
    BusFault_Handler                         0x080008d5   Thumb Code     4  stm32f4xx_it.o(i.BusFault_Handler)
    DebugMon_Handler                         0x080008d9   Thumb Code     2  stm32f4xx_it.o(i.DebugMon_Handler)
    GPIO_Init                                0x080008db   Thumb Code   144  stm32f4xx_gpio.o(i.GPIO_Init)
    GPIO_PinAFConfig                         0x0800096b   Thumb Code    70  stm32f4xx_gpio.o(i.GPIO_PinAFConfig)
    GPIO_ResetBits                           0x080009b1   Thumb Code     4  stm32f4xx_gpio.o(i.GPIO_ResetBits)
    GPIO_SetBits                             0x080009b5   Thumb Code     4  stm32f4xx_gpio.o(i.GPIO_SetBits)
    Gui_DrawFont_GBK16                       0x080009b9   Thumb Code   394  gui.o(i.Gui_DrawFont_GBK16)
    Gui_DrawPoint                            0x08000b4d   Thumb Code    32  lcd_driver.o(i.Gui_DrawPoint)
    HardFault_Handler                        0x08000b6d   Thumb Code     4  stm32f4xx_it.o(i.HardFault_Handler)
    KEY_Init                                 0x08000b71   Thumb Code    74  key.o(i.KEY_Init)
    LCD_GPIO_Init                            0x08000bc5   Thumb Code   120  lcd_driver.o(i.LCD_GPIO_Init)
    LCD_WriteData_16Bit                      0x08000c45   Thumb Code    46  lcd_driver.o(i.LCD_WriteData_16Bit)
    LED_Init                                 0x08000c7d   Thumb Code   104  led.o(i.LED_Init)
    Lcd_Clear                                0x08000ced   Thumb Code    50  lcd_driver.o(i.Lcd_Clear)
    Lcd_Init                                 0x08000d1f   Thumb Code   546  lcd_driver.o(i.Lcd_Init)
    Lcd_Reset                                0x08000f41   Thumb Code    38  lcd_driver.o(i.Lcd_Reset)
    Lcd_SetRegion                            0x08000f6d   Thumb Code    90  lcd_driver.o(i.Lcd_SetRegion)
    Lcd_WriteData                            0x08000fc9   Thumb Code    40  lcd_driver.o(i.Lcd_WriteData)
    Lcd_WriteIndex                           0x08000ff9   Thumb Code    40  lcd_driver.o(i.Lcd_WriteIndex)
    MemManage_Handler                        0x08001029   Thumb Code     4  stm32f4xx_it.o(i.MemManage_Handler)
    NMI_Handler                              0x0800102d   Thumb Code     2  stm32f4xx_it.o(i.NMI_Handler)
    NVIC_Init                                0x08001031   Thumb Code   106  misc.o(i.NVIC_Init)
    NVIC_PriorityGroupConfig                 0x080010a9   Thumb Code    10  misc.o(i.NVIC_PriorityGroupConfig)
    PendSV_Handler                           0x080010bd   Thumb Code     2  stm32f4xx_it.o(i.PendSV_Handler)
    RCC_AHB1PeriphClockCmd                   0x080010c1   Thumb Code    26  stm32f4xx_rcc.o(i.RCC_AHB1PeriphClockCmd)
    RCC_APB1PeriphClockCmd                   0x080010e1   Thumb Code    26  stm32f4xx_rcc.o(i.RCC_APB1PeriphClockCmd)
    RCC_APB2PeriphClockCmd                   0x08001101   Thumb Code    26  stm32f4xx_rcc.o(i.RCC_APB2PeriphClockCmd)
    RCC_GetClocksFreq                        0x08001121   Thumb Code   214  stm32f4xx_rcc.o(i.RCC_GetClocksFreq)
    SPI_WriteData                            0x08001209   Thumb Code    72  lcd_driver.o(i.SPI_WriteData)
    SVC_Handler                              0x08001255   Thumb Code     2  stm32f4xx_it.o(i.SVC_Handler)
    SysTick_CLKSourceConfig                  0x08001345   Thumb Code    40  misc.o(i.SysTick_CLKSourceConfig)
    SysTick_Handler                          0x0800136d   Thumb Code     2  stm32f4xx_it.o(i.SysTick_Handler)
    SystemInit                               0x08001371   Thumb Code    88  system_stm32f4xx.o(i.SystemInit)
    TIM3_IRQHandler                          0x080013d9   Thumb Code    40  timer.o(i.TIM3_IRQHandler)
    TIM3_Int_Init                            0x08001409   Thumb Code    88  timer.o(i.TIM3_Int_Init)
    TIM_ClearITPendingBit                    0x08001465   Thumb Code     6  stm32f4xx_tim.o(i.TIM_ClearITPendingBit)
    TIM_Cmd                                  0x0800146b   Thumb Code    24  stm32f4xx_tim.o(i.TIM_Cmd)
    TIM_GetCounter                           0x08001483   Thumb Code     6  stm32f4xx_tim.o(i.TIM_GetCounter)
    TIM_GetITStatus                          0x08001489   Thumb Code    34  stm32f4xx_tim.o(i.TIM_GetITStatus)
    TIM_ITConfig                             0x080014ab   Thumb Code    18  stm32f4xx_tim.o(i.TIM_ITConfig)
    TIM_SetCounter                           0x080014bd   Thumb Code     4  stm32f4xx_tim.o(i.TIM_SetCounter)
    TIM_TimeBaseInit                         0x080014c1   Thumb Code   104  stm32f4xx_tim.o(i.TIM_TimeBaseInit)
    USART1_IRQHandler                        0x08001545   Thumb Code   122  usart.o(i.USART1_IRQHandler)
    USART_ClearFlag                          0x080015cd   Thumb Code    18  stm32f4xx_usart.o(i.USART_ClearFlag)
    USART_Cmd                                0x080015df   Thumb Code    24  stm32f4xx_usart.o(i.USART_Cmd)
    USART_GetITStatus                        0x080015f7   Thumb Code    84  stm32f4xx_usart.o(i.USART_GetITStatus)
    USART_ITConfig                           0x0800164b   Thumb Code    74  stm32f4xx_usart.o(i.USART_ITConfig)
    USART_Init                               0x08001695   Thumb Code   204  stm32f4xx_usart.o(i.USART_Init)
    USART_ReceiveData                        0x08001769   Thumb Code    10  stm32f4xx_usart.o(i.USART_ReceiveData)
    UsageFault_Handler                       0x08001773   Thumb Code     4  stm32f4xx_it.o(i.UsageFault_Handler)
    __0sprintf                               0x08001779   Thumb Code    34  printfa.o(i.__0sprintf)
    __1sprintf                               0x08001779   Thumb Code     0  printfa.o(i.__0sprintf)
    __2sprintf                               0x08001779   Thumb Code     0  printfa.o(i.__0sprintf)
    __c89sprintf                             0x08001779   Thumb Code     0  printfa.o(i.__0sprintf)
    sprintf                                  0x08001779   Thumb Code     0  printfa.o(i.__0sprintf)
    __ARM_fpclassifyf                        0x080017a1   Thumb Code    38  fpclassifyf.o(i.__ARM_fpclassifyf)
    __hardfp_cosf                            0x080017c9   Thumb Code   280  cosf.o(i.__hardfp_cosf)
    __hardfp_sinf                            0x08001919   Thumb Code   344  sinf.o(i.__hardfp_sinf)
    __mathlib_flt_infnan                     0x08001aa9   Thumb Code     6  funder.o(i.__mathlib_flt_infnan)
    __mathlib_flt_invalid                    0x08001ab1   Thumb Code    10  funder.o(i.__mathlib_flt_invalid)
    __mathlib_flt_underflow                  0x08001ac1   Thumb Code    10  funder.o(i.__mathlib_flt_underflow)
    __mathlib_rredf2                         0x08001ad1   Thumb Code   316  rredf.o(i.__mathlib_rredf2)
    __scatterload_copy                       0x08001c25   Thumb Code    14  handlers.o(i.__scatterload_copy)
    __scatterload_null                       0x08001c33   Thumb Code     2  handlers.o(i.__scatterload_null)
    __scatterload_zeroinit                   0x08001c35   Thumb Code    14  handlers.o(i.__scatterload_zeroinit)
    __set_errno                              0x08001c45   Thumb Code     6  errno.o(i.__set_errno)
    delay_init                               0x0800250d   Thumb Code    52  delay.o(i.delay_init)
    delay_ms                                 0x08002549   Thumb Code    56  delay.o(i.delay_ms)
    delay_xms                                0x08002581   Thumb Code    72  delay.o(i.delay_xms)
    main                                     0x080025cd   Thumb Code   446  main.o(i.main)
    sin_cos_test                             0x0800280d   Thumb Code   214  main.o(i.sin_cos_test)
    uart_init                                0x080028ed   Thumb Code   174  usart.o(i.uart_init)
    asc16                                    0x080029a4   Data        1521  gui.o(.constdata)
    sz32                                     0x08002f95   Data        1921  gui.o(.constdata)
    hz16                                     0x08003716   Data         238  gui.o(.constdata)
    hz24                                     0x08003804   Data          74  gui.o(.constdata)
    Region$$Table$$Base                      0x0800408c   Number         0  anon$$obj.o(Region$$Table)
    Region$$Table$$Limit                     0x080040ac   Number         0  anon$$obj.o(Region$$Table)
    timeout                                  0x20000000   Data           1  main.o(.data)
    __stdout                                 0x20000008   Data           4  usart.o(.data)
    USART_RX_STA                             0x2000000c   Data           2  usart.o(.data)
    USART_RX_BUF                             0x20000024   Data         200  usart.o(.bss)
    __initial_sp                             0x200004f0   Data           0  startup_stm32f40_41xxx.o(STACK)



==============================================================================

Memory Map of the image

  Image Entry point : 0x08000189

  Load Region LR_IROM1 (Base: 0x08000000, Size: 0x000040d0, Max: 0x00100000, ABSOLUTE)

    Execution Region ER_IROM1 (Base: 0x08000000, Size: 0x000040ac, Max: 0x00100000, ABSOLUTE)

    Base Addr    Size         Type   Attr      Idx    E Section Name        Object

    0x08000000   0x00000188   Data   RO          664    RESET               startup_stm32f40_41xxx.o
    0x08000188   0x00000000   Code   RO         2175  * .ARM.Collect$$$$00000000  mc_w.l(entry.o)
    0x08000188   0x00000004   Code   RO         2460    .ARM.Collect$$$$00000001  mc_w.l(entry2.o)
    0x0800018c   0x00000004   Code   RO         2463    .ARM.Collect$$$$00000004  mc_w.l(entry5.o)
    0x08000190   0x00000000   Code   RO         2465    .ARM.Collect$$$$00000008  mc_w.l(entry7b.o)
    0x08000190   0x00000000   Code   RO         2467    .ARM.Collect$$$$0000000A  mc_w.l(entry8b.o)
    0x08000190   0x00000008   Code   RO         2468    .ARM.Collect$$$$0000000B  mc_w.l(entry9a.o)
    0x08000198   0x00000000   Code   RO         2470    .ARM.Collect$$$$0000000D  mc_w.l(entry10a.o)
    0x08000198   0x00000000   Code   RO         2472    .ARM.Collect$$$$0000000F  mc_w.l(entry11a.o)
    0x08000198   0x00000004   Code   RO         2461    .ARM.Collect$$$$00002712  mc_w.l(entry2.o)
    0x0800019c   0x00000024   Code   RO          665    .text               startup_stm32f40_41xxx.o
    0x080001c0   0x000000d8   Code   RO         2084    .text               arm_cortexM4lf_math.lib(arm_cos_f32.o)
    0x08000298   0x000000d8   Code   RO         2131    .text               arm_cortexM4lf_math.lib(arm_sin_f32.o)
    0x08000370   0x00000026   Code   RO         2439    .text               mf_w.l(f2d.o)
    0x08000396   0x0000002c   Code   RO         2474    .text               mc_w.l(uidiv.o)
    0x080003c2   0x00000062   Code   RO         2476    .text               mc_w.l(uldiv.o)
    0x08000424   0x00000000   Code   RO         2485    .text               mc_w.l(iusefp.o)
    0x08000424   0x0000014e   Code   RO         2486    .text               mf_w.l(dadd.o)
    0x08000572   0x000000e4   Code   RO         2488    .text               mf_w.l(dmul.o)
    0x08000656   0x000000de   Code   RO         2490    .text               mf_w.l(ddiv.o)
    0x08000734   0x00000030   Code   RO         2492    .text               mf_w.l(dfixul.o)
    0x08000764   0x00000030   Code   RO         2494    .text               mf_w.l(cdrcmple.o)
    0x08000794   0x00000024   Code   RO         2496    .text               mc_w.l(init.o)
    0x080007b8   0x0000001e   Code   RO         2498    .text               mc_w.l(llshl.o)
    0x080007d6   0x00000020   Code   RO         2500    .text               mc_w.l(llushr.o)
    0x080007f6   0x00000024   Code   RO         2502    .text               mc_w.l(llsshr.o)
    0x0800081a   0x000000ba   Code   RO         2504    .text               mf_w.l(depilogue.o)
    0x080008d4   0x00000004   Code   RO          181    i.BusFault_Handler  stm32f4xx_it.o
    0x080008d8   0x00000002   Code   RO          182    i.DebugMon_Handler  stm32f4xx_it.o
    0x080008da   0x00000090   Code   RO          716    i.GPIO_Init         stm32f4xx_gpio.o
    0x0800096a   0x00000046   Code   RO          717    i.GPIO_PinAFConfig  stm32f4xx_gpio.o
    0x080009b0   0x00000004   Code   RO          723    i.GPIO_ResetBits    stm32f4xx_gpio.o
    0x080009b4   0x00000004   Code   RO          724    i.GPIO_SetBits      stm32f4xx_gpio.o
    0x080009b8   0x00000194   Code   RO          391    i.Gui_DrawFont_GBK16  gui.o
    0x08000b4c   0x00000020   Code   RO          468    i.Gui_DrawPoint     lcd_driver.o
    0x08000b6c   0x00000004   Code   RO          183    i.HardFault_Handler  stm32f4xx_it.o
    0x08000b70   0x00000054   Code   RO          335    i.KEY_Init          key.o
    0x08000bc4   0x00000080   Code   RO          469    i.LCD_GPIO_Init     lcd_driver.o
    0x08000c44   0x00000038   Code   RO          470    i.LCD_WriteData_16Bit  lcd_driver.o
    0x08000c7c   0x00000070   Code   RO          315    i.LED_Init          led.o
    0x08000cec   0x00000032   Code   RO          471    i.Lcd_Clear         lcd_driver.o
    0x08000d1e   0x00000222   Code   RO          472    i.Lcd_Init          lcd_driver.o
    0x08000f40   0x0000002c   Code   RO          473    i.Lcd_Reset         lcd_driver.o
    0x08000f6c   0x0000005a   Code   RO          474    i.Lcd_SetRegion     lcd_driver.o
    0x08000fc6   0x00000002   PAD
    0x08000fc8   0x00000030   Code   RO          476    i.Lcd_WriteData     lcd_driver.o
    0x08000ff8   0x00000030   Code   RO          477    i.Lcd_WriteIndex    lcd_driver.o
    0x08001028   0x00000004   Code   RO          184    i.MemManage_Handler  stm32f4xx_it.o
    0x0800102c   0x00000002   Code   RO          185    i.NMI_Handler       stm32f4xx_it.o
    0x0800102e   0x00000002   PAD
    0x08001030   0x00000078   Code   RO          671    i.NVIC_Init         misc.o
    0x080010a8   0x00000014   Code   RO          672    i.NVIC_PriorityGroupConfig  misc.o
    0x080010bc   0x00000002   Code   RO          186    i.PendSV_Handler    stm32f4xx_it.o
    0x080010be   0x00000002   PAD
    0x080010c0   0x00000020   Code   RO          944    i.RCC_AHB1PeriphClockCmd  stm32f4xx_rcc.o
    0x080010e0   0x00000020   Code   RO          953    i.RCC_APB1PeriphClockCmd  stm32f4xx_rcc.o
    0x08001100   0x00000020   Code   RO          956    i.RCC_APB2PeriphClockCmd  stm32f4xx_rcc.o
    0x08001120   0x000000e8   Code   RO          965    i.RCC_GetClocksFreq  stm32f4xx_rcc.o
    0x08001208   0x0000004c   Code   RO          479    i.SPI_WriteData     lcd_driver.o
    0x08001254   0x00000002   Code   RO          187    i.SVC_Handler       stm32f4xx_it.o
    0x08001256   0x00000002   PAD
    0x08001258   0x000000ec   Code   RO          278    i.SetSysClock       system_stm32f4xx.o
    0x08001344   0x00000028   Code   RO          675    i.SysTick_CLKSourceConfig  misc.o
    0x0800136c   0x00000002   Code   RO          188    i.SysTick_Handler   stm32f4xx_it.o
    0x0800136e   0x00000002   PAD
    0x08001370   0x00000068   Code   RO          280    i.SystemInit        system_stm32f4xx.o
    0x080013d8   0x00000030   Code   RO          362    i.TIM3_IRQHandler   timer.o
    0x08001408   0x0000005c   Code   RO          363    i.TIM3_Int_Init     timer.o
    0x08001464   0x00000006   Code   RO         1533    i.TIM_ClearITPendingBit  stm32f4xx_tim.o
    0x0800146a   0x00000018   Code   RO         1538    i.TIM_Cmd           stm32f4xx_tim.o
    0x08001482   0x00000006   Code   RO         1557    i.TIM_GetCounter    stm32f4xx_tim.o
    0x08001488   0x00000022   Code   RO         1559    i.TIM_GetITStatus   stm32f4xx_tim.o
    0x080014aa   0x00000012   Code   RO         1563    i.TIM_ITConfig      stm32f4xx_tim.o
    0x080014bc   0x00000004   Code   RO         1604    i.TIM_SetCounter    stm32f4xx_tim.o
    0x080014c0   0x00000084   Code   RO         1610    i.TIM_TimeBaseInit  stm32f4xx_tim.o
    0x08001544   0x00000088   Code   RO          615    i.USART1_IRQHandler  usart.o
    0x080015cc   0x00000012   Code   RO         1334    i.USART_ClearFlag   stm32f4xx_usart.o
    0x080015de   0x00000018   Code   RO         1338    i.USART_Cmd         stm32f4xx_usart.o
    0x080015f6   0x00000054   Code   RO         1342    i.USART_GetITStatus  stm32f4xx_usart.o
    0x0800164a   0x0000004a   Code   RO         1344    i.USART_ITConfig    stm32f4xx_usart.o
    0x08001694   0x000000d4   Code   RO         1345    i.USART_Init        stm32f4xx_usart.o
    0x08001768   0x0000000a   Code   RO         1352    i.USART_ReceiveData  stm32f4xx_usart.o
    0x08001772   0x00000004   Code   RO          189    i.UsageFault_Handler  stm32f4xx_it.o
    0x08001776   0x00000002   PAD
    0x08001778   0x00000028   Code   RO         2413    i.__0sprintf        mc_w.l(printfa.o)
    0x080017a0   0x00000026   Code   RO         2441    i.__ARM_fpclassifyf  m_wm.l(fpclassifyf.o)
    0x080017c6   0x00000002   PAD
    0x080017c8   0x00000150   Code   RO         2151    i.__hardfp_cosf     m_wm.l(cosf.o)
    0x08001918   0x00000190   Code   RO         2163    i.__hardfp_sinf     m_wm.l(sinf.o)
    0x08001aa8   0x00000006   Code   RO         2444    i.__mathlib_flt_infnan  m_wm.l(funder.o)
    0x08001aae   0x00000002   PAD
    0x08001ab0   0x00000010   Code   RO         2446    i.__mathlib_flt_invalid  m_wm.l(funder.o)
    0x08001ac0   0x00000010   Code   RO         2449    i.__mathlib_flt_underflow  m_wm.l(funder.o)
    0x08001ad0   0x00000154   Code   RO         2457    i.__mathlib_rredf2  m_wm.l(rredf.o)
    0x08001c24   0x0000000e   Code   RO         2508    i.__scatterload_copy  mc_w.l(handlers.o)
    0x08001c32   0x00000002   Code   RO         2509    i.__scatterload_null  mc_w.l(handlers.o)
    0x08001c34   0x0000000e   Code   RO         2510    i.__scatterload_zeroinit  mc_w.l(handlers.o)
    0x08001c42   0x00000002   PAD
    0x08001c44   0x0000000c   Code   RO         2480    i.__set_errno       mc_w.l(errno.o)
    0x08001c50   0x00000184   Code   RO         2418    i._fp_digits        mc_w.l(printfa.o)
    0x08001dd4   0x000006dc   Code   RO         2419    i._printf_core      mc_w.l(printfa.o)
    0x080024b0   0x00000024   Code   RO         2420    i._printf_post_padding  mc_w.l(printfa.o)
    0x080024d4   0x0000002e   Code   RO         2421    i._printf_pre_padding  mc_w.l(printfa.o)
    0x08002502   0x0000000a   Code   RO         2423    i._sputc            mc_w.l(printfa.o)
    0x0800250c   0x0000003c   Code   RO          557    i.delay_init        delay.o
    0x08002548   0x00000038   Code   RO          558    i.delay_ms          delay.o
    0x08002580   0x0000004c   Code   RO          560    i.delay_xms         delay.o
    0x080025cc   0x00000240   Code   RO            3    i.main              main.o
    0x0800280c   0x000000e0   Code   RO            4    i.sin_cos_test      main.o
    0x080028ec   0x000000b8   Code   RO          618    i.uart_init         usart.o
    0x080029a4   0x00000eaa   Data   RO          398    .constdata          gui.o
    0x0800384e   0x00000002   PAD
    0x08003850   0x00000410   Data   RO         2085    .constdata          arm_cortexM4lf_math.lib(arm_cos_f32.o)
    0x08003c60   0x0000040c   Data   RO         2132    .constdata          arm_cortexM4lf_math.lib(arm_sin_f32.o)
    0x0800406c   0x00000020   Data   RO         2458    .constdata          m_wm.l(rredf.o)
    0x0800408c   0x00000020   Data   RO         2506    Region$$Table       anon$$obj.o


    Execution Region RW_IRAM1 (Base: 0x20000000, Size: 0x000004f0, Max: 0x00020000, ABSOLUTE)

    Base Addr    Size         Type   Attr      Idx    E Section Name        Object

    0x20000000   0x00000001   Data   RW            5    .data               main.o
    0x20000001   0x00000001   PAD
    0x20000002   0x00000004   Data   RW          561    .data               delay.o
    0x20000006   0x00000002   PAD
    0x20000008   0x00000006   Data   RW          620    .data               usart.o
    0x2000000e   0x00000010   Data   RW          997    .data               stm32f4xx_rcc.o
    0x2000001e   0x00000002   PAD
    0x20000020   0x00000004   Data   RW         2481    .data               mc_w.l(errno.o)
    0x20000024   0x000000c8   Zero   RW          619    .bss                usart.o
    0x200000ec   0x00000004   PAD
    0x200000f0   0x00000400   Zero   RW          662    STACK               startup_stm32f40_41xxx.o


==============================================================================

Image component sizes


      Code (inc. data)   RO Data    RW Data    ZI Data      Debug   Object Name

       192         12          0          4          0       2496   delay.o
       404         10       3754          0          0       2844   gui.o
        84         10          0          0          0        687   key.o
      1118         44          0          0          0       7790   lcd_driver.o
       112          8          0          0          0        703   led.o
       800        140          0          1          0     284696   main.o
       180         24          0          0          0       2609   misc.o
        36          8        392          0       1024        940   startup_stm32f40_41xxx.o
       222          0          0          0          0       3547   stm32f4xx_gpio.o
        26          0          0          0          0       5282   stm32f4xx_it.o
       328         36          0         16          0       5423   stm32f4xx_rcc.o
       224         28          0          0          0       5852   stm32f4xx_tim.o
       422          8          0          0          0       5780   stm32f4xx_usart.o
       340         32          0          0          0       1881   system_stm32f4xx.o
       140         12          0          0          0       1486   timer.o
       320         24          0          6        200       3756   usart.o

    ----------------------------------------------------------------------
      4960        396       4180         32       1228     335772   Object Totals
         0          0         32          0          0          0   (incl. Generated)
        12          0          2          5          4          0   (incl. Padding)

    ----------------------------------------------------------------------

      Code (inc. data)   RO Data    RW Data    ZI Data      Debug   Library Member Name

       216         22       1040          0          0      16570   arm_cos_f32.o
       216         22       1036          0          0       1382   arm_sin_f32.o
       336         56          0          0          0        136   cosf.o
        38          0          0          0          0        116   fpclassifyf.o
        38         12          0          0          0        348   funder.o
       340         24         32          0          0        160   rredf.o
       400         56          0          0          0        212   sinf.o
         0          0          0          0          0          0   entry.o
         0          0          0          0          0          0   entry10a.o
         0          0          0          0          0          0   entry11a.o
         8          4          0          0          0          0   entry2.o
         4          0          0          0          0          0   entry5.o
         0          0          0          0          0          0   entry7b.o
         0          0          0          0          0          0   entry8b.o
         8          4          0          0          0          0   entry9a.o
        12          6          0          4          0         68   errno.o
        30          0          0          0          0          0   handlers.o
        36          8          0          0          0         68   init.o
         0          0          0          0          0          0   iusefp.o
        30          0          0          0          0         68   llshl.o
        36          0          0          0          0         68   llsshr.o
        32          0          0          0          0         68   llushr.o
      2276         86          0          0          0        520   printfa.o
        44          0          0          0          0         80   uidiv.o
        98          0          0          0          0         92   uldiv.o
        48          0          0          0          0         68   cdrcmple.o
       334          0          0          0          0        148   dadd.o
       222          0          0          0          0        100   ddiv.o
       186          0          0          0          0        176   depilogue.o
        48          0          0          0          0         68   dfixul.o
       228          0          0          0          0         96   dmul.o
        38          0          0          0          0         68   f2d.o

    ----------------------------------------------------------------------
      5308        300       2108          4          0      20680   Library Totals
         6          0          0          0          0          0   (incl. Padding)

    ----------------------------------------------------------------------

      Code (inc. data)   RO Data    RW Data    ZI Data      Debug   Library Name

       432         44       2076          0          0      17952   arm_cortexM4lf_math.lib
      1152        148         32          0          0        972   m_wm.l
      2614        108          0          4          0       1032   mc_w.l
      1104          0          0          0          0        724   mf_w.l

    ----------------------------------------------------------------------
      5308        300       2108          4          0      20680   Library Totals

    ----------------------------------------------------------------------

==============================================================================


      Code (inc. data)   RO Data    RW Data    ZI Data      Debug   

     10268        696       6288         36       1228     349824   Grand Totals
     10268        696       6288         36       1228     349824   ELF Image Totals
     10268        696       6288         36          0          0   ROM Totals

==============================================================================

    Total RO  Size (Code + RO Data)                16556 (  16.17kB)
    Total RW  Size (RW Data + ZI Data)              1264 (   1.23kB)
    Total ROM Size (Code + RO Data + RW Data)      16592 (  16.20kB)

==============================================================================

